# run_id=20260919T142913-a100 {'os': 'Linux', 'os_release': '6.6.122+', 'arch': 'x86_64', 'macos': '', 'macos_build': '', 'linux_distro': 'Ubuntu 24.04.1 LTS', 'hw_model': 'Google Compute Engine', 'chip': 'Intel(R) Xeon(R) CPU @ 2.20GHz', 'mem_bytes': 179370467328, 'n_cpu': 12, 'gpu_name': 'NVIDIA A100-SXM4-80GB', 'gpu_mem_bytes': 85899345920, 'gpu_driver': '580.82.07', 'gpu_mem_source': 'nvidia-smi'} worker={'python': '3.12.3', 'torch': '2.14.0+cu130', 'executable': '/root/.cache/uv/builds-v0/.tmpdmqDbM/bin/python', 'cuda': '13.0', 'gpu_name': 'NVIDIA A100-SXM4-80GB', 'gpu_mem_bytes': 85094825984} code=790483c limit=host 100GiB / GPU 72GiB 
# tol = {'fp32': 0.0001}
[   0.1m] probe     bmm/out-512x64x128/fp32/contig/random  B=  4096 s0 full   -> ok             err=5.96e-07 bad=0/4096 wall=8.13s
[   0.2m] probe     bmm/out-512x64x128/fp32/contig/random  B=  7168 s0 sample -> ok             err=4.48e-07 bad=0/266 wall=4.47s
[   0.3m] probe     bmm/out-512x64x128/fp32/contig/random  B= 10240 s0 sample -> ok             err=4.6e-07 bad=0/266 wall=5.2s
[   0.4m] probe     bmm/out-512x64x128/fp32/contig/random  B= 13312 s0 sample -> ok             err=4.99e-07 bad=0/266 wall=5.84s
[   0.5m] probe     bmm/out-512x64x128/fp32/contig/random  B= 16382 s0 sample -> ok             err=5.14e-07 bad=0/266 wall=6.48s
[   0.6m] probe     bmm/out-512x64x128/fp32/contig/random  B= 16383 s0 sample -> ok             err=5.17e-07 bad=0/266 wall=6.54s
[   0.7m] probe     bmm/out-512x64x128/fp32/contig/random  B= 16384 s0 sample -> ok             err=5.17e-07 bad=0/266 wall=6.49s
[   0.8m] probe     bmm/out-512x64x128/fp32/contig/random  B= 16385 s0 sample -> ok             err=4.73e-07 bad=0/266 wall=6.44s
[   0.9m] probe     bmm/out-512x64x128/fp32/contig/random  B= 16386 s0 sample -> ok             err=4.64e-07 bad=0/266 wall=6.68s
[   1.1m] probe     bmm/out-512x64x128/fp32/contig/random  B= 20480 s0 sample -> ok             err=5.17e-07 bad=0/270 wall=7.39s
[   1.2m] probe     bmm/out-512x64x128/fp32/contig/random  B= 24576 s0 sample -> ok             err=4.54e-07 bad=0/270 wall=8.59s
[   1.4m] probe     bmm/out-512x64x128/fp32/contig/random  B= 28672 s0 sample -> ok             err=4.48e-07 bad=0/271 wall=9.23s
[   1.5m] probe     bmm/out-512x64x128/fp32/contig/random  B= 32766 s0 sample -> ok             err=5.17e-07 bad=0/271 wall=10.09s
[   1.7m] probe     bmm/out-512x64x128/fp32/contig/random  B= 32767 s0 sample -> ok             err=5.17e-07 bad=0/271 wall=9.97s
[   1.9m] probe     bmm/out-512x64x128/fp32/contig/random  B= 32768 s0 sample -> ok             err=4.51e-07 bad=0/271 wall=10.23s
[   2.0m] probe     bmm/out-512x64x128/fp32/contig/random  B= 32769 s0 sample -> ok             err=4.64e-07 bad=0/271 wall=10.37s
[   2.2m] probe     bmm/out-512x64x128/fp32/contig/random  B= 32770 s0 sample -> ok             err=4.85e-07 bad=0/271 wall=10.3s
[   2.4m] probe     bmm/out-512x64x128/fp32/contig/random  B= 40960 s0 sample -> ok             err=4.74e-07 bad=0/274 wall=12.01s
[   2.6m] probe     bmm/out-512x64x128/fp32/contig/random  B= 49152 s0 sample -> ok             err=4.43e-07 bad=0/274 wall=14.19s
[   2.9m] probe     bmm/out-512x64x128/fp32/contig/random  B= 57344 s0 sample -> ok             err=4.73e-07 bad=0/281 wall=15.72s
[   3.2m] probe     bmm/out-512x64x128/fp32/contig/random  B= 65534 s0 sample -> ok             err=4.51e-07 bad=0/281 wall=17.68s
[   3.5m] probe     bmm/out-512x64x128/fp32/contig/random  B= 65535 s0 sample -> ok             err=4.49e-07 bad=0/281 wall=17.38s
[   3.8m] probe     bmm/out-512x64x128/fp32/contig/random  B= 65536 s0 sample -> ok             err=4.87e-07 bad=0/281 wall=17.47s
[   4.1m] probe     bmm/out-512x64x128/fp32/contig/random  B= 65537 s0 sample -> ok             err=4.44e-07 bad=0/281 wall=17.28s
[   4.4m] probe     bmm/out-512x64x128/fp32/contig/random  B= 65538 s0 sample -> ok             err=6.47e-07 bad=0/281 wall=17.5s
[   4.5m] probe     bmm/out-512x64x128/fp32/bT/random      B=  4096 s0 full   -> ok             err=5.96e-07 bad=0/4096 wall=7.84s
[   4.6m] probe     bmm/out-512x64x128/fp32/bT/random      B=  7168 s0 sample -> ok             err=4.48e-07 bad=0/266 wall=4.46s
[   4.7m] probe     bmm/out-512x64x128/fp32/bT/random      B= 10240 s0 sample -> ok             err=4.6e-07 bad=0/266 wall=5.4s
[   4.8m] probe     bmm/out-512x64x128/fp32/bT/random      B= 13312 s0 sample -> ok             err=4.99e-07 bad=0/266 wall=5.88s
[   4.9m] probe     bmm/out-512x64x128/fp32/bT/random      B= 16382 s0 sample -> ok             err=5.14e-07 bad=0/266 wall=6.89s
[   5.0m] probe     bmm/out-512x64x128/fp32/bT/random      B= 16383 s0 sample -> ok             err=5.17e-07 bad=0/266 wall=6.55s
[   5.1m] probe     bmm/out-512x64x128/fp32/bT/random      B= 16384 s0 sample -> ok             err=5.17e-07 bad=0/266 wall=6.83s
[   5.2m] probe     bmm/out-512x64x128/fp32/bT/random      B= 16385 s0 sample -> ok             err=4.73e-07 bad=0/266 wall=6.58s
[   5.3m] probe     bmm/out-512x64x128/fp32/bT/random      B= 16386 s0 sample -> ok             err=4.64e-07 bad=0/266 wall=6.6s
[   5.4m] probe     bmm/out-512x64x128/fp32/bT/random      B= 20480 s0 sample -> ok             err=5.17e-07 bad=0/270 wall=7.7s
[   5.6m] probe     bmm/out-512x64x128/fp32/bT/random      B= 24576 s0 sample -> ok             err=4.54e-07 bad=0/270 wall=8.29s
[   5.7m] probe     bmm/out-512x64x128/fp32/bT/random      B= 28672 s0 sample -> ok             err=4.48e-07 bad=0/271 wall=9.43s
[   5.9m] probe     bmm/out-512x64x128/fp32/bT/random      B= 32766 s0 sample -> ok             err=5.17e-07 bad=0/271 wall=10.49s
[   6.1m] probe     bmm/out-512x64x128/fp32/bT/random      B= 32767 s0 sample -> ok             err=5.17e-07 bad=0/271 wall=10.61s
[   6.3m] probe     bmm/out-512x64x128/fp32/bT/random      B= 32768 s0 sample -> ok             err=4.51e-07 bad=0/271 wall=10.36s
[   6.4m] probe     bmm/out-512x64x128/fp32/bT/random      B= 32769 s0 sample -> ok             err=4.64e-07 bad=0/271 wall=10.18s
[   6.6m] probe     bmm/out-512x64x128/fp32/bT/random      B= 32770 s0 sample -> ok             err=4.85e-07 bad=0/271 wall=10.39s
[   6.8m] probe     bmm/out-512x64x128/fp32/bT/random      B= 40960 s0 sample -> ok             err=4.74e-07 bad=0/274 wall=12.25s
[   7.0m] probe     bmm/out-512x64x128/fp32/bT/random      B= 49152 s0 sample -> ok             err=4.43e-07 bad=0/274 wall=14.22s
[   7.3m] probe     bmm/out-512x64x128/fp32/bT/random      B= 57344 s0 sample -> ok             err=4.73e-07 bad=0/281 wall=16.04s
[   7.6m] probe     bmm/out-512x64x128/fp32/bT/random      B= 65534 s0 sample -> ok             err=4.51e-07 bad=0/281 wall=17.8s
[   7.9m] probe     bmm/out-512x64x128/fp32/bT/random      B= 65535 s0 sample -> ok             err=4.49e-07 bad=0/281 wall=18.19s
[   8.2m] probe     bmm/out-512x64x128/fp32/bT/random      B= 65536 s0 sample -> ok             err=4.87e-07 bad=0/281 wall=17.94s
[   8.5m] probe     bmm/out-512x64x128/fp32/bT/random      B= 65537 s0 sample -> ok             err=4.44e-07 bad=0/281 wall=18.02s
[   8.8m] probe     bmm/out-512x64x128/fp32/bT/random      B= 65538 s0 sample -> ok             err=6.47e-07 bad=0/281 wall=18.0s
[  10.3m] final     bmm/out-512x64x128/fp32/contig/random  B= 65538 s0 full   -> ok             err=6.47e-07 bad=0/65538 wall=90.26s
[  11.8m] final     bmm/out-512x64x128/fp32/contig/random  B= 65538 s1 full   -> ok             err=7.23e-07 bad=0/65538 wall=90.63s
[  13.3m] final     bmm/out-512x64x128/fp32/contig/random  B= 65538 s2 full   -> ok             err=6.33e-07 bad=0/65538 wall=90.95s
[  14.9m] final     bmm/out-512x64x128/fp32/bT/random      B= 65538 s0 full   -> ok             err=6.47e-07 bad=0/65538 wall=90.82s
[  16.4m] final     bmm/out-512x64x128/fp32/bT/random      B= 65538 s1 full   -> ok             err=7.23e-07 bad=0/65538 wall=91.13s
[  17.9m] final     bmm/out-512x64x128/fp32/bT/random      B= 65538 s2 full   -> ok             err=6.33e-07 bad=0/65538 wall=91.62s
# 新規 56 実行, 17.9 分。W&B の送信完了を待つ
-> /content/mb/results/summary/a100/20260919T142913-a100.md
