Downloading numpy (15.9MiB)
Downloading pydantic-core (2.0MiB)
Downloading wandb (24.9MiB)
 Downloaded pydantic-core
 Downloaded numpy
 Downloaded wandb
Installed 25 packages in 24ms
wandb: [wandb.login()] Loaded credentials for https://api.wandb.ai from /root/.netrc.
# run_id=20260921T102205-a100 {'os': 'Linux', 'os_release': '6.6.122+', 'arch': 'x86_64', 'macos': '', 'macos_build': '', 'linux_distro': 'Ubuntu 24.04.1 LTS', 'hw_model': 'Google Compute Engine', 'chip': 'Intel(R) Xeon(R) CPU @ 2.20GHz', 'mem_bytes': 179370467328, 'n_cpu': 12, 'gpu_name': 'NVIDIA A100-SXM4-80GB', 'gpu_mem_bytes': 85899345920, 'gpu_driver': '580.82.07', 'gpu_mem_source': 'nvidia-smi'} worker={'python': '3.12.3', 'torch': '2.14.0+cu130', 'executable': '/root/.cache/uv/builds-v0/.tmpG4OyLO/bin/python', 'cuda': '13.0', 'gpu_name': 'NVIDIA A100-SXM4-80GB', 'gpu_mem_bytes': 85094825984} code=f37baf4 limit=host 100GiB / GPU 72GiB  wandb=(private)
[   0.3m] calibrate bmm_bwd/in-256x256x64/fp32/contig/random B=  4096 s0 full   -> ok             err=1.13e-06 bad=0/4096 wall=14.64s
[   0.5m] calibrate bmm_bwd/in-256x256x64/fp32/contig/random B=  4096 s1 full   -> ok             err=1.15e-06 bad=0/4096 wall=12.55s
[   0.7m] calibrate bmm_bwd/in-256x256x64/fp32/contig/random B=  4096 s2 full   -> ok             err=1.23e-06 bad=0/4096 wall=12.45s
# tol = {'fp32': 1.2261421649489541e-05}
[   0.9m] probe     bmm_bwd/in-256x256x64/fp32/contig/random B=  4096 s0 full   -> ok             err=1.13e-06 bad=0/4096 wall=12.52s
[   1.0m] probe     bmm_bwd/in-256x256x64/fp32/contig/random B=  5632 s0 sample -> ok             err=1.23e-06 bad=0/266 wall=6.6s
[   1.2m] probe     bmm_bwd/in-256x256x64/fp32/contig/random B=  7168 s0 sample -> ok             err=1.03e-06 bad=0/266 wall=7.06s
[   1.3m] probe     bmm_bwd/in-256x256x64/fp32/contig/random B=  8704 s0 sample -> ok             err=9.72e-07 bad=0/266 wall=7.81s
[   1.4m] probe     bmm_bwd/in-256x256x64/fp32/contig/random B= 10240 s0 sample -> ok             err=9.87e-07 bad=0/266 wall=8.29s
[   1.6m] probe     bmm_bwd/in-256x256x64/fp32/contig/random B= 11776 s0 sample -> ok             err=9.61e-07 bad=0/266 wall=9.1s
[   1.7m] probe     bmm_bwd/in-256x256x64/fp32/contig/random B= 13312 s0 sample -> ok             err=9.95e-07 bad=0/266 wall=9.98s
[   1.9m] probe     bmm_bwd/in-256x256x64/fp32/contig/random B= 14848 s0 sample -> ok             err=9.95e-07 bad=0/266 wall=10.62s
[   2.1m] probe     bmm_bwd/in-256x256x64/fp32/contig/random B= 16382 s0 sample -> ok             err=8.69e-07 bad=0/266 wall=11.24s
[   2.3m] probe     bmm_bwd/in-256x256x64/fp32/contig/random B= 16383 s0 sample -> ok             err=9.4e-07 bad=0/266 wall=11.04s
[   2.5m] probe     bmm_bwd/in-256x256x64/fp32/contig/random B= 16384 s0 sample -> ok             err=9.4e-07 bad=0/266 wall=11.03s
[   2.7m] probe     bmm_bwd/in-256x256x64/fp32/contig/random B= 16385 s0 sample -> ok             err=9.1e-07 bad=0/266 wall=11.16s
[   2.9m] probe     bmm_bwd/in-256x256x64/fp32/contig/random B= 16386 s0 sample -> ok             err=8.95e-07 bad=0/266 wall=11.48s
[   3.1m] probe     bmm_bwd/in-256x256x64/fp32/contig/random B= 18432 s0 sample -> ok             err=1.02e-06 bad=0/271 wall=12.41s
[   3.3m] probe     bmm_bwd/in-256x256x64/fp32/contig/random B= 20480 s0 sample -> ok             err=1.02e-06 bad=0/270 wall=13.25s
[   3.5m] probe     bmm_bwd/in-256x256x64/fp32/contig/random B= 22528 s0 sample -> ok             err=9.93e-07 bad=0/271 wall=14.1s
[   3.8m] probe     bmm_bwd/in-256x256x64/fp32/contig/random B= 24576 s0 sample -> ok             err=1e-06 bad=0/270 wall=14.95s
[   4.0m] probe     bmm_bwd/in-256x256x64/fp32/contig/random B= 26624 s0 sample -> ok             err=9.87e-07 bad=0/271 wall=15.83s
[   4.3m] probe     bmm_bwd/in-256x256x64/fp32/contig/random B= 28672 s0 sample -> ok             err=1.07e-06 bad=0/271 wall=16.69s
[   4.6m] probe     bmm_bwd/in-256x256x64/fp32/contig/random B= 30720 s0 sample -> ok             err=9.87e-07 bad=0/270 wall=17.72s
[   4.9m] probe     bmm_bwd/in-256x256x64/fp32/contig/random B= 32766 s0 sample -> ok             err=9.85e-07 bad=0/271 wall=18.72s
[   5.2m] probe     bmm_bwd/in-256x256x64/fp32/contig/random B= 32767 s0 sample -> ok             err=1e-06 bad=0/271 wall=18.43s
[   5.5m] probe     bmm_bwd/in-256x256x64/fp32/contig/random B= 32768 s0 sample -> ok             err=1e-06 bad=0/271 wall=19.18s
[   5.9m] probe     bmm_bwd/in-256x256x64/fp32/contig/random B= 32769 s0 sample -> ok             err=9.56e-07 bad=0/271 wall=18.59s
[   6.2m] probe     bmm_bwd/in-256x256x64/fp32/contig/random B= 32770 s0 sample -> ok             err=9.16e-07 bad=0/271 wall=18.95s
[   6.5m] probe     bmm_bwd/in-256x256x64/fp32/contig/random B= 36864 s0 sample -> ok             err=9.25e-07 bad=0/276 wall=20.25s
[   6.9m] probe     bmm_bwd/in-256x256x64/fp32/contig/random B= 40960 s0 sample -> ok             err=1.02e-06 bad=0/274 wall=22.34s
[   7.3m] probe     bmm_bwd/in-256x256x64/fp32/contig/random B= 45056 s0 sample -> ok             err=9.4e-07 bad=0/276 wall=24.43s
[   7.7m] probe     bmm_bwd/in-256x256x64/fp32/contig/random B= 49152 s0 sample -> ok             err=1.27e-06 bad=0/274 wall=26.12s
[   8.2m] probe     bmm_bwd/in-256x256x64/fp32/contig/random B= 53248 s0 sample -> ok             err=9.23e-07 bad=0/281 wall=27.59s
[   8.7m] probe     bmm_bwd/in-256x256x64/fp32/contig/random B= 57344 s0 sample -> ok             err=9.13e-07 bad=0/281 wall=29.54s
[   9.2m] probe     bmm_bwd/in-256x256x64/fp32/contig/random B= 61440 s0 sample -> ok             err=1.06e-06 bad=0/278 wall=31.66s
[   9.8m] probe     bmm_bwd/in-256x256x64/fp32/contig/random B= 65534 s0 sample -> ok             err=1.04e-06 bad=0/281 wall=33.54s
[  10.3m] probe     bmm_bwd/in-256x256x64/fp32/contig/random B= 65535 s0 sample -> ok             err=1.04e-06 bad=0/281 wall=33.52s
[  10.9m] probe     bmm_bwd/in-256x256x64/fp32/contig/random B= 65536 s0 sample -> ok             err=1.27e-06 bad=0/281 wall=34.39s
[  11.4m] probe     bmm_bwd/in-256x256x64/fp32/contig/random B= 65537 s0 sample -> ok             err=9.1e-07 bad=0/281 wall=33.25s
[  12.0m] probe     bmm_bwd/in-256x256x64/fp32/contig/random B= 65538 s0 sample -> ok             err=9.16e-07 bad=0/281 wall=33.46s
[  12.2m] probe     bmm_bwd/in-256x256x64/fp32/bT/random   B=  4096 s0 full   -> ok             err=1.13e-06 bad=0/4096 wall=12.76s
[  12.3m] probe     bmm_bwd/in-256x256x64/fp32/bT/random   B=  5632 s0 sample -> ok             err=1.23e-06 bad=0/266 wall=6.63s
[  12.4m] probe     bmm_bwd/in-256x256x64/fp32/bT/random   B=  7168 s0 sample -> ok             err=1.03e-06 bad=0/266 wall=7.12s
[  12.6m] probe     bmm_bwd/in-256x256x64/fp32/bT/random   B=  8704 s0 sample -> ok             err=9.72e-07 bad=0/266 wall=8.11s
[  12.7m] probe     bmm_bwd/in-256x256x64/fp32/bT/random   B= 10240 s0 sample -> ok             err=9.87e-07 bad=0/266 wall=8.53s
[  12.9m] probe     bmm_bwd/in-256x256x64/fp32/bT/random   B= 11776 s0 sample -> ok             err=9.61e-07 bad=0/266 wall=9.33s
[  13.1m] probe     bmm_bwd/in-256x256x64/fp32/bT/random   B= 13312 s0 sample -> ok             err=9.95e-07 bad=0/266 wall=10.33s
[  13.2m] probe     bmm_bwd/in-256x256x64/fp32/bT/random   B= 14848 s0 sample -> ok             err=9.95e-07 bad=0/266 wall=10.84s
[  13.4m] probe     bmm_bwd/in-256x256x64/fp32/bT/random   B= 16382 s0 sample -> ok             err=8.69e-07 bad=0/266 wall=11.46s
[  13.6m] probe     bmm_bwd/in-256x256x64/fp32/bT/random   B= 16383 s0 sample -> ok             err=9.4e-07 bad=0/266 wall=11.36s
[  13.8m] probe     bmm_bwd/in-256x256x64/fp32/bT/random   B= 16384 s0 sample -> ok             err=9.4e-07 bad=0/266 wall=11.42s
[  14.0m] probe     bmm_bwd/in-256x256x64/fp32/bT/random   B= 16385 s0 sample -> ok             err=9.1e-07 bad=0/266 wall=11.25s
[  14.2m] probe     bmm_bwd/in-256x256x64/fp32/bT/random   B= 16386 s0 sample -> ok             err=8.95e-07 bad=0/266 wall=11.34s
[  14.4m] probe     bmm_bwd/in-256x256x64/fp32/bT/random   B= 18432 s0 sample -> ok             err=1.02e-06 bad=0/271 wall=12.58s
[  14.6m] probe     bmm_bwd/in-256x256x64/fp32/bT/random   B= 20480 s0 sample -> ok             err=1.02e-06 bad=0/270 wall=13.37s
[  14.9m] probe     bmm_bwd/in-256x256x64/fp32/bT/random   B= 22528 s0 sample -> ok             err=9.93e-07 bad=0/271 wall=14.42s
[  15.1m] probe     bmm_bwd/in-256x256x64/fp32/bT/random   B= 24576 s0 sample -> ok             err=1e-06 bad=0/270 wall=15.17s
[  15.4m] probe     bmm_bwd/in-256x256x64/fp32/bT/random   B= 26624 s0 sample -> ok             err=9.87e-07 bad=0/271 wall=16.22s
[  15.7m] probe     bmm_bwd/in-256x256x64/fp32/bT/random   B= 28672 s0 sample -> ok             err=1.07e-06 bad=0/271 wall=17.15s
[  16.0m] probe     bmm_bwd/in-256x256x64/fp32/bT/random   B= 30720 s0 sample -> ok             err=9.87e-07 bad=0/270 wall=18.59s
[  16.3m] probe     bmm_bwd/in-256x256x64/fp32/bT/random   B= 32766 s0 sample -> ok             err=9.85e-07 bad=0/271 wall=19.15s
[  16.6m] probe     bmm_bwd/in-256x256x64/fp32/bT/random   B= 32767 s0 sample -> ok             err=1e-06 bad=0/271 wall=19.19s
[  16.9m] probe     bmm_bwd/in-256x256x64/fp32/bT/random   B= 32768 s0 sample -> ok             err=1e-06 bad=0/271 wall=19.06s
[  17.3m] probe     bmm_bwd/in-256x256x64/fp32/bT/random   B= 32769 s0 sample -> ok             err=9.56e-07 bad=0/271 wall=19.34s
[  17.6m] probe     bmm_bwd/in-256x256x64/fp32/bT/random   B= 32770 s0 sample -> ok             err=9.16e-07 bad=0/271 wall=18.95s
[  17.9m] probe     bmm_bwd/in-256x256x64/fp32/bT/random   B= 36864 s0 sample -> ok             err=9.25e-07 bad=0/276 wall=21.3s
[  18.3m] probe     bmm_bwd/in-256x256x64/fp32/bT/random   B= 40960 s0 sample -> ok             err=1.02e-06 bad=0/274 wall=22.91s
[  18.7m] probe     bmm_bwd/in-256x256x64/fp32/bT/random   B= 45056 s0 sample -> ok             err=9.4e-07 bad=0/276 wall=24.92s
[  19.2m] probe     bmm_bwd/in-256x256x64/fp32/bT/random   B= 49152 s0 sample -> ok             err=1.27e-06 bad=0/274 wall=26.77s
[  19.6m] probe     bmm_bwd/in-256x256x64/fp32/bT/random   B= 53248 s0 sample -> ok             err=9.23e-07 bad=0/281 wall=28.42s
[  20.2m] probe     bmm_bwd/in-256x256x64/fp32/bT/random   B= 57344 s0 sample -> ok             err=9.13e-07 bad=0/281 wall=30.42s
[  20.7m] probe     bmm_bwd/in-256x256x64/fp32/bT/random   B= 61440 s0 sample -> ok             err=1.06e-06 bad=0/278 wall=32.68s
[  21.3m] probe     bmm_bwd/in-256x256x64/fp32/bT/random   B= 65534 s0 sample -> ok             err=1.04e-06 bad=0/281 wall=34.63s
[  21.8m] probe     bmm_bwd/in-256x256x64/fp32/bT/random   B= 65535 s0 sample -> ok             err=1.04e-06 bad=0/281 wall=34.06s
[  22.4m] probe     bmm_bwd/in-256x256x64/fp32/bT/random   B= 65536 s0 sample -> ok             err=1.27e-06 bad=0/281 wall=34.45s
[  23.0m] probe     bmm_bwd/in-256x256x64/fp32/bT/random   B= 65537 s0 sample -> ok             err=9.1e-07 bad=0/281 wall=34.35s
[  23.6m] probe     bmm_bwd/in-256x256x64/fp32/bT/random   B= 65538 s0 sample -> ok             err=9.16e-07 bad=0/281 wall=34.03s
[  26.1m] final     bmm_bwd/in-256x256x64/fp32/contig/random B= 65538 s0 full   -> ok             err=1.32e-06 bad=0/65538 wall=153.14s
[  28.7m] final     bmm_bwd/in-256x256x64/fp32/contig/random B= 65538 s1 full   -> ok             err=1.5e-06 bad=0/65538 wall=153.42s
[  31.2m] final     bmm_bwd/in-256x256x64/fp32/contig/random B= 65538 s2 full   -> ok             err=1.42e-06 bad=0/65538 wall=152.79s
[  33.8m] final     bmm_bwd/in-256x256x64/fp32/bT/random   B= 65538 s0 full   -> ok             err=1.32e-06 bad=0/65538 wall=154.34s
[  36.4m] final     bmm_bwd/in-256x256x64/fp32/bT/random   B= 65538 s1 full   -> ok             err=1.5e-06 bad=0/65538 wall=154.24s
[  38.9m] final     bmm_bwd/in-256x256x64/fp32/bT/random   B= 65538 s2 full   -> ok             err=1.42e-06 bad=0/65538 wall=154.1s
# 新規 83 実行, 38.9 分。W&B の送信完了を待つ
-> /content/mb/results/summary/a100/20260921T102205-a100.md
