Downloading pydantic-core (2.0MiB)
Downloading numpy (15.9MiB)
Downloading wandb (24.9MiB)
 Downloaded pydantic-core
 Downloaded numpy
 Downloaded wandb
Installed 25 packages in 23ms
wandb: [wandb.login()] Loaded credentials for https://api.wandb.ai from /root/.netrc.
# run_id=20260921T065103-a100 {'os': 'Linux', 'os_release': '6.6.122+', 'arch': 'x86_64', 'macos': '', 'macos_build': '', 'linux_distro': 'Ubuntu 24.04.1 LTS', 'hw_model': 'Google Compute Engine', 'chip': 'Intel(R) Xeon(R) CPU @ 2.20GHz', 'mem_bytes': 179370467328, 'n_cpu': 12, 'gpu_name': 'NVIDIA A100-SXM4-80GB', 'gpu_mem_bytes': 85899345920, 'gpu_driver': '580.82.07', 'gpu_mem_source': 'nvidia-smi'} worker={'python': '3.12.3', 'torch': '2.14.0+cu130', 'executable': '/root/.cache/uv/builds-v0/.tmpVb1Mqd/bin/python', 'cuda': '13.0', 'gpu_name': 'NVIDIA A100-SXM4-80GB', 'gpu_mem_bytes': 85094825984} code=8a89a4a limit=host 100GiB / GPU 72GiB  wandb=(private)
[   0.2m] calibrate bmm/in-256x256x64/fp32/contig/random   B=  4096 s0 full   -> ok             err=1.05e-06 bad=0/4096 wall=6.51s
[   0.3m] calibrate bmm/in-256x256x64/fp32/contig/random   B=  4096 s1 full   -> ok             err=1.15e-06 bad=0/4096 wall=6.72s
[   0.4m] calibrate bmm/in-256x256x64/fp32/contig/random   B=  4096 s2 full   -> ok             err=1.23e-06 bad=0/4096 wall=6.3s
# tol = {'fp32': 1.2261421649489541e-05}
[   0.5m] probe     bmm/in-256x256x64/fp32/aT/random       B=  4096 s0 full   -> ok             err=1.05e-06 bad=0/4096 wall=6.76s
[   0.6m] probe     bmm/in-256x256x64/fp32/aT/random       B=  5632 s0 sample -> ok             err=1.23e-06 bad=0/266 wall=5.29s
[   0.7m] probe     bmm/in-256x256x64/fp32/aT/random       B=  7168 s0 sample -> ok             err=1.03e-06 bad=0/266 wall=6.25s
[   0.8m] probe     bmm/in-256x256x64/fp32/aT/random       B=  8704 s0 sample -> ok             err=9.72e-07 bad=0/266 wall=6.38s
[   0.9m] probe     bmm/in-256x256x64/fp32/aT/random       B= 10240 s0 sample -> ok             err=9.87e-07 bad=0/266 wall=7.31s
[   1.0m] probe     bmm/in-256x256x64/fp32/aT/random       B= 11776 s0 sample -> ok             err=9.61e-07 bad=0/266 wall=7.53s
[   1.2m] probe     bmm/in-256x256x64/fp32/aT/random       B= 13312 s0 sample -> ok             err=9.87e-07 bad=0/266 wall=8.24s
[   1.3m] probe     bmm/in-256x256x64/fp32/aT/random       B= 14848 s0 sample -> ok             err=9.6e-07 bad=0/266 wall=9.1s
[   1.5m] probe     bmm/in-256x256x64/fp32/aT/random       B= 16382 s0 sample -> ok             err=8.67e-07 bad=0/266 wall=9.25s
[   1.6m] probe     bmm/in-256x256x64/fp32/aT/random       B= 16383 s0 sample -> ok             err=9.4e-07 bad=0/266 wall=9.32s
[   1.8m] probe     bmm/in-256x256x64/fp32/aT/random       B= 16384 s0 sample -> ok             err=9.4e-07 bad=0/266 wall=9.73s
[   2.0m] probe     bmm/in-256x256x64/fp32/aT/random       B= 16385 s0 sample -> ok             err=9.1e-07 bad=0/266 wall=9.68s
[   2.1m] probe     bmm/in-256x256x64/fp32/aT/random       B= 16386 s0 sample -> ok             err=8.05e-07 bad=0/266 wall=9.34s
[   2.3m] probe     bmm/in-256x256x64/fp32/aT/random       B= 18432 s0 sample -> ok             err=9.87e-07 bad=0/271 wall=10.04s
[   2.5m] probe     bmm/in-256x256x64/fp32/aT/random       B= 20480 s0 sample -> ok             err=9.4e-07 bad=0/270 wall=11.01s
[   2.7m] probe     bmm/in-256x256x64/fp32/aT/random       B= 22528 s0 sample -> ok             err=8.91e-07 bad=0/271 wall=11.91s
[   2.9m] probe     bmm/in-256x256x64/fp32/aT/random       B= 24576 s0 sample -> ok             err=9.37e-07 bad=0/270 wall=12.78s
[   3.1m] probe     bmm/in-256x256x64/fp32/aT/random       B= 26624 s0 sample -> ok             err=9.87e-07 bad=0/271 wall=13.63s
[   3.4m] probe     bmm/in-256x256x64/fp32/aT/random       B= 28672 s0 sample -> ok             err=9.62e-07 bad=0/271 wall=14.3s
[   3.6m] probe     bmm/in-256x256x64/fp32/aT/random       B= 30720 s0 sample -> ok             err=9.87e-07 bad=0/270 wall=15.14s
[   3.9m] probe     bmm/in-256x256x64/fp32/aT/random       B= 32766 s0 sample -> ok             err=9.85e-07 bad=0/271 wall=15.69s
[   4.1m] probe     bmm/in-256x256x64/fp32/aT/random       B= 32767 s0 sample -> ok             err=8.67e-07 bad=0/271 wall=15.53s
[   4.4m] probe     bmm/in-256x256x64/fp32/aT/random       B= 32768 s0 sample -> ok             err=9.1e-07 bad=0/271 wall=15.65s
[   4.7m] probe     bmm/in-256x256x64/fp32/aT/random       B= 32769 s0 sample -> ok             err=9.56e-07 bad=0/271 wall=15.98s
[   4.9m] probe     bmm/in-256x256x64/fp32/aT/random       B= 32770 s0 sample -> ok             err=8.08e-07 bad=0/271 wall=15.92s
[   5.2m] probe     bmm/in-256x256x64/fp32/aT/random       B= 36864 s0 sample -> ok             err=8.91e-07 bad=0/276 wall=17.53s
[   5.5m] probe     bmm/in-256x256x64/fp32/aT/random       B= 40960 s0 sample -> ok             err=9.37e-07 bad=0/274 wall=19.15s
[   5.9m] probe     bmm/in-256x256x64/fp32/aT/random       B= 45056 s0 sample -> ok             err=8.82e-07 bad=0/276 wall=20.53s
[   6.2m] probe     bmm/in-256x256x64/fp32/aT/random       B= 49152 s0 sample -> ok             err=1.27e-06 bad=0/274 wall=22.41s
[   6.6m] probe     bmm/in-256x256x64/fp32/aT/random       B= 53248 s0 sample -> ok             err=8.54e-07 bad=0/281 wall=23.82s
[   7.1m] probe     bmm/in-256x256x64/fp32/aT/random       B= 57344 s0 sample -> ok             err=9.13e-07 bad=0/281 wall=25.4s
[   7.5m] probe     bmm/in-256x256x64/fp32/aT/random       B= 61440 s0 sample -> ok             err=9.37e-07 bad=0/278 wall=27.33s
[   8.0m] probe     bmm/in-256x256x64/fp32/aT/random       B= 65534 s0 sample -> ok             err=9.74e-07 bad=0/281 wall=28.7s
[   8.5m] probe     bmm/in-256x256x64/fp32/aT/random       B= 65535 s0 sample -> ok             err=9.74e-07 bad=0/281 wall=28.65s
[   9.0m] probe     bmm/in-256x256x64/fp32/aT/random       B= 65536 s0 sample -> ok             err=1.27e-06 bad=0/281 wall=28.81s
[   9.4m] probe     bmm/in-256x256x64/fp32/aT/random       B= 65537 s0 sample -> ok             err=9.1e-07 bad=0/281 wall=28.72s
[   9.9m] probe     bmm/in-256x256x64/fp32/aT/random       B= 65538 s0 sample -> ok             err=9.1e-07 bad=0/281 wall=28.5s
[  10.0m] probe     bmm/in-256x256x64/fp32/slice/random    B=  4096 s0 full   -> ok             err=1.05e-06 bad=0/4096 wall=6.6s
[  10.1m] probe     bmm/in-256x256x64/fp32/slice/random    B=  5632 s0 sample -> ok             err=1.23e-06 bad=0/266 wall=5.07s
[  10.2m] probe     bmm/in-256x256x64/fp32/slice/random    B=  7168 s0 sample -> ok             err=1.03e-06 bad=0/266 wall=5.54s
[  10.3m] probe     bmm/in-256x256x64/fp32/slice/random    B=  8704 s0 sample -> ok             err=9.72e-07 bad=0/266 wall=6.32s
[  10.4m] probe     bmm/in-256x256x64/fp32/slice/random    B= 10240 s0 sample -> ok             err=9.87e-07 bad=0/266 wall=6.43s
[  10.5m] probe     bmm/in-256x256x64/fp32/slice/random    B= 11776 s0 sample -> ok             err=9.61e-07 bad=0/266 wall=7.17s
[  10.7m] probe     bmm/in-256x256x64/fp32/slice/random    B= 13312 s0 sample -> ok             err=9.87e-07 bad=0/266 wall=7.74s
[  10.8m] probe     bmm/in-256x256x64/fp32/slice/random    B= 14848 s0 sample -> ok             err=9.6e-07 bad=0/266 wall=8.17s
[  10.9m] probe     bmm/in-256x256x64/fp32/slice/random    B= 16382 s0 sample -> ok             err=8.67e-07 bad=0/266 wall=8.99s
[  11.1m] probe     bmm/in-256x256x64/fp32/slice/random    B= 16383 s0 sample -> ok             err=9.4e-07 bad=0/266 wall=8.83s
[  11.3m] probe     bmm/in-256x256x64/fp32/slice/random    B= 16384 s0 sample -> ok             err=9.4e-07 bad=0/266 wall=8.76s
[  11.4m] probe     bmm/in-256x256x64/fp32/slice/random    B= 16385 s0 sample -> ok             err=9.1e-07 bad=0/266 wall=9.01s
[  11.6m] probe     bmm/in-256x256x64/fp32/slice/random    B= 16386 s0 sample -> ok             err=8.05e-07 bad=0/266 wall=8.97s
[  11.7m] probe     bmm/in-256x256x64/fp32/slice/random    B= 18432 s0 sample -> ok             err=9.87e-07 bad=0/271 wall=9.1s
[  11.9m] probe     bmm/in-256x256x64/fp32/slice/random    B= 20480 s0 sample -> ok             err=9.4e-07 bad=0/270 wall=9.98s
[  12.1m] probe     bmm/in-256x256x64/fp32/slice/random    B= 22528 s0 sample -> ok             err=8.91e-07 bad=0/271 wall=10.96s
[  12.2m] probe     bmm/in-256x256x64/fp32/slice/random    B= 24576 s0 sample -> ok             err=9.37e-07 bad=0/270 wall=11.65s
[  12.5m] probe     bmm/in-256x256x64/fp32/slice/random    B= 26624 s0 sample -> ok             err=9.87e-07 bad=0/271 wall=12.26s
[  12.7m] probe     bmm/in-256x256x64/fp32/slice/random    B= 28672 s0 sample -> ok             err=9.62e-07 bad=0/271 wall=13.19s
[  12.9m] probe     bmm/in-256x256x64/fp32/slice/random    B= 30720 s0 sample -> ok             err=9.87e-07 bad=0/270 wall=13.68s
[  13.1m] probe     bmm/in-256x256x64/fp32/slice/random    B= 32766 s0 sample -> ok             err=9.85e-07 bad=0/271 wall=14.41s
[  13.4m] probe     bmm/in-256x256x64/fp32/slice/random    B= 32767 s0 sample -> ok             err=8.67e-07 bad=0/271 wall=14.54s
[  13.6m] probe     bmm/in-256x256x64/fp32/slice/random    B= 32768 s0 sample -> ok             err=9.1e-07 bad=0/271 wall=14.27s
[  13.9m] probe     bmm/in-256x256x64/fp32/slice/random    B= 32769 s0 sample -> ok             err=9.56e-07 bad=0/271 wall=14.18s
[  14.1m] probe     bmm/in-256x256x64/fp32/slice/random    B= 32770 s0 sample -> ok             err=8.08e-07 bad=0/271 wall=14.28s
[  14.4m] probe     bmm/in-256x256x64/fp32/slice/random    B= 36864 s0 sample -> ok             err=8.91e-07 bad=0/276 wall=15.79s
[  14.6m] probe     bmm/in-256x256x64/fp32/slice/random    B= 40960 s0 sample -> ok             err=9.37e-07 bad=0/274 wall=17.27s
[  15.0m] probe     bmm/in-256x256x64/fp32/slice/random    B= 45056 s0 sample -> ok             err=8.82e-07 bad=0/276 wall=18.69s
[  15.3m] probe     bmm/in-256x256x64/fp32/slice/random    B= 49152 s0 sample -> ok             err=1.27e-06 bad=0/274 wall=19.94s
[  15.6m] probe     bmm/in-256x256x64/fp32/slice/random    B= 53248 s0 sample -> ok             err=8.54e-07 bad=0/281 wall=21.42s
[  16.0m] probe     bmm/in-256x256x64/fp32/slice/random    B= 57344 s0 sample -> ok             err=9.13e-07 bad=0/281 wall=23.11s
[  16.4m] probe     bmm/in-256x256x64/fp32/slice/random    B= 61440 s0 sample -> ok             err=9.37e-07 bad=0/278 wall=23.88s
[  16.9m] probe     bmm/in-256x256x64/fp32/slice/random    B= 65534 s0 sample -> ok             err=9.74e-07 bad=0/281 wall=25.52s
[  17.3m] probe     bmm/in-256x256x64/fp32/slice/random    B= 65535 s0 sample -> ok             err=9.74e-07 bad=0/281 wall=25.99s
[  17.7m] probe     bmm/in-256x256x64/fp32/slice/random    B= 65536 s0 sample -> ok             err=1.27e-06 bad=0/281 wall=25.56s
[  18.1m] probe     bmm/in-256x256x64/fp32/slice/random    B= 65537 s0 sample -> ok             err=9.1e-07 bad=0/281 wall=25.7s
[  18.6m] probe     bmm/in-256x256x64/fp32/slice/random    B= 65538 s0 sample -> ok             err=9.1e-07 bad=0/281 wall=26.04s
[  18.6m] idx_probe bmm/in-256x256x64/fp32/aT/idx_a_batch  B=  4096 s0 sample -> ok             err=0 bad=0/266 wall=3.17s
[  18.7m] idx_probe bmm/in-256x256x64/fp32/aT/idx_a_batch  B= 16383 s0 sample -> ok             err=0 bad=0/266 wall=5.27s
[  18.8m] idx_probe bmm/in-256x256x64/fp32/aT/idx_a_batch  B= 16385 s0 sample -> ok             err=0 bad=0/266 wall=5.43s
[  18.9m] idx_probe bmm/in-256x256x64/fp32/aT/idx_a_batch  B= 32767 s0 sample -> ok             err=0 bad=0/271 wall=7.86s
[  19.1m] idx_probe bmm/in-256x256x64/fp32/aT/idx_a_batch  B= 32769 s0 sample -> ok             err=0 bad=0/271 wall=8.12s
[  19.3m] idx_probe bmm/in-256x256x64/fp32/aT/idx_a_batch  B= 65535 s0 sample -> ok             err=0 bad=0/281 wall=13.64s
[  19.5m] idx_probe bmm/in-256x256x64/fp32/aT/idx_a_batch  B= 65537 s0 sample -> ok             err=0 bad=0/281 wall=13.63s
[  19.6m] idx_probe bmm/in-256x256x64/fp32/slice/idx_a_batch B=  4096 s0 sample -> ok             err=0 bad=0/266 wall=2.97s
[  19.7m] idx_probe bmm/in-256x256x64/fp32/slice/idx_a_batch B= 16383 s0 sample -> ok             err=0 bad=0/266 wall=4.65s
[  19.7m] idx_probe bmm/in-256x256x64/fp32/slice/idx_a_batch B= 16385 s0 sample -> ok             err=0 bad=0/266 wall=4.4s
[  19.8m] idx_probe bmm/in-256x256x64/fp32/slice/idx_a_batch B= 32767 s0 sample -> ok             err=0 bad=0/271 wall=6.71s
[  19.9m] idx_probe bmm/in-256x256x64/fp32/slice/idx_a_batch B= 32769 s0 sample -> ok             err=0 bad=0/271 wall=6.41s
[  20.1m] idx_probe bmm/in-256x256x64/fp32/slice/idx_a_batch B= 65535 s0 sample -> ok             err=0 bad=0/281 wall=10.5s
[  20.3m] idx_probe bmm/in-256x256x64/fp32/slice/idx_a_batch B= 65537 s0 sample -> ok             err=0 bad=0/281 wall=10.54s
[  20.4m] idx_probe bmm/in-256x256x64/fp32/aT/idx_a_rc     B=  4096 s0 sample -> ok             err=0 bad=0/266 wall=3.42s
[  20.4m] idx_probe bmm/in-256x256x64/fp32/aT/idx_a_rc     B= 16383 s0 sample -> ok             err=0 bad=0/266 wall=5.6s
[  20.5m] idx_probe bmm/in-256x256x64/fp32/aT/idx_a_rc     B= 16385 s0 sample -> ok             err=0 bad=0/266 wall=5.55s
[  20.7m] idx_probe bmm/in-256x256x64/fp32/aT/idx_a_rc     B= 32767 s0 sample -> ok             err=0 bad=0/271 wall=8.4s
[  20.8m] idx_probe bmm/in-256x256x64/fp32/aT/idx_a_rc     B= 32769 s0 sample -> ok             err=0 bad=0/271 wall=8.18s
[  21.0m] idx_probe bmm/in-256x256x64/fp32/aT/idx_a_rc     B= 65535 s0 sample -> ok             err=0 bad=0/281 wall=14.06s
[  21.3m] idx_probe bmm/in-256x256x64/fp32/aT/idx_a_rc     B= 65537 s0 sample -> ok             err=0 bad=0/281 wall=13.75s
[  21.3m] idx_probe bmm/in-256x256x64/fp32/slice/idx_a_rc  B=  4096 s0 sample -> ok             err=0 bad=0/266 wall=3.28s
[  21.4m] idx_probe bmm/in-256x256x64/fp32/slice/idx_a_rc  B= 16383 s0 sample -> ok             err=0 bad=0/266 wall=4.7s
[  21.5m] idx_probe bmm/in-256x256x64/fp32/slice/idx_a_rc  B= 16385 s0 sample -> ok             err=0 bad=0/266 wall=4.83s
[  21.6m] idx_probe bmm/in-256x256x64/fp32/slice/idx_a_rc  B= 32767 s0 sample -> ok             err=0 bad=0/271 wall=6.71s
[  21.7m] idx_probe bmm/in-256x256x64/fp32/slice/idx_a_rc  B= 32769 s0 sample -> ok             err=0 bad=0/271 wall=6.9s
[  21.9m] idx_probe bmm/in-256x256x64/fp32/slice/idx_a_rc  B= 65535 s0 sample -> ok             err=0 bad=0/281 wall=10.58s
[  22.1m] idx_probe bmm/in-256x256x64/fp32/slice/idx_a_rc  B= 65537 s0 sample -> ok             err=0 bad=0/281 wall=10.69s
[  22.1m] idx_probe bmm/in-256x256x64/fp32/aT/idx_b_batch  B=  4096 s0 sample -> ok             err=0 bad=0/266 wall=3.37s
[  22.2m] idx_probe bmm/in-256x256x64/fp32/aT/idx_b_batch  B= 16383 s0 sample -> ok             err=0 bad=0/266 wall=5.29s
[  22.3m] idx_probe bmm/in-256x256x64/fp32/aT/idx_b_batch  B= 16385 s0 sample -> ok             err=0 bad=0/266 wall=5.17s
[  22.4m] idx_probe bmm/in-256x256x64/fp32/aT/idx_b_batch  B= 32767 s0 sample -> ok             err=0 bad=0/271 wall=8.11s
[  22.6m] idx_probe bmm/in-256x256x64/fp32/aT/idx_b_batch  B= 32769 s0 sample -> ok             err=0 bad=0/271 wall=8.26s
[  22.8m] idx_probe bmm/in-256x256x64/fp32/aT/idx_b_batch  B= 65535 s0 sample -> ok             err=0 bad=0/281 wall=13.71s
[  23.0m] idx_probe bmm/in-256x256x64/fp32/aT/idx_b_batch  B= 65537 s0 sample -> ok             err=0 bad=0/281 wall=13.9s
[  23.1m] idx_probe bmm/in-256x256x64/fp32/slice/idx_b_batch B=  4096 s0 sample -> ok             err=0 bad=0/266 wall=2.94s
[  23.2m] idx_probe bmm/in-256x256x64/fp32/slice/idx_b_batch B= 16383 s0 sample -> ok             err=0 bad=0/266 wall=4.41s
[  23.2m] idx_probe bmm/in-256x256x64/fp32/slice/idx_b_batch B= 16385 s0 sample -> ok             err=0 bad=0/266 wall=4.54s
[  23.3m] idx_probe bmm/in-256x256x64/fp32/slice/idx_b_batch B= 32767 s0 sample -> ok             err=0 bad=0/271 wall=6.36s
[  23.5m] idx_probe bmm/in-256x256x64/fp32/slice/idx_b_batch B= 32769 s0 sample -> ok             err=0 bad=0/271 wall=6.6s
[  23.6m] idx_probe bmm/in-256x256x64/fp32/slice/idx_b_batch B= 65535 s0 sample -> ok             err=0 bad=0/281 wall=10.44s
[  23.8m] idx_probe bmm/in-256x256x64/fp32/slice/idx_b_batch B= 65537 s0 sample -> ok             err=0 bad=0/281 wall=10.33s
[  23.9m] idx_probe bmm/in-256x256x64/fp32/aT/idx_b_rc     B=  4096 s0 sample -> ok             err=0 bad=0/266 wall=3.34s
[  23.9m] idx_probe bmm/in-256x256x64/fp32/aT/idx_b_rc     B= 16383 s0 sample -> ok             err=0 bad=0/266 wall=5.39s
[  24.0m] idx_probe bmm/in-256x256x64/fp32/aT/idx_b_rc     B= 16385 s0 sample -> ok             err=0 bad=0/266 wall=5.8s
[  24.2m] idx_probe bmm/in-256x256x64/fp32/aT/idx_b_rc     B= 32767 s0 sample -> ok             err=0 bad=0/271 wall=8.23s
[  24.3m] idx_probe bmm/in-256x256x64/fp32/aT/idx_b_rc     B= 32769 s0 sample -> ok             err=0 bad=0/271 wall=8.46s
[  24.6m] idx_probe bmm/in-256x256x64/fp32/aT/idx_b_rc     B= 65535 s0 sample -> ok             err=0 bad=0/281 wall=13.93s
[  24.8m] idx_probe bmm/in-256x256x64/fp32/aT/idx_b_rc     B= 65537 s0 sample -> ok             err=0 bad=0/281 wall=13.81s
[  24.8m] idx_probe bmm/in-256x256x64/fp32/slice/idx_b_rc  B=  4096 s0 sample -> ok             err=0 bad=0/266 wall=3.1s
[  24.9m] idx_probe bmm/in-256x256x64/fp32/slice/idx_b_rc  B= 16383 s0 sample -> ok             err=0 bad=0/266 wall=4.72s
[  25.0m] idx_probe bmm/in-256x256x64/fp32/slice/idx_b_rc  B= 16385 s0 sample -> ok             err=0 bad=0/266 wall=4.64s
[  25.1m] idx_probe bmm/in-256x256x64/fp32/slice/idx_b_rc  B= 32767 s0 sample -> ok             err=0 bad=0/271 wall=6.67s
[  25.2m] idx_probe bmm/in-256x256x64/fp32/slice/idx_b_rc  B= 32769 s0 sample -> ok             err=0 bad=0/271 wall=6.63s
[  25.4m] idx_probe bmm/in-256x256x64/fp32/slice/idx_b_rc  B= 65535 s0 sample -> ok             err=0 bad=0/281 wall=10.7s
[  25.6m] idx_probe bmm/in-256x256x64/fp32/slice/idx_b_rc  B= 65537 s0 sample -> ok             err=0 bad=0/281 wall=10.7s
[  26.7m] final     bmm/in-256x256x64/fp32/aT/random       B= 65538 s0 full   -> ok             err=1.3e-06 bad=0/65538 wall=68.13s
[  27.9m] final     bmm/in-256x256x64/fp32/aT/random       B= 65538 s1 full   -> ok             err=1.5e-06 bad=0/65538 wall=68.74s
[  29.0m] final     bmm/in-256x256x64/fp32/aT/random       B= 65538 s2 full   -> ok             err=1.42e-06 bad=0/65538 wall=68.15s
[  29.6m] final     bmm/in-256x256x64/fp32/aT/idx_a_batch  B= 65538 s0 full   -> ok             err=0 bad=0/65538 wall=38.91s
[  30.3m] final     bmm/in-256x256x64/fp32/aT/idx_a_rc     B= 65538 s0 full   -> ok             err=0 bad=0/65538 wall=39.43s
[  30.9m] final     bmm/in-256x256x64/fp32/aT/idx_b_batch  B= 65538 s0 full   -> ok             err=0 bad=0/65538 wall=39.39s
[  31.6m] final     bmm/in-256x256x64/fp32/aT/idx_b_rc     B= 65538 s0 full   -> ok             err=0 bad=0/65538 wall=39.38s
[  32.7m] final     bmm/in-256x256x64/fp32/slice/random    B= 65538 s0 full   -> ok             err=1.3e-06 bad=0/65538 wall=65.89s
[  33.8m] final     bmm/in-256x256x64/fp32/slice/random    B= 65538 s1 full   -> ok             err=1.5e-06 bad=0/65538 wall=65.23s
[  34.9m] final     bmm/in-256x256x64/fp32/slice/random    B= 65538 s2 full   -> ok             err=1.42e-06 bad=0/65538 wall=65.56s
[  35.5m] final     bmm/in-256x256x64/fp32/slice/idx_a_batch B= 65538 s0 full   -> ok             err=0 bad=0/65538 wall=35.78s
[  36.1m] final     bmm/in-256x256x64/fp32/slice/idx_a_rc  B= 65538 s0 full   -> ok             err=0 bad=0/65538 wall=36.27s
[  36.7m] final     bmm/in-256x256x64/fp32/slice/idx_b_batch B= 65538 s0 full   -> ok             err=0 bad=0/65538 wall=36.15s
[  37.3m] final     bmm/in-256x256x64/fp32/slice/idx_b_rc  B= 65538 s0 full   -> ok             err=0 bad=0/65538 wall=36.35s
# 新規 147 実行, 37.3 分。W&B の送信完了を待つ
-> /content/mb/results/summary/a100/20260921T065103-a100.md
