wandb: [wandb.login()] Loaded credentials for https://api.wandb.ai from /root/.netrc.
# run_id=20260921T083415-a100 {'os': 'Linux', 'os_release': '6.6.122+', 'arch': 'x86_64', 'macos': '', 'macos_build': '', 'linux_distro': 'Ubuntu 24.04.1 LTS', 'hw_model': 'Google Compute Engine', 'chip': 'Intel(R) Xeon(R) CPU @ 2.20GHz', 'mem_bytes': 179370467328, 'n_cpu': 12, 'gpu_name': 'NVIDIA A100-SXM4-80GB', 'gpu_mem_bytes': 85899345920, 'gpu_driver': '580.82.07', 'gpu_mem_source': 'nvidia-smi'} worker={'python': '3.12.3', 'torch': '2.14.0+cu130', 'executable': '/root/.cache/uv/builds-v0/.tmpSOQ6Yo/bin/python', 'cuda': '13.0', 'gpu_name': 'NVIDIA A100-SXM4-80GB', 'gpu_mem_bytes': 85094825984} code=8a89a4a limit=host 100GiB / GPU 72GiB  wandb=(private)
[   0.2m] calibrate bmm/in-512x128x64/fp32/contig/random   B=  4096 s0 full   -> ok             err=7.37e-07 bad=0/4096 wall=7.18s
[   0.3m] calibrate bmm/in-512x128x64/fp32/contig/random   B=  4096 s1 full   -> ok             err=8.08e-07 bad=0/4096 wall=7.58s
[   0.4m] calibrate bmm/in-512x128x64/fp32/contig/random   B=  4096 s2 full   -> ok             err=7.09e-07 bad=0/4096 wall=7.05s
# tol = {'fp32': 8.083443383683403e-06}
[   0.5m] probe     bmm/in-512x128x64/fp32/contig/random   B=  4096 s0 full   -> ok             err=7.37e-07 bad=0/4096 wall=7.51s
[   0.6m] probe     bmm/in-512x128x64/fp32/contig/random   B=  7168 s0 sample -> ok             err=7e-07 bad=0/266 wall=5.44s
[   0.7m] probe     bmm/in-512x128x64/fp32/contig/random   B= 10240 s0 sample -> ok             err=7.21e-07 bad=0/266 wall=6.79s
[   0.9m] probe     bmm/in-512x128x64/fp32/contig/random   B= 13312 s0 sample -> ok             err=7.62e-07 bad=0/266 wall=7.32s
[   1.0m] probe     bmm/in-512x128x64/fp32/contig/random   B= 16382 s0 sample -> ok             err=6.87e-07 bad=0/266 wall=8.63s
[   1.1m] probe     bmm/in-512x128x64/fp32/contig/random   B= 16383 s0 sample -> ok             err=6.87e-07 bad=0/266 wall=8.42s
[   1.3m] probe     bmm/in-512x128x64/fp32/contig/random   B= 16384 s0 sample -> ok             err=6.37e-07 bad=0/266 wall=8.3s
[   1.4m] probe     bmm/in-512x128x64/fp32/contig/random   B= 16385 s0 sample -> ok             err=6.37e-07 bad=0/266 wall=8.68s
[   1.6m] probe     bmm/in-512x128x64/fp32/contig/random   B= 16386 s0 sample -> ok             err=6.43e-07 bad=0/266 wall=8.55s
[   1.7m] probe     bmm/in-512x128x64/fp32/contig/random   B= 20480 s0 sample -> ok             err=6.76e-07 bad=0/270 wall=9.51s
[   1.9m] probe     bmm/in-512x128x64/fp32/contig/random   B= 24576 s0 sample -> ok             err=7.24e-07 bad=0/270 wall=11.07s
[   2.1m] probe     bmm/in-512x128x64/fp32/contig/random   B= 28672 s0 sample -> ok             err=6.45e-07 bad=0/271 wall=12.46s
[   2.3m] probe     bmm/in-512x128x64/fp32/contig/random   B= 32766 s0 sample -> ok             err=5.89e-07 bad=0/271 wall=13.77s
[   2.6m] probe     bmm/in-512x128x64/fp32/contig/random   B= 32767 s0 sample -> ok             err=6.24e-07 bad=0/271 wall=13.8s
[   2.8m] probe     bmm/in-512x128x64/fp32/contig/random   B= 32768 s0 sample -> ok             err=6.48e-07 bad=0/271 wall=13.7s
[   3.0m] probe     bmm/in-512x128x64/fp32/contig/random   B= 32769 s0 sample -> ok             err=5.87e-07 bad=0/271 wall=13.66s
[   3.3m] probe     bmm/in-512x128x64/fp32/contig/random   B= 32770 s0 sample -> ok             err=6.05e-07 bad=0/271 wall=13.61s
[   3.5m] probe     bmm/in-512x128x64/fp32/contig/random   B= 40960 s0 sample -> ok             err=5.67e-07 bad=0/274 wall=16.25s
[   3.9m] probe     bmm/in-512x128x64/fp32/contig/random   B= 49152 s0 sample -> ok             err=6.29e-07 bad=0/274 wall=19.23s
[   4.2m] probe     bmm/in-512x128x64/fp32/contig/random   B= 57344 s0 sample -> ok             err=6.28e-07 bad=0/281 wall=21.98s
[   4.6m] probe     bmm/in-512x128x64/fp32/contig/random   B= 65534 s0 sample -> ok             err=6.38e-07 bad=0/281 wall=24.41s
[   5.0m] probe     bmm/in-512x128x64/fp32/contig/random   B= 65535 s0 sample -> ok             err=6.38e-07 bad=0/281 wall=24.83s
[   5.5m] probe     bmm/in-512x128x64/fp32/contig/random   B= 65536 s0 sample -> ok             err=6.28e-07 bad=0/281 wall=24.87s
[   5.9m] probe     bmm/in-512x128x64/fp32/contig/random   B= 65537 s0 sample -> ok             err=6.99e-07 bad=0/281 wall=24.44s
[   6.3m] probe     bmm/in-512x128x64/fp32/contig/random   B= 65538 s0 sample -> ok             err=6.99e-07 bad=0/281 wall=24.47s
[   6.4m] probe     bmm/in-512x128x64/fp32/bT/random       B=  4096 s0 full   -> ok             err=7.37e-07 bad=0/4096 wall=6.9s
[   6.5m] probe     bmm/in-512x128x64/fp32/bT/random       B=  7168 s0 sample -> ok             err=7e-07 bad=0/266 wall=5.72s
[   6.6m] probe     bmm/in-512x128x64/fp32/bT/random       B= 10240 s0 sample -> ok             err=7.21e-07 bad=0/266 wall=6.38s
[   6.7m] probe     bmm/in-512x128x64/fp32/bT/random       B= 13312 s0 sample -> ok             err=7.62e-07 bad=0/266 wall=7.8s
[   6.9m] probe     bmm/in-512x128x64/fp32/bT/random       B= 16382 s0 sample -> ok             err=6.87e-07 bad=0/266 wall=8.44s
[   7.0m] probe     bmm/in-512x128x64/fp32/bT/random       B= 16383 s0 sample -> ok             err=6.87e-07 bad=0/266 wall=8.43s
[   7.1m] probe     bmm/in-512x128x64/fp32/bT/random       B= 16384 s0 sample -> ok             err=6.37e-07 bad=0/266 wall=8.75s
[   7.3m] probe     bmm/in-512x128x64/fp32/bT/random       B= 16385 s0 sample -> ok             err=6.37e-07 bad=0/266 wall=8.33s
[   7.4m] probe     bmm/in-512x128x64/fp32/bT/random       B= 16386 s0 sample -> ok             err=6.43e-07 bad=0/266 wall=8.46s
[   7.6m] probe     bmm/in-512x128x64/fp32/bT/random       B= 20480 s0 sample -> ok             err=6.76e-07 bad=0/270 wall=10.04s
[   7.8m] probe     bmm/in-512x128x64/fp32/bT/random       B= 24576 s0 sample -> ok             err=7.24e-07 bad=0/270 wall=11.33s
[   8.0m] probe     bmm/in-512x128x64/fp32/bT/random       B= 28672 s0 sample -> ok             err=6.45e-07 bad=0/271 wall=12.52s
[   8.2m] probe     bmm/in-512x128x64/fp32/bT/random       B= 32766 s0 sample -> ok             err=5.89e-07 bad=0/271 wall=14.02s
[   8.5m] probe     bmm/in-512x128x64/fp32/bT/random       B= 32767 s0 sample -> ok             err=6.24e-07 bad=0/271 wall=14.07s
[   8.7m] probe     bmm/in-512x128x64/fp32/bT/random       B= 32768 s0 sample -> ok             err=6.48e-07 bad=0/271 wall=13.96s
[   8.9m] probe     bmm/in-512x128x64/fp32/bT/random       B= 32769 s0 sample -> ok             err=5.87e-07 bad=0/271 wall=13.95s
[   9.2m] probe     bmm/in-512x128x64/fp32/bT/random       B= 32770 s0 sample -> ok             err=6.05e-07 bad=0/271 wall=14.01s
[   9.4m] probe     bmm/in-512x128x64/fp32/bT/random       B= 40960 s0 sample -> ok             err=5.67e-07 bad=0/274 wall=16.79s
[   9.8m] probe     bmm/in-512x128x64/fp32/bT/random       B= 49152 s0 sample -> ok             err=6.29e-07 bad=0/274 wall=19.29s
[  10.1m] probe     bmm/in-512x128x64/fp32/bT/random       B= 57344 s0 sample -> ok             err=6.28e-07 bad=0/281 wall=22.22s
[  10.5m] probe     bmm/in-512x128x64/fp32/bT/random       B= 65534 s0 sample -> ok             err=6.38e-07 bad=0/281 wall=24.98s
[  11.0m] probe     bmm/in-512x128x64/fp32/bT/random       B= 65535 s0 sample -> ok             err=6.38e-07 bad=0/281 wall=24.87s
[  11.4m] probe     bmm/in-512x128x64/fp32/bT/random       B= 65536 s0 sample -> ok             err=6.28e-07 bad=0/281 wall=24.78s
[  11.8m] probe     bmm/in-512x128x64/fp32/bT/random       B= 65537 s0 sample -> ok             err=6.99e-07 bad=0/281 wall=24.7s
[  12.2m] probe     bmm/in-512x128x64/fp32/bT/random       B= 65538 s0 sample -> ok             err=6.99e-07 bad=0/281 wall=24.8s
[  13.5m] final     bmm/in-512x128x64/fp32/contig/random   B= 65538 s0 full   -> ok             err=8.28e-07 bad=0/65538 wall=76.78s
[  14.8m] final     bmm/in-512x128x64/fp32/contig/random   B= 65538 s1 full   -> ok             err=8.21e-07 bad=0/65538 wall=76.43s
[  16.0m] final     bmm/in-512x128x64/fp32/contig/random   B= 65538 s2 full   -> ok             err=7.88e-07 bad=0/65538 wall=76.01s
[  17.3m] final     bmm/in-512x128x64/fp32/bT/random       B= 65538 s0 full   -> ok             err=8.28e-07 bad=0/65538 wall=76.76s
[  18.6m] final     bmm/in-512x128x64/fp32/bT/random       B= 65538 s1 full   -> ok             err=8.21e-07 bad=0/65538 wall=76.85s
[  19.9m] final     bmm/in-512x128x64/fp32/bT/random       B= 65538 s2 full   -> ok             err=7.88e-07 bad=0/65538 wall=76.83s
# 新規 59 実行, 19.9 分。W&B の送信完了を待つ
-> /content/mb/results/summary/a100/20260921T083415-a100.md
