Downloading pydantic-core (2.0MiB)
Downloading wandb (24.9MiB)
Downloading numpy (15.9MiB)
 Downloaded pydantic-core
 Downloaded numpy
 Downloaded wandb
Installed 25 packages in 23ms
wandb: [wandb.login()] Loaded credentials for https://api.wandb.ai from /root/.netrc.
# run_id=20260921T075946-a100 {'os': 'Linux', 'os_release': '6.6.122+', 'arch': 'x86_64', 'macos': '', 'macos_build': '', 'linux_distro': 'Ubuntu 24.04.1 LTS', 'hw_model': 'Google Compute Engine', 'chip': 'Intel(R) Xeon(R) CPU @ 2.20GHz', 'mem_bytes': 179370467328, 'n_cpu': 12, 'gpu_name': 'NVIDIA A100-SXM4-80GB', 'gpu_mem_bytes': 85899345920, 'gpu_driver': '580.82.07', 'gpu_mem_source': 'nvidia-smi'} worker={'python': '3.12.3', 'torch': '2.14.0+cu130', 'executable': '/root/.cache/uv/builds-v0/.tmppVbRo6/bin/python', 'cuda': '13.0', 'gpu_name': 'NVIDIA A100-SXM4-80GB', 'gpu_mem_bytes': 85094825984} code=8a89a4a limit=host 100GiB / GPU 72GiB  wandb=(private)
[   0.2m] calibrate bmm/out-512x64x128/fp32/contig/random  B=  4096 s0 full   -> ok             err=5.96e-07 bad=0/4096 wall=8.13s
[   0.3m] calibrate bmm/out-512x64x128/fp32/contig/random  B=  4096 s1 full   -> ok             err=6.19e-07 bad=0/4096 wall=7.84s
[   0.5m] calibrate bmm/out-512x64x128/fp32/contig/random  B=  4096 s2 full   -> ok             err=5.68e-07 bad=0/4096 wall=8.12s
# tol = {'fp32': 6.193910995634621e-06}
[   0.6m] probe     bmm/out-512x64x128/fp32/aT/random      B=  4096 s0 full   -> ok             err=5.96e-07 bad=0/4096 wall=7.86s
[   0.7m] probe     bmm/out-512x64x128/fp32/aT/random      B=  7168 s0 sample -> ok             err=4.48e-07 bad=0/266 wall=4.8s
[   0.8m] probe     bmm/out-512x64x128/fp32/aT/random      B= 10240 s0 sample -> ok             err=4.6e-07 bad=0/266 wall=5.49s
[   0.9m] probe     bmm/out-512x64x128/fp32/aT/random      B= 13312 s0 sample -> ok             err=4.99e-07 bad=0/266 wall=6.53s
[   1.0m] probe     bmm/out-512x64x128/fp32/aT/random      B= 16382 s0 sample -> ok             err=5.14e-07 bad=0/266 wall=7.1s
[   1.1m] probe     bmm/out-512x64x128/fp32/aT/random      B= 16383 s0 sample -> ok             err=5.17e-07 bad=0/266 wall=7.21s
[   1.2m] probe     bmm/out-512x64x128/fp32/aT/random      B= 16384 s0 sample -> ok             err=5.17e-07 bad=0/266 wall=7.02s
[   1.4m] probe     bmm/out-512x64x128/fp32/aT/random      B= 16385 s0 sample -> ok             err=4.73e-07 bad=0/266 wall=7.1s
[   1.5m] probe     bmm/out-512x64x128/fp32/aT/random      B= 16386 s0 sample -> ok             err=4.64e-07 bad=0/266 wall=7.1s
[   1.6m] probe     bmm/out-512x64x128/fp32/aT/random      B= 20480 s0 sample -> ok             err=5.17e-07 bad=0/270 wall=8.02s
[   1.8m] probe     bmm/out-512x64x128/fp32/aT/random      B= 24576 s0 sample -> ok             err=4.54e-07 bad=0/270 wall=9.33s
[   1.9m] probe     bmm/out-512x64x128/fp32/aT/random      B= 28672 s0 sample -> ok             err=4.48e-07 bad=0/271 wall=10.11s
[   2.1m] probe     bmm/out-512x64x128/fp32/aT/random      B= 32766 s0 sample -> ok             err=5.17e-07 bad=0/271 wall=11.29s
[   2.3m] probe     bmm/out-512x64x128/fp32/aT/random      B= 32767 s0 sample -> ok             err=5.17e-07 bad=0/271 wall=10.97s
[   2.5m] probe     bmm/out-512x64x128/fp32/aT/random      B= 32768 s0 sample -> ok             err=4.51e-07 bad=0/271 wall=10.92s
[   2.7m] probe     bmm/out-512x64x128/fp32/aT/random      B= 32769 s0 sample -> ok             err=4.64e-07 bad=0/271 wall=11.27s
[   2.9m] probe     bmm/out-512x64x128/fp32/aT/random      B= 32770 s0 sample -> ok             err=4.85e-07 bad=0/271 wall=11.39s
[   3.1m] probe     bmm/out-512x64x128/fp32/aT/random      B= 40960 s0 sample -> ok             err=4.74e-07 bad=0/274 wall=13.38s
[   3.3m] probe     bmm/out-512x64x128/fp32/aT/random      B= 49152 s0 sample -> ok             err=4.43e-07 bad=0/274 wall=15.39s
[   3.6m] probe     bmm/out-512x64x128/fp32/aT/random      B= 57344 s0 sample -> ok             err=4.73e-07 bad=0/281 wall=17.34s
[   3.9m] probe     bmm/out-512x64x128/fp32/aT/random      B= 65534 s0 sample -> ok             err=4.51e-07 bad=0/281 wall=19.37s
[   4.3m] probe     bmm/out-512x64x128/fp32/aT/random      B= 65535 s0 sample -> ok             err=4.49e-07 bad=0/281 wall=19.72s
[   4.6m] probe     bmm/out-512x64x128/fp32/aT/random      B= 65536 s0 sample -> ok             err=4.87e-07 bad=0/281 wall=19.44s
[   4.9m] probe     bmm/out-512x64x128/fp32/aT/random      B= 65537 s0 sample -> ok             err=4.44e-07 bad=0/281 wall=19.62s
[   5.3m] probe     bmm/out-512x64x128/fp32/aT/random      B= 65538 s0 sample -> ok             err=6.47e-07 bad=0/281 wall=19.36s
[   5.4m] probe     bmm/out-512x64x128/fp32/slice/random   B=  4096 s0 full   -> ok             err=5.96e-07 bad=0/4096 wall=8.04s
[   5.5m] probe     bmm/out-512x64x128/fp32/slice/random   B=  7168 s0 sample -> ok             err=4.48e-07 bad=0/266 wall=4.66s
[   5.6m] probe     bmm/out-512x64x128/fp32/slice/random   B= 10240 s0 sample -> ok             err=4.6e-07 bad=0/266 wall=5.56s
[   5.7m] probe     bmm/out-512x64x128/fp32/slice/random   B= 13312 s0 sample -> ok             err=4.99e-07 bad=0/266 wall=5.86s
[   5.8m] probe     bmm/out-512x64x128/fp32/slice/random   B= 16382 s0 sample -> ok             err=5.14e-07 bad=0/266 wall=6.88s
[   5.9m] probe     bmm/out-512x64x128/fp32/slice/random   B= 16383 s0 sample -> ok             err=5.17e-07 bad=0/266 wall=6.6s
[   6.0m] probe     bmm/out-512x64x128/fp32/slice/random   B= 16384 s0 sample -> ok             err=5.17e-07 bad=0/266 wall=6.89s
[   6.1m] probe     bmm/out-512x64x128/fp32/slice/random   B= 16385 s0 sample -> ok             err=4.73e-07 bad=0/266 wall=6.62s
[   6.2m] probe     bmm/out-512x64x128/fp32/slice/random   B= 16386 s0 sample -> ok             err=4.64e-07 bad=0/266 wall=6.96s
[   6.3m] probe     bmm/out-512x64x128/fp32/slice/random   B= 20480 s0 sample -> ok             err=5.17e-07 bad=0/270 wall=7.46s
[   6.5m] probe     bmm/out-512x64x128/fp32/slice/random   B= 24576 s0 sample -> ok             err=4.54e-07 bad=0/270 wall=8.59s
[   6.6m] probe     bmm/out-512x64x128/fp32/slice/random   B= 28672 s0 sample -> ok             err=4.48e-07 bad=0/271 wall=9.71s
[   6.8m] probe     bmm/out-512x64x128/fp32/slice/random   B= 32766 s0 sample -> ok             err=5.17e-07 bad=0/271 wall=10.33s
[   7.0m] probe     bmm/out-512x64x128/fp32/slice/random   B= 32767 s0 sample -> ok             err=5.17e-07 bad=0/271 wall=10.14s
[   7.2m] probe     bmm/out-512x64x128/fp32/slice/random   B= 32768 s0 sample -> ok             err=4.51e-07 bad=0/271 wall=10.42s
[   7.3m] probe     bmm/out-512x64x128/fp32/slice/random   B= 32769 s0 sample -> ok             err=4.64e-07 bad=0/271 wall=10.88s
[   7.5m] probe     bmm/out-512x64x128/fp32/slice/random   B= 32770 s0 sample -> ok             err=4.85e-07 bad=0/271 wall=10.62s
[   7.7m] probe     bmm/out-512x64x128/fp32/slice/random   B= 40960 s0 sample -> ok             err=4.74e-07 bad=0/274 wall=12.3s
[   8.0m] probe     bmm/out-512x64x128/fp32/slice/random   B= 49152 s0 sample -> ok             err=4.43e-07 bad=0/274 wall=14.1s
[   8.2m] probe     bmm/out-512x64x128/fp32/slice/random   B= 57344 s0 sample -> ok             err=4.73e-07 bad=0/281 wall=16.11s
[   8.5m] probe     bmm/out-512x64x128/fp32/slice/random   B= 65534 s0 sample -> ok             err=4.51e-07 bad=0/281 wall=17.88s
[   8.8m] probe     bmm/out-512x64x128/fp32/slice/random   B= 65535 s0 sample -> ok             err=4.49e-07 bad=0/281 wall=17.8s
[   9.1m] probe     bmm/out-512x64x128/fp32/slice/random   B= 65536 s0 sample -> ok             err=4.87e-07 bad=0/281 wall=17.99s
[   9.4m] probe     bmm/out-512x64x128/fp32/slice/random   B= 65537 s0 sample -> ok             err=4.44e-07 bad=0/281 wall=17.78s
[   9.7m] probe     bmm/out-512x64x128/fp32/slice/random   B= 65538 s0 sample -> ok             err=6.47e-07 bad=0/281 wall=18.05s
[  11.3m] final     bmm/out-512x64x128/fp32/aT/random      B= 65538 s0 full   -> ok             err=6.47e-07 bad=0/65538 wall=91.44s
[  12.8m] final     bmm/out-512x64x128/fp32/aT/random      B= 65538 s1 full   -> ok             err=7.23e-07 bad=0/65538 wall=91.56s
[  14.3m] final     bmm/out-512x64x128/fp32/aT/random      B= 65538 s2 full   -> ok             err=6.33e-07 bad=0/65538 wall=91.9s
[  15.8m] final     bmm/out-512x64x128/fp32/slice/random   B= 65538 s0 full   -> ok             err=6.47e-07 bad=0/65538 wall=89.93s
[  17.3m] final     bmm/out-512x64x128/fp32/slice/random   B= 65538 s1 full   -> ok             err=7.23e-07 bad=0/65538 wall=90.4s
[  18.8m] final     bmm/out-512x64x128/fp32/slice/random   B= 65538 s2 full   -> ok             err=6.33e-07 bad=0/65538 wall=90.57s
# 新規 59 実行, 18.8 分。W&B の送信完了を待つ
-> /content/mb/results/summary/a100/20260921T075946-a100.md
