Downloading numpy (15.9MiB)
Downloading pydantic-core (2.0MiB)
Downloading wandb (24.9MiB)
 Downloaded pydantic-core
 Downloaded numpy
 Downloaded wandb
Installed 25 packages in 22ms
wandb: [wandb.login()] Loaded credentials for https://api.wandb.ai from /root/.netrc.
# run_id=20260921T081434-a100 {'os': 'Linux', 'os_release': '6.6.122+', 'arch': 'x86_64', 'macos': '', 'macos_build': '', 'linux_distro': 'Ubuntu 24.04.1 LTS', 'hw_model': 'Google Compute Engine', 'chip': 'Intel(R) Xeon(R) CPU @ 2.20GHz', 'mem_bytes': 179370467328, 'n_cpu': 12, 'gpu_name': 'NVIDIA A100-SXM4-80GB', 'gpu_mem_bytes': 85899345920, 'gpu_driver': '580.82.07', 'gpu_mem_source': 'nvidia-smi'} worker={'python': '3.12.3', 'torch': '2.14.0+cu130', 'executable': '/root/.cache/uv/builds-v0/.tmpiVTeZZ/bin/python', 'cuda': '13.0', 'gpu_name': 'NVIDIA A100-SXM4-80GB', 'gpu_mem_bytes': 85094825984} code=8a89a4a limit=host 100GiB / GPU 72GiB  wandb=(private)
[   0.2m] calibrate bmm/out-128x64x512/fp32/contig/random  B=  4096 s0 full   -> ok             err=6.03e-07 bad=0/4096 wall=8.3s
[   0.3m] calibrate bmm/out-128x64x512/fp32/contig/random  B=  4096 s1 full   -> ok             err=5.4e-07 bad=0/4096 wall=7.74s
[   0.5m] calibrate bmm/out-128x64x512/fp32/contig/random  B=  4096 s2 full   -> ok             err=5.61e-07 bad=0/4096 wall=8.12s
# tol = {'fp32': 6.027964853689732e-06}
[   0.6m] probe     bmm/out-128x64x512/fp32/contig/random  B=  4096 s0 full   -> ok             err=6.03e-07 bad=0/4096 wall=7.92s
[   0.7m] probe     bmm/out-128x64x512/fp32/contig/random  B=  7168 s0 sample -> ok             err=4.82e-07 bad=0/266 wall=4.55s
[   0.8m] probe     bmm/out-128x64x512/fp32/contig/random  B= 10240 s0 sample -> ok             err=4.73e-07 bad=0/266 wall=5.25s
[   0.9m] probe     bmm/out-128x64x512/fp32/contig/random  B= 13312 s0 sample -> ok             err=4.87e-07 bad=0/266 wall=6.0s
[   1.0m] probe     bmm/out-128x64x512/fp32/contig/random  B= 16382 s0 sample -> ok             err=5.13e-07 bad=0/266 wall=6.46s
[   1.1m] probe     bmm/out-128x64x512/fp32/contig/random  B= 16383 s0 sample -> ok             err=5.22e-07 bad=0/266 wall=6.71s
[   1.2m] probe     bmm/out-128x64x512/fp32/contig/random  B= 16384 s0 sample -> ok             err=5.13e-07 bad=0/266 wall=6.47s
[   1.3m] probe     bmm/out-128x64x512/fp32/contig/random  B= 16385 s0 sample -> ok             err=4.64e-07 bad=0/266 wall=6.8s
[   1.4m] probe     bmm/out-128x64x512/fp32/contig/random  B= 16386 s0 sample -> ok             err=4.64e-07 bad=0/266 wall=6.52s
[   1.5m] probe     bmm/out-128x64x512/fp32/contig/random  B= 20480 s0 sample -> ok             err=4.73e-07 bad=0/270 wall=7.59s
[   1.7m] probe     bmm/out-128x64x512/fp32/contig/random  B= 24576 s0 sample -> ok             err=4.97e-07 bad=0/270 wall=8.78s
[   1.8m] probe     bmm/out-128x64x512/fp32/contig/random  B= 28672 s0 sample -> ok             err=5.29e-07 bad=0/271 wall=9.21s
[   2.0m] probe     bmm/out-128x64x512/fp32/contig/random  B= 32766 s0 sample -> ok             err=5.13e-07 bad=0/271 wall=10.31s
[   2.2m] probe     bmm/out-128x64x512/fp32/contig/random  B= 32767 s0 sample -> ok             err=5.13e-07 bad=0/271 wall=10.34s
[   2.4m] probe     bmm/out-128x64x512/fp32/contig/random  B= 32768 s0 sample -> ok             err=5.13e-07 bad=0/271 wall=10.32s
[   2.5m] probe     bmm/out-128x64x512/fp32/contig/random  B= 32769 s0 sample -> ok             err=4.64e-07 bad=0/271 wall=10.22s
[   2.7m] probe     bmm/out-128x64x512/fp32/contig/random  B= 32770 s0 sample -> ok             err=5.69e-07 bad=0/271 wall=10.11s
[   2.9m] probe     bmm/out-128x64x512/fp32/contig/random  B= 40960 s0 sample -> ok             err=4.58e-07 bad=0/274 wall=12.1s
[   3.1m] probe     bmm/out-128x64x512/fp32/contig/random  B= 49152 s0 sample -> ok             err=4.94e-07 bad=0/274 wall=14.22s
[   3.4m] probe     bmm/out-128x64x512/fp32/contig/random  B= 57344 s0 sample -> ok             err=5.29e-07 bad=0/281 wall=16.06s
[   3.7m] probe     bmm/out-128x64x512/fp32/contig/random  B= 65534 s0 sample -> ok             err=5.93e-07 bad=0/281 wall=17.62s
[   4.0m] probe     bmm/out-128x64x512/fp32/contig/random  B= 65535 s0 sample -> ok             err=4.79e-07 bad=0/281 wall=17.39s
[   4.3m] probe     bmm/out-128x64x512/fp32/contig/random  B= 65536 s0 sample -> ok             err=4.64e-07 bad=0/281 wall=17.73s
[   4.6m] probe     bmm/out-128x64x512/fp32/contig/random  B= 65537 s0 sample -> ok             err=4.88e-07 bad=0/281 wall=17.6s
[   4.9m] probe     bmm/out-128x64x512/fp32/contig/random  B= 65538 s0 sample -> ok             err=5.69e-07 bad=0/281 wall=17.7s
[   5.0m] probe     bmm/out-128x64x512/fp32/bT/random      B=  4096 s0 full   -> ok             err=6.03e-07 bad=0/4096 wall=7.8s
[   5.1m] probe     bmm/out-128x64x512/fp32/bT/random      B=  7168 s0 sample -> ok             err=4.82e-07 bad=0/266 wall=4.86s
[   5.2m] probe     bmm/out-128x64x512/fp32/bT/random      B= 10240 s0 sample -> ok             err=4.73e-07 bad=0/266 wall=5.4s
[   5.3m] probe     bmm/out-128x64x512/fp32/bT/random      B= 13312 s0 sample -> ok             err=4.87e-07 bad=0/266 wall=6.18s
[   5.4m] probe     bmm/out-128x64x512/fp32/bT/random      B= 16382 s0 sample -> ok             err=5.13e-07 bad=0/266 wall=6.93s
[   5.5m] probe     bmm/out-128x64x512/fp32/bT/random      B= 16383 s0 sample -> ok             err=5.22e-07 bad=0/266 wall=7.12s
[   5.6m] probe     bmm/out-128x64x512/fp32/bT/random      B= 16384 s0 sample -> ok             err=5.13e-07 bad=0/266 wall=6.9s
[   5.7m] probe     bmm/out-128x64x512/fp32/bT/random      B= 16385 s0 sample -> ok             err=4.64e-07 bad=0/266 wall=7.31s
[   5.9m] probe     bmm/out-128x64x512/fp32/bT/random      B= 16386 s0 sample -> ok             err=4.64e-07 bad=0/266 wall=6.95s
[   6.0m] probe     bmm/out-128x64x512/fp32/bT/random      B= 20480 s0 sample -> ok             err=4.73e-07 bad=0/270 wall=8.2s
[   6.1m] probe     bmm/out-128x64x512/fp32/bT/random      B= 24576 s0 sample -> ok             err=4.97e-07 bad=0/270 wall=9.03s
[   6.3m] probe     bmm/out-128x64x512/fp32/bT/random      B= 28672 s0 sample -> ok             err=5.29e-07 bad=0/271 wall=9.94s
[   6.5m] probe     bmm/out-128x64x512/fp32/bT/random      B= 32766 s0 sample -> ok             err=5.13e-07 bad=0/271 wall=10.94s
[   6.7m] probe     bmm/out-128x64x512/fp32/bT/random      B= 32767 s0 sample -> ok             err=5.13e-07 bad=0/271 wall=11.08s
[   6.9m] probe     bmm/out-128x64x512/fp32/bT/random      B= 32768 s0 sample -> ok             err=5.13e-07 bad=0/271 wall=11.39s
[   7.1m] probe     bmm/out-128x64x512/fp32/bT/random      B= 32769 s0 sample -> ok             err=4.64e-07 bad=0/271 wall=11.3s
[   7.2m] probe     bmm/out-128x64x512/fp32/bT/random      B= 32770 s0 sample -> ok             err=5.69e-07 bad=0/271 wall=11.26s
[   7.5m] probe     bmm/out-128x64x512/fp32/bT/random      B= 40960 s0 sample -> ok             err=4.58e-07 bad=0/274 wall=13.21s
[   7.7m] probe     bmm/out-128x64x512/fp32/bT/random      B= 49152 s0 sample -> ok             err=4.94e-07 bad=0/274 wall=15.29s
[   8.0m] probe     bmm/out-128x64x512/fp32/bT/random      B= 57344 s0 sample -> ok             err=5.29e-07 bad=0/281 wall=17.2s
[   8.3m] probe     bmm/out-128x64x512/fp32/bT/random      B= 65534 s0 sample -> ok             err=5.93e-07 bad=0/281 wall=19.47s
[   8.7m] probe     bmm/out-128x64x512/fp32/bT/random      B= 65535 s0 sample -> ok             err=4.79e-07 bad=0/281 wall=19.0s
[   9.0m] probe     bmm/out-128x64x512/fp32/bT/random      B= 65536 s0 sample -> ok             err=4.64e-07 bad=0/281 wall=19.56s
[   9.3m] probe     bmm/out-128x64x512/fp32/bT/random      B= 65537 s0 sample -> ok             err=4.88e-07 bad=0/281 wall=19.08s
[   9.6m] probe     bmm/out-128x64x512/fp32/bT/random      B= 65538 s0 sample -> ok             err=5.69e-07 bad=0/281 wall=19.18s
[  11.1m] final     bmm/out-128x64x512/fp32/contig/random  B= 65538 s0 full   -> ok             err=6.03e-07 bad=0/65538 wall=89.33s
[  12.6m] final     bmm/out-128x64x512/fp32/contig/random  B= 65538 s1 full   -> ok             err=6.74e-07 bad=0/65538 wall=89.45s
[  14.1m] final     bmm/out-128x64x512/fp32/contig/random  B= 65538 s2 full   -> ok             err=6.19e-07 bad=0/65538 wall=89.26s
[  15.6m] final     bmm/out-128x64x512/fp32/bT/random      B= 65538 s0 full   -> ok             err=6.03e-07 bad=0/65538 wall=91.16s
[  17.1m] final     bmm/out-128x64x512/fp32/bT/random      B= 65538 s1 full   -> ok             err=6.74e-07 bad=0/65538 wall=91.61s
[  18.7m] final     bmm/out-128x64x512/fp32/bT/random      B= 65538 s2 full   -> ok             err=6.19e-07 bad=0/65538 wall=91.11s
# 新規 59 実行, 18.7 分。W&B の送信完了を待つ
-> /content/mb/results/summary/a100/20260921T081434-a100.md
