Downloading numpy (15.9MiB)
Downloading pydantic-core (2.0MiB)
Downloading wandb (24.9MiB)
 Downloaded pydantic-core
 Downloaded numpy
 Downloaded wandb
Installed 25 packages in 23ms
wandb: [wandb.login()] Loaded credentials for https://api.wandb.ai from /root/.netrc.
# run_id=20260921T054333-a100 {'os': 'Linux', 'os_release': '6.6.122+', 'arch': 'x86_64', 'macos': '', 'macos_build': '', 'linux_distro': 'Ubuntu 24.04.1 LTS', 'hw_model': 'Google Compute Engine', 'chip': 'Intel(R) Xeon(R) CPU @ 2.20GHz', 'mem_bytes': 179370467328, 'n_cpu': 12, 'gpu_name': 'NVIDIA A100-SXM4-80GB', 'gpu_mem_bytes': 85899345920, 'gpu_driver': '580.82.07', 'gpu_mem_source': 'nvidia-smi'} worker={'python': '3.12.3', 'torch': '2.14.0+cu130', 'executable': '/root/.cache/uv/builds-v0/.tmpzJ8Ubf/bin/python', 'cuda': '13.0', 'gpu_name': 'NVIDIA A100-SXM4-80GB', 'gpu_mem_bytes': 85094825984} code=8a89a4a limit=host 100GiB / GPU 72GiB  wandb=(private)
[   0.2m] calibrate bmm/out-256x64x256/fp32/contig/random  B=  4096 s0 full   -> ok             err=6.23e-07 bad=0/4096 wall=7.83s
[   0.3m] calibrate bmm/out-256x64x256/fp32/contig/random  B=  4096 s1 full   -> ok             err=6.84e-07 bad=0/4096 wall=8.06s
[   0.5m] calibrate bmm/out-256x64x256/fp32/contig/random  B=  4096 s2 full   -> ok             err=5.85e-07 bad=0/4096 wall=7.72s
# tol = {'fp32': 6.8366744239526226e-06}
[   0.6m] probe     bmm/out-256x64x256/fp32/aT/random      B=  4096 s0 full   -> ok             err=6.23e-07 bad=0/4096 wall=7.83s
[   0.7m] probe     bmm/out-256x64x256/fp32/aT/random      B=  5632 s0 sample -> ok             err=6.23e-07 bad=0/266 wall=4.2s
[   0.7m] probe     bmm/out-256x64x256/fp32/aT/random      B=  7168 s0 sample -> ok             err=4.73e-07 bad=0/266 wall=4.58s
[   0.8m] probe     bmm/out-256x64x256/fp32/aT/random      B=  8704 s0 sample -> ok             err=4.42e-07 bad=0/266 wall=4.94s
[   0.9m] probe     bmm/out-256x64x256/fp32/aT/random      B= 10240 s0 sample -> ok             err=6.23e-07 bad=0/266 wall=5.34s
[   1.0m] probe     bmm/out-256x64x256/fp32/aT/random      B= 11776 s0 sample -> ok             err=4.73e-07 bad=0/266 wall=5.62s
[   1.1m] probe     bmm/out-256x64x256/fp32/aT/random      B= 13312 s0 sample -> ok             err=4.76e-07 bad=0/266 wall=6.01s
[   1.2m] probe     bmm/out-256x64x256/fp32/aT/random      B= 14848 s0 sample -> ok             err=4.91e-07 bad=0/266 wall=6.17s
[   1.3m] probe     bmm/out-256x64x256/fp32/aT/random      B= 16382 s0 sample -> ok             err=4.51e-07 bad=0/266 wall=6.7s
[   1.4m] probe     bmm/out-256x64x256/fp32/aT/random      B= 16383 s0 sample -> ok             err=4.61e-07 bad=0/266 wall=6.51s
[   1.5m] probe     bmm/out-256x64x256/fp32/aT/random      B= 16384 s0 sample -> ok             err=5.18e-07 bad=0/266 wall=6.74s
[   1.6m] probe     bmm/out-256x64x256/fp32/aT/random      B= 16385 s0 sample -> ok             err=5.18e-07 bad=0/266 wall=6.51s
[   1.8m] probe     bmm/out-256x64x256/fp32/aT/random      B= 16386 s0 sample -> ok             err=5.18e-07 bad=0/266 wall=6.78s
[   1.9m] probe     bmm/out-256x64x256/fp32/aT/random      B= 18432 s0 sample -> ok             err=4.76e-07 bad=0/271 wall=6.97s
[   2.0m] probe     bmm/out-256x64x256/fp32/aT/random      B= 20480 s0 sample -> ok             err=6.23e-07 bad=0/270 wall=7.8s
[   2.1m] probe     bmm/out-256x64x256/fp32/aT/random      B= 22528 s0 sample -> ok             err=6.23e-07 bad=0/271 wall=7.94s
[   2.3m] probe     bmm/out-256x64x256/fp32/aT/random      B= 24576 s0 sample -> ok             err=4.58e-07 bad=0/270 wall=8.5s
[   2.4m] probe     bmm/out-256x64x256/fp32/aT/random      B= 26624 s0 sample -> ok             err=4.76e-07 bad=0/271 wall=9.17s
[   2.6m] probe     bmm/out-256x64x256/fp32/aT/random      B= 28672 s0 sample -> ok             err=4.89e-07 bad=0/271 wall=9.36s
[   2.7m] probe     bmm/out-256x64x256/fp32/aT/random      B= 30720 s0 sample -> ok             err=6.23e-07 bad=0/270 wall=9.71s
[   2.9m] probe     bmm/out-256x64x256/fp32/aT/random      B= 32766 s0 sample -> ok             err=4.41e-07 bad=0/271 wall=10.52s
[   3.1m] probe     bmm/out-256x64x256/fp32/aT/random      B= 32767 s0 sample -> ok             err=4.41e-07 bad=0/271 wall=10.43s
[   3.3m] probe     bmm/out-256x64x256/fp32/aT/random      B= 32768 s0 sample -> ok             err=4.58e-07 bad=0/271 wall=10.44s
[   3.4m] probe     bmm/out-256x64x256/fp32/aT/random      B= 32769 s0 sample -> ok             err=4.59e-07 bad=0/271 wall=10.3s
[   3.6m] probe     bmm/out-256x64x256/fp32/aT/random      B= 32770 s0 sample -> ok             err=5.01e-07 bad=0/271 wall=10.19s
[   3.8m] probe     bmm/out-256x64x256/fp32/aT/random      B= 36864 s0 sample -> ok             err=4.46e-07 bad=0/276 wall=11.27s
[   4.0m] probe     bmm/out-256x64x256/fp32/aT/random      B= 40960 s0 sample -> ok             err=4.35e-07 bad=0/274 wall=12.82s
[   4.2m] probe     bmm/out-256x64x256/fp32/aT/random      B= 45056 s0 sample -> ok             err=6.23e-07 bad=0/276 wall=13.19s
[   4.5m] probe     bmm/out-256x64x256/fp32/aT/random      B= 49152 s0 sample -> ok             err=4.83e-07 bad=0/274 wall=14.12s
[   4.7m] probe     bmm/out-256x64x256/fp32/aT/random      B= 53248 s0 sample -> ok             err=5.42e-07 bad=0/281 wall=14.92s
[   5.0m] probe     bmm/out-256x64x256/fp32/aT/random      B= 57344 s0 sample -> ok             err=4.39e-07 bad=0/281 wall=15.91s
[   5.3m] probe     bmm/out-256x64x256/fp32/aT/random      B= 61440 s0 sample -> ok             err=6.23e-07 bad=0/278 wall=16.99s
[   5.6m] probe     bmm/out-256x64x256/fp32/aT/random      B= 65534 s0 sample -> ok             err=4.35e-07 bad=0/281 wall=17.89s
[   5.9m] probe     bmm/out-256x64x256/fp32/aT/random      B= 65535 s0 sample -> ok             err=5.02e-07 bad=0/281 wall=17.71s
[   6.2m] probe     bmm/out-256x64x256/fp32/aT/random      B= 65536 s0 sample -> ok             err=4.84e-07 bad=0/281 wall=17.69s
[   6.5m] probe     bmm/out-256x64x256/fp32/aT/random      B= 65537 s0 sample -> ok             err=4.63e-07 bad=0/281 wall=18.09s
[   6.7m] probe     bmm/out-256x64x256/fp32/aT/random      B= 65538 s0 sample -> ok             err=5.01e-07 bad=0/281 wall=17.69s
[   6.9m] probe     bmm/out-256x64x256/fp32/slice/random   B=  4096 s0 full   -> ok             err=6.23e-07 bad=0/4096 wall=8.13s
[   7.0m] probe     bmm/out-256x64x256/fp32/slice/random   B=  5632 s0 sample -> ok             err=6.23e-07 bad=0/266 wall=4.17s
[   7.0m] probe     bmm/out-256x64x256/fp32/slice/random   B=  7168 s0 sample -> ok             err=4.73e-07 bad=0/266 wall=4.47s
[   7.1m] probe     bmm/out-256x64x256/fp32/slice/random   B=  8704 s0 sample -> ok             err=4.42e-07 bad=0/266 wall=4.87s
[   7.2m] probe     bmm/out-256x64x256/fp32/slice/random   B= 10240 s0 sample -> ok             err=6.23e-07 bad=0/266 wall=5.03s
[   7.3m] probe     bmm/out-256x64x256/fp32/slice/random   B= 11776 s0 sample -> ok             err=4.73e-07 bad=0/266 wall=5.73s
[   7.4m] probe     bmm/out-256x64x256/fp32/slice/random   B= 13312 s0 sample -> ok             err=4.76e-07 bad=0/266 wall=5.71s
[   7.5m] probe     bmm/out-256x64x256/fp32/slice/random   B= 14848 s0 sample -> ok             err=4.91e-07 bad=0/266 wall=6.22s
[   7.6m] probe     bmm/out-256x64x256/fp32/slice/random   B= 16382 s0 sample -> ok             err=4.51e-07 bad=0/266 wall=6.44s
[   7.7m] probe     bmm/out-256x64x256/fp32/slice/random   B= 16383 s0 sample -> ok             err=4.61e-07 bad=0/266 wall=6.56s
[   7.8m] probe     bmm/out-256x64x256/fp32/slice/random   B= 16384 s0 sample -> ok             err=5.18e-07 bad=0/266 wall=6.5s
[   7.9m] probe     bmm/out-256x64x256/fp32/slice/random   B= 16385 s0 sample -> ok             err=5.18e-07 bad=0/266 wall=6.57s
[   8.0m] probe     bmm/out-256x64x256/fp32/slice/random   B= 16386 s0 sample -> ok             err=5.18e-07 bad=0/266 wall=6.43s
[   8.2m] probe     bmm/out-256x64x256/fp32/slice/random   B= 18432 s0 sample -> ok             err=4.76e-07 bad=0/271 wall=7.11s
[   8.3m] probe     bmm/out-256x64x256/fp32/slice/random   B= 20480 s0 sample -> ok             err=6.23e-07 bad=0/270 wall=7.2s
[   8.4m] probe     bmm/out-256x64x256/fp32/slice/random   B= 22528 s0 sample -> ok             err=6.23e-07 bad=0/271 wall=7.96s
[   8.5m] probe     bmm/out-256x64x256/fp32/slice/random   B= 24576 s0 sample -> ok             err=4.58e-07 bad=0/270 wall=8.28s
[   8.7m] probe     bmm/out-256x64x256/fp32/slice/random   B= 26624 s0 sample -> ok             err=4.76e-07 bad=0/271 wall=8.51s
[   8.8m] probe     bmm/out-256x64x256/fp32/slice/random   B= 28672 s0 sample -> ok             err=4.89e-07 bad=0/271 wall=9.29s
[   9.0m] probe     bmm/out-256x64x256/fp32/slice/random   B= 30720 s0 sample -> ok             err=6.23e-07 bad=0/270 wall=9.64s
[   9.2m] probe     bmm/out-256x64x256/fp32/slice/random   B= 32766 s0 sample -> ok             err=4.41e-07 bad=0/271 wall=10.08s
[   9.3m] probe     bmm/out-256x64x256/fp32/slice/random   B= 32767 s0 sample -> ok             err=4.41e-07 bad=0/271 wall=9.91s
[   9.5m] probe     bmm/out-256x64x256/fp32/slice/random   B= 32768 s0 sample -> ok             err=4.58e-07 bad=0/271 wall=10.07s
[   9.7m] probe     bmm/out-256x64x256/fp32/slice/random   B= 32769 s0 sample -> ok             err=4.59e-07 bad=0/271 wall=10.13s
[   9.8m] probe     bmm/out-256x64x256/fp32/slice/random   B= 32770 s0 sample -> ok             err=5.01e-07 bad=0/271 wall=10.19s
[  10.0m] probe     bmm/out-256x64x256/fp32/slice/random   B= 36864 s0 sample -> ok             err=4.46e-07 bad=0/276 wall=10.8s
[  10.2m] probe     bmm/out-256x64x256/fp32/slice/random   B= 40960 s0 sample -> ok             err=4.35e-07 bad=0/274 wall=11.64s
[  10.4m] probe     bmm/out-256x64x256/fp32/slice/random   B= 45056 s0 sample -> ok             err=6.23e-07 bad=0/276 wall=12.36s
[  10.6m] probe     bmm/out-256x64x256/fp32/slice/random   B= 49152 s0 sample -> ok             err=4.83e-07 bad=0/274 wall=13.35s
[  10.9m] probe     bmm/out-256x64x256/fp32/slice/random   B= 53248 s0 sample -> ok             err=5.42e-07 bad=0/281 wall=14.32s
[  11.1m] probe     bmm/out-256x64x256/fp32/slice/random   B= 57344 s0 sample -> ok             err=4.39e-07 bad=0/281 wall=15.4s
[  11.4m] probe     bmm/out-256x64x256/fp32/slice/random   B= 61440 s0 sample -> ok             err=6.23e-07 bad=0/278 wall=16.09s
[  11.7m] probe     bmm/out-256x64x256/fp32/slice/random   B= 65534 s0 sample -> ok             err=4.35e-07 bad=0/281 wall=16.94s
[  12.0m] probe     bmm/out-256x64x256/fp32/slice/random   B= 65535 s0 sample -> ok             err=5.02e-07 bad=0/281 wall=17.17s
[  12.3m] probe     bmm/out-256x64x256/fp32/slice/random   B= 65536 s0 sample -> ok             err=4.84e-07 bad=0/281 wall=17.07s
[  12.5m] probe     bmm/out-256x64x256/fp32/slice/random   B= 65537 s0 sample -> ok             err=4.63e-07 bad=0/281 wall=16.96s
[  12.8m] probe     bmm/out-256x64x256/fp32/slice/random   B= 65538 s0 sample -> ok             err=5.01e-07 bad=0/281 wall=17.06s
[  12.9m] idx_probe bmm/out-256x64x256/fp32/aT/idx_a_batch B=  4096 s0 sample -> ok             err=0 bad=0/266 wall=2.83s
[  12.9m] idx_probe bmm/out-256x64x256/fp32/aT/idx_a_batch B= 16383 s0 sample -> ok             err=0 bad=0/266 wall=3.54s
[  13.0m] idx_probe bmm/out-256x64x256/fp32/aT/idx_a_batch B= 16385 s0 sample -> ok             err=0 bad=0/266 wall=3.57s
[  13.1m] idx_probe bmm/out-256x64x256/fp32/aT/idx_a_batch B= 32767 s0 sample -> ok             err=0 bad=0/271 wall=4.56s
[  13.1m] idx_probe bmm/out-256x64x256/fp32/aT/idx_a_batch B= 32769 s0 sample -> ok             err=0 bad=0/271 wall=4.56s
[  13.3m] idx_probe bmm/out-256x64x256/fp32/aT/idx_a_batch B= 65535 s0 sample -> ok             err=0 bad=0/281 wall=6.79s
[  13.4m] idx_probe bmm/out-256x64x256/fp32/aT/idx_a_batch B= 65537 s0 sample -> ok             err=0 bad=0/281 wall=6.46s
[  13.4m] idx_probe bmm/out-256x64x256/fp32/slice/idx_a_batch B=  4096 s0 sample -> ok             err=0 bad=0/266 wall=2.79s
[  13.5m] idx_probe bmm/out-256x64x256/fp32/slice/idx_a_batch B= 16383 s0 sample -> ok             err=0 bad=0/266 wall=3.38s
[  13.5m] idx_probe bmm/out-256x64x256/fp32/slice/idx_a_batch B= 16385 s0 sample -> ok             err=0 bad=0/266 wall=3.3s
[  13.6m] idx_probe bmm/out-256x64x256/fp32/slice/idx_a_batch B= 32767 s0 sample -> ok             err=0 bad=0/271 wall=4.11s
[  13.7m] idx_probe bmm/out-256x64x256/fp32/slice/idx_a_batch B= 32769 s0 sample -> ok             err=0 bad=0/271 wall=4.26s
[  13.8m] idx_probe bmm/out-256x64x256/fp32/slice/idx_a_batch B= 65535 s0 sample -> ok             err=0 bad=0/281 wall=5.68s
[  13.9m] idx_probe bmm/out-256x64x256/fp32/slice/idx_a_batch B= 65537 s0 sample -> ok             err=0 bad=0/281 wall=5.84s
[  13.9m] idx_probe bmm/out-256x64x256/fp32/aT/idx_a_rc    B=  4096 s0 sample -> ok             err=0 bad=0/266 wall=2.9s
[  14.0m] idx_probe bmm/out-256x64x256/fp32/aT/idx_a_rc    B= 16383 s0 sample -> ok             err=0 bad=0/266 wall=3.67s
[  14.0m] idx_probe bmm/out-256x64x256/fp32/aT/idx_a_rc    B= 16385 s0 sample -> ok             err=0 bad=0/266 wall=3.63s
[  14.1m] idx_probe bmm/out-256x64x256/fp32/aT/idx_a_rc    B= 32767 s0 sample -> ok             err=0 bad=0/271 wall=4.73s
[  14.2m] idx_probe bmm/out-256x64x256/fp32/aT/idx_a_rc    B= 32769 s0 sample -> ok             err=0 bad=0/271 wall=4.68s
[  14.3m] idx_probe bmm/out-256x64x256/fp32/aT/idx_a_rc    B= 65535 s0 sample -> ok             err=0 bad=0/281 wall=6.89s
[  14.4m] idx_probe bmm/out-256x64x256/fp32/aT/idx_a_rc    B= 65537 s0 sample -> ok             err=0 bad=0/281 wall=6.62s
[  14.5m] idx_probe bmm/out-256x64x256/fp32/slice/idx_a_rc B=  4096 s0 sample -> ok             err=0 bad=0/266 wall=2.88s
[  14.5m] idx_probe bmm/out-256x64x256/fp32/slice/idx_a_rc B= 16383 s0 sample -> ok             err=0 bad=0/266 wall=3.57s
[  14.6m] idx_probe bmm/out-256x64x256/fp32/slice/idx_a_rc B= 16385 s0 sample -> ok             err=0 bad=0/266 wall=3.45s
[  14.7m] idx_probe bmm/out-256x64x256/fp32/slice/idx_a_rc B= 32767 s0 sample -> ok             err=0 bad=0/271 wall=4.22s
[  14.7m] idx_probe bmm/out-256x64x256/fp32/slice/idx_a_rc B= 32769 s0 sample -> ok             err=0 bad=0/271 wall=4.39s
[  14.8m] idx_probe bmm/out-256x64x256/fp32/slice/idx_a_rc B= 65535 s0 sample -> ok             err=0 bad=0/281 wall=5.81s
[  14.9m] idx_probe bmm/out-256x64x256/fp32/slice/idx_a_rc B= 65537 s0 sample -> ok             err=0 bad=0/281 wall=6.07s
[  15.0m] idx_probe bmm/out-256x64x256/fp32/aT/idx_b_batch B=  4096 s0 sample -> ok             err=0 bad=0/266 wall=2.8s
[  15.0m] idx_probe bmm/out-256x64x256/fp32/aT/idx_b_batch B= 16383 s0 sample -> ok             err=0 bad=0/266 wall=3.57s
[  15.1m] idx_probe bmm/out-256x64x256/fp32/aT/idx_b_batch B= 16385 s0 sample -> ok             err=0 bad=0/266 wall=3.55s
[  15.2m] idx_probe bmm/out-256x64x256/fp32/aT/idx_b_batch B= 32767 s0 sample -> ok             err=0 bad=0/271 wall=4.6s
[  15.2m] idx_probe bmm/out-256x64x256/fp32/aT/idx_b_batch B= 32769 s0 sample -> ok             err=0 bad=0/271 wall=4.54s
[  15.4m] idx_probe bmm/out-256x64x256/fp32/aT/idx_b_batch B= 65535 s0 sample -> ok             err=0 bad=0/281 wall=6.75s
[  15.5m] idx_probe bmm/out-256x64x256/fp32/aT/idx_b_batch B= 65537 s0 sample -> ok             err=0 bad=0/281 wall=6.5s
[  15.5m] idx_probe bmm/out-256x64x256/fp32/slice/idx_b_batch B=  4096 s0 sample -> ok             err=0 bad=0/266 wall=2.78s
[  15.6m] idx_probe bmm/out-256x64x256/fp32/slice/idx_b_batch B= 16383 s0 sample -> ok             err=0 bad=0/266 wall=3.43s
[  15.6m] idx_probe bmm/out-256x64x256/fp32/slice/idx_b_batch B= 16385 s0 sample -> ok             err=0 bad=0/266 wall=3.41s
[  15.7m] idx_probe bmm/out-256x64x256/fp32/slice/idx_b_batch B= 32767 s0 sample -> ok             err=0 bad=0/271 wall=4.16s
[  15.8m] idx_probe bmm/out-256x64x256/fp32/slice/idx_b_batch B= 32769 s0 sample -> ok             err=0 bad=0/271 wall=4.28s
[  15.9m] idx_probe bmm/out-256x64x256/fp32/slice/idx_b_batch B= 65535 s0 sample -> ok             err=0 bad=0/281 wall=5.74s
[  16.0m] idx_probe bmm/out-256x64x256/fp32/slice/idx_b_batch B= 65537 s0 sample -> ok             err=0 bad=0/281 wall=5.86s
[  16.0m] idx_probe bmm/out-256x64x256/fp32/aT/idx_b_rc    B=  4096 s0 sample -> ok             err=0 bad=0/266 wall=2.93s
[  16.1m] idx_probe bmm/out-256x64x256/fp32/aT/idx_b_rc    B= 16383 s0 sample -> ok             err=0 bad=0/266 wall=3.77s
[  16.1m] idx_probe bmm/out-256x64x256/fp32/aT/idx_b_rc    B= 16385 s0 sample -> ok             err=0 bad=0/266 wall=3.68s
[  16.2m] idx_probe bmm/out-256x64x256/fp32/aT/idx_b_rc    B= 32767 s0 sample -> ok             err=0 bad=0/271 wall=4.85s
[  16.3m] idx_probe bmm/out-256x64x256/fp32/aT/idx_b_rc    B= 32769 s0 sample -> ok             err=0 bad=0/271 wall=4.65s
[  16.4m] idx_probe bmm/out-256x64x256/fp32/aT/idx_b_rc    B= 65535 s0 sample -> ok             err=0 bad=0/281 wall=6.77s
[  16.5m] idx_probe bmm/out-256x64x256/fp32/aT/idx_b_rc    B= 65537 s0 sample -> ok             err=0 bad=0/281 wall=6.6s
[  16.6m] idx_probe bmm/out-256x64x256/fp32/slice/idx_b_rc B=  4096 s0 sample -> ok             err=0 bad=0/266 wall=2.87s
[  16.6m] idx_probe bmm/out-256x64x256/fp32/slice/idx_b_rc B= 16383 s0 sample -> ok             err=0 bad=0/266 wall=3.67s
[  16.7m] idx_probe bmm/out-256x64x256/fp32/slice/idx_b_rc B= 16385 s0 sample -> ok             err=0 bad=0/266 wall=3.46s
[  16.7m] idx_probe bmm/out-256x64x256/fp32/slice/idx_b_rc B= 32767 s0 sample -> ok             err=0 bad=0/271 wall=4.26s
[  16.8m] idx_probe bmm/out-256x64x256/fp32/slice/idx_b_rc B= 32769 s0 sample -> ok             err=0 bad=0/271 wall=4.41s
[  16.9m] idx_probe bmm/out-256x64x256/fp32/slice/idx_b_rc B= 65535 s0 sample -> ok             err=0 bad=0/281 wall=5.83s
[  17.0m] idx_probe bmm/out-256x64x256/fp32/slice/idx_b_rc B= 65537 s0 sample -> ok             err=0 bad=0/281 wall=6.0s
[  18.5m] final     bmm/out-256x64x256/fp32/aT/random      B= 65538 s0 full   -> ok             err=6.44e-07 bad=0/65538 wall=89.46s
[  20.0m] final     bmm/out-256x64x256/fp32/aT/random      B= 65538 s1 full   -> ok             err=6.84e-07 bad=0/65538 wall=89.26s
[  21.5m] final     bmm/out-256x64x256/fp32/aT/random      B= 65538 s2 full   -> ok             err=6.67e-07 bad=0/65538 wall=89.35s
[  22.6m] final     bmm/out-256x64x256/fp32/aT/idx_a_batch B= 65538 s0 full   -> ok             err=0 bad=0/65538 wall=67.79s
[  23.7m] final     bmm/out-256x64x256/fp32/aT/idx_a_rc    B= 65538 s0 full   -> ok             err=0 bad=0/65538 wall=67.57s
[  24.9m] final     bmm/out-256x64x256/fp32/aT/idx_b_batch B= 65538 s0 full   -> ok             err=0 bad=0/65538 wall=68.42s
[  26.0m] final     bmm/out-256x64x256/fp32/aT/idx_b_rc    B= 65538 s0 full   -> ok             err=0 bad=0/65538 wall=67.81s
[  27.5m] final     bmm/out-256x64x256/fp32/slice/random   B= 65538 s0 full   -> ok             err=6.44e-07 bad=0/65538 wall=88.99s
[  29.0m] final     bmm/out-256x64x256/fp32/slice/random   B= 65538 s1 full   -> ok             err=6.84e-07 bad=0/65538 wall=88.34s
[  30.4m] final     bmm/out-256x64x256/fp32/slice/random   B= 65538 s2 full   -> ok             err=6.67e-07 bad=0/65538 wall=88.75s
[  31.6m] final     bmm/out-256x64x256/fp32/slice/idx_a_batch B= 65538 s0 full   -> ok             err=0 bad=0/65538 wall=67.31s
[  32.7m] final     bmm/out-256x64x256/fp32/slice/idx_a_rc B= 65538 s0 full   -> ok             err=0 bad=0/65538 wall=66.73s
[  33.8m] final     bmm/out-256x64x256/fp32/slice/idx_b_batch B= 65538 s0 full   -> ok             err=0 bad=0/65538 wall=66.46s
[  34.9m] final     bmm/out-256x64x256/fp32/slice/idx_b_rc B= 65538 s0 full   -> ok             err=0 bad=0/65538 wall=66.87s
# 新規 147 実行, 34.9 分。W&B の送信完了を待つ
-> /content/mb/results/summary/a100/20260921T054333-a100.md
