wandb: [wandb.login()] Loaded credentials for https://api.wandb.ai from /root/.netrc.
# run_id=20260921T075453-a100 {'os': 'Linux', 'os_release': '6.6.122+', 'arch': 'x86_64', 'macos': '', 'macos_build': '', 'linux_distro': 'Ubuntu 24.04.1 LTS', 'hw_model': 'Google Compute Engine', 'chip': 'Intel(R) Xeon(R) CPU @ 2.20GHz', 'mem_bytes': 179370467328, 'n_cpu': 12, 'gpu_name': 'NVIDIA A100-SXM4-80GB', 'gpu_mem_bytes': 85899345920, 'gpu_driver': '580.82.07', 'gpu_mem_source': 'nvidia-smi'} worker={'python': '3.12.3', 'torch': '2.14.0+cu130', 'executable': '/root/.cache/uv/builds-v0/.tmpxhylAN/bin/python', 'cuda': '13.0', 'gpu_name': 'NVIDIA A100-SXM4-80GB', 'gpu_mem_bytes': 85094825984} code=8a89a4a limit=host 100GiB / GPU 72GiB  wandb=(private)
[   0.2m] calibrate bmm/out-512x64x128/fp32/contig/random  B=  4096 s0 full   -> ok             err=5.96e-07 bad=0/4096 wall=7.82s
[   0.3m] calibrate bmm/out-512x64x128/fp32/contig/random  B=  4096 s1 full   -> ok             err=6.19e-07 bad=0/4096 wall=7.82s
[   0.5m] calibrate bmm/out-512x64x128/fp32/contig/random  B=  4096 s2 full   -> ok             err=5.68e-07 bad=0/4096 wall=8.04s
# tol = {'fp32': 6.193910995634621e-06}
[   0.6m] probe     bmm/out-512x64x128/fp32/contig/random  B=  4096 s0 full   -> ok             err=5.96e-07 bad=0/4096 wall=7.89s
[   0.7m] probe     bmm/out-512x64x128/fp32/contig/random  B=  7168 s0 sample -> ok             err=4.48e-07 bad=0/266 wall=4.69s
[   0.7m] probe     bmm/out-512x64x128/fp32/contig/random  B= 10240 s0 sample -> ok             err=4.6e-07 bad=0/266 wall=5.2s
[   0.8m] probe     bmm/out-512x64x128/fp32/contig/random  B= 13312 s0 sample -> ok             err=4.99e-07 bad=0/266 wall=5.8s
[   1.0m] probe     bmm/out-512x64x128/fp32/contig/random  B= 16382 s0 sample -> ok             err=5.14e-07 bad=0/266 wall=6.59s
[   1.1m] probe     bmm/out-512x64x128/fp32/contig/random  B= 16383 s0 sample -> ok             err=5.17e-07 bad=0/266 wall=6.58s
[   1.2m] probe     bmm/out-512x64x128/fp32/contig/random  B= 16384 s0 sample -> ok             err=5.17e-07 bad=0/266 wall=6.49s
[   1.3m] probe     bmm/out-512x64x128/fp32/contig/random  B= 16385 s0 sample -> ok             err=4.73e-07 bad=0/266 wall=6.67s
[   1.4m] probe     bmm/out-512x64x128/fp32/contig/random  B= 16386 s0 sample -> ok             err=4.64e-07 bad=0/266 wall=6.6s
[   1.5m] probe     bmm/out-512x64x128/fp32/contig/random  B= 20480 s0 sample -> ok             err=5.17e-07 bad=0/270 wall=7.56s
[   1.7m] probe     bmm/out-512x64x128/fp32/contig/random  B= 24576 s0 sample -> ok             err=4.54e-07 bad=0/270 wall=8.38s
[   1.8m] probe     bmm/out-512x64x128/fp32/contig/random  B= 28672 s0 sample -> ok             err=4.48e-07 bad=0/271 wall=9.47s
[   2.0m] probe     bmm/out-512x64x128/fp32/contig/random  B= 32766 s0 sample -> ok             err=5.17e-07 bad=0/271 wall=10.43s
[   2.2m] probe     bmm/out-512x64x128/fp32/contig/random  B= 32767 s0 sample -> ok             err=5.17e-07 bad=0/271 wall=10.27s
[   2.3m] probe     bmm/out-512x64x128/fp32/contig/random  B= 32768 s0 sample -> ok             err=4.51e-07 bad=0/271 wall=10.25s
[   2.5m] probe     bmm/out-512x64x128/fp32/contig/random  B= 32769 s0 sample -> ok             err=4.64e-07 bad=0/271 wall=10.03s
[   2.7m] probe     bmm/out-512x64x128/fp32/contig/random  B= 32770 s0 sample -> ok             err=4.85e-07 bad=0/271 wall=10.5s
[   2.9m] probe     bmm/out-512x64x128/fp32/contig/random  B= 40960 s0 sample -> ok             err=4.74e-07 bad=0/274 wall=12.21s
[   3.1m] probe     bmm/out-512x64x128/fp32/contig/random  B= 49152 s0 sample -> ok             err=4.43e-07 bad=0/274 wall=13.98s
[   3.4m] probe     bmm/out-512x64x128/fp32/contig/random  B= 57344 s0 sample -> ok             err=4.73e-07 bad=0/281 wall=16.05s
[   3.7m] probe     bmm/out-512x64x128/fp32/contig/random  B= 65534 s0 sample -> ok             err=4.51e-07 bad=0/281 wall=17.66s
[   4.0m] probe     bmm/out-512x64x128/fp32/contig/random  B= 65535 s0 sample -> ok             err=4.49e-07 bad=0/281 wall=17.57s
[   4.3m] probe     bmm/out-512x64x128/fp32/contig/random  B= 65536 s0 sample -> ok             err=4.87e-07 bad=0/281 wall=17.7s
[   4.6m] probe     bmm/out-512x64x128/fp32/contig/random  B= 65537 s0 sample -> ok             err=4.44e-07 bad=0/281 wall=17.39s
[   4.8m] probe     bmm/out-512x64x128/fp32/contig/random  B= 65538 s0 sample -> ok             err=6.47e-07 bad=0/281 wall=17.77s
[   5.0m] probe     bmm/out-512x64x128/fp32/bT/random      B=  4096 s0 full   -> ok             err=5.96e-07 bad=0/4096 wall=8.11s
[   5.1m] probe     bmm/out-512x64x128/fp32/bT/random      B=  7168 s0 sample -> ok             err=4.48e-07 bad=0/266 wall=4.62s
[   5.2m] probe     bmm/out-512x64x128/fp32/bT/random      B= 10240 s0 sample -> ok             err=4.6e-07 bad=0/266 wall=5.52s
[   5.3m] probe     bmm/out-512x64x128/fp32/bT/random      B= 13312 s0 sample -> ok             err=4.99e-07 bad=0/266 wall=5.98s
[   5.4m] probe     bmm/out-512x64x128/fp32/bT/random      B= 16382 s0 sample -> ok             err=5.14e-07 bad=0/266 wall=6.93s
[   5.5m] probe     bmm/out-512x64x128/fp32/bT/random      B= 16383 s0 sample -> ok             err=5.17e-07 bad=0/266 wall=6.61s
[   5.6m] probe     bmm/out-512x64x128/fp32/bT/random      B= 16384 s0 sample -> ok             err=5.17e-07 bad=0/266 wall=6.97s
[   5.7m] probe     bmm/out-512x64x128/fp32/bT/random      B= 16385 s0 sample -> ok             err=4.73e-07 bad=0/266 wall=6.72s
[   5.8m] probe     bmm/out-512x64x128/fp32/bT/random      B= 16386 s0 sample -> ok             err=4.64e-07 bad=0/266 wall=7.03s
[   5.9m] probe     bmm/out-512x64x128/fp32/bT/random      B= 20480 s0 sample -> ok             err=5.17e-07 bad=0/270 wall=7.57s
[   6.1m] probe     bmm/out-512x64x128/fp32/bT/random      B= 24576 s0 sample -> ok             err=4.54e-07 bad=0/270 wall=8.58s
[   6.3m] probe     bmm/out-512x64x128/fp32/bT/random      B= 28672 s0 sample -> ok             err=4.48e-07 bad=0/271 wall=9.65s
[   6.4m] probe     bmm/out-512x64x128/fp32/bT/random      B= 32766 s0 sample -> ok             err=5.17e-07 bad=0/271 wall=10.45s
[   6.6m] probe     bmm/out-512x64x128/fp32/bT/random      B= 32767 s0 sample -> ok             err=5.17e-07 bad=0/271 wall=10.42s
[   6.8m] probe     bmm/out-512x64x128/fp32/bT/random      B= 32768 s0 sample -> ok             err=4.51e-07 bad=0/271 wall=10.35s
[   7.0m] probe     bmm/out-512x64x128/fp32/bT/random      B= 32769 s0 sample -> ok             err=4.64e-07 bad=0/271 wall=10.6s
[   7.1m] probe     bmm/out-512x64x128/fp32/bT/random      B= 32770 s0 sample -> ok             err=4.85e-07 bad=0/271 wall=10.61s
[   7.3m] probe     bmm/out-512x64x128/fp32/bT/random      B= 40960 s0 sample -> ok             err=4.74e-07 bad=0/274 wall=12.32s
[   7.6m] probe     bmm/out-512x64x128/fp32/bT/random      B= 49152 s0 sample -> ok             err=4.43e-07 bad=0/274 wall=14.19s
[   7.8m] probe     bmm/out-512x64x128/fp32/bT/random      B= 57344 s0 sample -> ok             err=4.73e-07 bad=0/281 wall=16.14s
[   8.1m] probe     bmm/out-512x64x128/fp32/bT/random      B= 65534 s0 sample -> ok             err=4.51e-07 bad=0/281 wall=18.27s
[   8.5m] probe     bmm/out-512x64x128/fp32/bT/random      B= 65535 s0 sample -> ok             err=4.49e-07 bad=0/281 wall=18.19s
[   8.8m] probe     bmm/out-512x64x128/fp32/bT/random      B= 65536 s0 sample -> ok             err=4.87e-07 bad=0/281 wall=18.42s
[   9.1m] probe     bmm/out-512x64x128/fp32/bT/random      B= 65537 s0 sample -> ok             err=4.44e-07 bad=0/281 wall=17.93s
[   9.4m] probe     bmm/out-512x64x128/fp32/bT/random      B= 65538 s0 sample -> ok             err=6.47e-07 bad=0/281 wall=17.97s
[  10.9m] final     bmm/out-512x64x128/fp32/contig/random  B= 65538 s0 full   -> ok             err=6.47e-07 bad=0/65538 wall=89.66s
[  12.4m] final     bmm/out-512x64x128/fp32/contig/random  B= 65538 s1 full   -> ok             err=7.23e-07 bad=0/65538 wall=89.14s
[  13.8m] final     bmm/out-512x64x128/fp32/contig/random  B= 65538 s2 full   -> ok             err=6.33e-07 bad=0/65538 wall=89.92s
[  15.4m] final     bmm/out-512x64x128/fp32/bT/random      B= 65538 s0 full   -> ok             err=6.47e-07 bad=0/65538 wall=90.09s
[  16.9m] final     bmm/out-512x64x128/fp32/bT/random      B= 65538 s1 full   -> ok             err=7.23e-07 bad=0/65538 wall=90.44s
[  18.4m] final     bmm/out-512x64x128/fp32/bT/random      B= 65538 s2 full   -> ok             err=6.33e-07 bad=0/65538 wall=90.32s
# 新規 59 実行, 18.4 分。W&B の送信完了を待つ
-> /content/mb/results/summary/a100/20260921T075453-a100.md
