Downloading numpy (15.9MiB)
Downloading pydantic-core (2.0MiB)
Downloading wandb (24.9MiB)
 Downloaded pydantic-core
 Downloaded numpy
 Downloaded wandb
Installed 25 packages in 23ms
wandb: [wandb.login()] Loaded credentials for https://api.wandb.ai from /root/.netrc.
# run_id=20260921T054329-a100 {'os': 'Linux', 'os_release': '6.6.122+', 'arch': 'x86_64', 'macos': '', 'macos_build': '', 'linux_distro': 'Ubuntu 24.04.1 LTS', 'hw_model': 'Google Compute Engine', 'chip': 'Intel(R) Xeon(R) CPU @ 2.20GHz', 'mem_bytes': 179370467328, 'n_cpu': 12, 'gpu_name': 'NVIDIA A100-SXM4-80GB', 'gpu_mem_bytes': 85899345920, 'gpu_driver': '580.82.07', 'gpu_mem_source': 'nvidia-smi'} worker={'python': '3.12.3', 'torch': '2.14.0+cu130', 'executable': '/root/.cache/uv/builds-v0/.tmpE38WqA/bin/python', 'cuda': '13.0', 'gpu_name': 'NVIDIA A100-SXM4-80GB', 'gpu_mem_bytes': 85094825984} code=8a89a4a limit=host 100GiB / GPU 72GiB  wandb=(private)
[   0.2m] calibrate bmm/out-256x64x256/fp32/contig/random  B=  4096 s0 full   -> ok             err=6.23e-07 bad=0/4096 wall=7.84s
[   0.3m] calibrate bmm/out-256x64x256/fp32/contig/random  B=  4096 s1 full   -> ok             err=6.84e-07 bad=0/4096 wall=8.14s
[   0.5m] calibrate bmm/out-256x64x256/fp32/contig/random  B=  4096 s2 full   -> ok             err=5.85e-07 bad=0/4096 wall=7.92s
# tol = {'fp32': 6.8366744239526226e-06}
[   0.6m] probe     bmm/out-256x64x256/fp32/contig/random  B=  4096 s0 full   -> ok             err=6.23e-07 bad=0/4096 wall=7.97s
[   0.7m] probe     bmm/out-256x64x256/fp32/contig/random  B=  5632 s0 sample -> ok             err=6.23e-07 bad=0/266 wall=4.37s
[   0.8m] probe     bmm/out-256x64x256/fp32/contig/random  B=  7168 s0 sample -> ok             err=4.73e-07 bad=0/266 wall=4.64s
[   0.8m] probe     bmm/out-256x64x256/fp32/contig/random  B=  8704 s0 sample -> ok             err=4.42e-07 bad=0/266 wall=4.9s
[   0.9m] probe     bmm/out-256x64x256/fp32/contig/random  B= 10240 s0 sample -> ok             err=6.23e-07 bad=0/266 wall=5.39s
[   1.0m] probe     bmm/out-256x64x256/fp32/contig/random  B= 11776 s0 sample -> ok             err=4.73e-07 bad=0/266 wall=5.52s
[   1.1m] probe     bmm/out-256x64x256/fp32/contig/random  B= 13312 s0 sample -> ok             err=4.76e-07 bad=0/266 wall=6.0s
[   1.2m] probe     bmm/out-256x64x256/fp32/contig/random  B= 14848 s0 sample -> ok             err=4.91e-07 bad=0/266 wall=6.12s
[   1.3m] probe     bmm/out-256x64x256/fp32/contig/random  B= 16382 s0 sample -> ok             err=4.51e-07 bad=0/266 wall=6.61s
[   1.4m] probe     bmm/out-256x64x256/fp32/contig/random  B= 16383 s0 sample -> ok             err=4.61e-07 bad=0/266 wall=6.49s
[   1.5m] probe     bmm/out-256x64x256/fp32/contig/random  B= 16384 s0 sample -> ok             err=5.18e-07 bad=0/266 wall=6.58s
[   1.7m] probe     bmm/out-256x64x256/fp32/contig/random  B= 16385 s0 sample -> ok             err=5.18e-07 bad=0/266 wall=6.55s
[   1.8m] probe     bmm/out-256x64x256/fp32/contig/random  B= 16386 s0 sample -> ok             err=5.18e-07 bad=0/266 wall=6.72s
[   1.9m] probe     bmm/out-256x64x256/fp32/contig/random  B= 18432 s0 sample -> ok             err=4.76e-07 bad=0/271 wall=6.82s
[   2.0m] probe     bmm/out-256x64x256/fp32/contig/random  B= 20480 s0 sample -> ok             err=6.23e-07 bad=0/270 wall=7.57s
[   2.1m] probe     bmm/out-256x64x256/fp32/contig/random  B= 22528 s0 sample -> ok             err=6.23e-07 bad=0/271 wall=7.89s
[   2.3m] probe     bmm/out-256x64x256/fp32/contig/random  B= 24576 s0 sample -> ok             err=4.58e-07 bad=0/270 wall=8.4s
[   2.4m] probe     bmm/out-256x64x256/fp32/contig/random  B= 26624 s0 sample -> ok             err=4.76e-07 bad=0/271 wall=8.89s
[   2.6m] probe     bmm/out-256x64x256/fp32/contig/random  B= 28672 s0 sample -> ok             err=4.89e-07 bad=0/271 wall=9.17s
[   2.7m] probe     bmm/out-256x64x256/fp32/contig/random  B= 30720 s0 sample -> ok             err=6.23e-07 bad=0/270 wall=9.5s
[   2.9m] probe     bmm/out-256x64x256/fp32/contig/random  B= 32766 s0 sample -> ok             err=4.41e-07 bad=0/271 wall=10.49s
[   3.1m] probe     bmm/out-256x64x256/fp32/contig/random  B= 32767 s0 sample -> ok             err=4.41e-07 bad=0/271 wall=10.32s
[   3.3m] probe     bmm/out-256x64x256/fp32/contig/random  B= 32768 s0 sample -> ok             err=4.58e-07 bad=0/271 wall=10.12s
[   3.4m] probe     bmm/out-256x64x256/fp32/contig/random  B= 32769 s0 sample -> ok             err=4.59e-07 bad=0/271 wall=9.8s
[   3.6m] probe     bmm/out-256x64x256/fp32/contig/random  B= 32770 s0 sample -> ok             err=5.01e-07 bad=0/271 wall=10.05s
[   3.8m] probe     bmm/out-256x64x256/fp32/contig/random  B= 36864 s0 sample -> ok             err=4.46e-07 bad=0/276 wall=11.09s
[   4.0m] probe     bmm/out-256x64x256/fp32/contig/random  B= 40960 s0 sample -> ok             err=4.35e-07 bad=0/274 wall=12.12s
[   4.2m] probe     bmm/out-256x64x256/fp32/contig/random  B= 45056 s0 sample -> ok             err=6.23e-07 bad=0/276 wall=12.87s
[   4.4m] probe     bmm/out-256x64x256/fp32/contig/random  B= 49152 s0 sample -> ok             err=4.83e-07 bad=0/274 wall=13.7s
[   4.7m] probe     bmm/out-256x64x256/fp32/contig/random  B= 53248 s0 sample -> ok             err=5.42e-07 bad=0/281 wall=14.77s
[   4.9m] probe     bmm/out-256x64x256/fp32/contig/random  B= 57344 s0 sample -> ok             err=4.39e-07 bad=0/281 wall=15.44s
[   5.2m] probe     bmm/out-256x64x256/fp32/contig/random  B= 61440 s0 sample -> ok             err=6.23e-07 bad=0/278 wall=16.37s
[   5.5m] probe     bmm/out-256x64x256/fp32/contig/random  B= 65534 s0 sample -> ok             err=4.35e-07 bad=0/281 wall=17.1s
[   5.8m] probe     bmm/out-256x64x256/fp32/contig/random  B= 65535 s0 sample -> ok             err=5.02e-07 bad=0/281 wall=17.28s
[   6.1m] probe     bmm/out-256x64x256/fp32/contig/random  B= 65536 s0 sample -> ok             err=4.84e-07 bad=0/281 wall=17.46s
[   6.3m] probe     bmm/out-256x64x256/fp32/contig/random  B= 65537 s0 sample -> ok             err=4.63e-07 bad=0/281 wall=17.19s
[   6.6m] probe     bmm/out-256x64x256/fp32/contig/random  B= 65538 s0 sample -> ok             err=5.01e-07 bad=0/281 wall=17.57s
[   6.8m] probe     bmm/out-256x64x256/fp32/bT/random      B=  4096 s0 full   -> ok             err=6.23e-07 bad=0/4096 wall=7.86s
[   6.8m] probe     bmm/out-256x64x256/fp32/bT/random      B=  5632 s0 sample -> ok             err=6.23e-07 bad=0/266 wall=4.36s
[   6.9m] probe     bmm/out-256x64x256/fp32/bT/random      B=  7168 s0 sample -> ok             err=4.73e-07 bad=0/266 wall=4.7s
[   7.0m] probe     bmm/out-256x64x256/fp32/bT/random      B=  8704 s0 sample -> ok             err=4.42e-07 bad=0/266 wall=5.02s
[   7.1m] probe     bmm/out-256x64x256/fp32/bT/random      B= 10240 s0 sample -> ok             err=6.23e-07 bad=0/266 wall=5.51s
[   7.2m] probe     bmm/out-256x64x256/fp32/bT/random      B= 11776 s0 sample -> ok             err=4.73e-07 bad=0/266 wall=5.68s
[   7.3m] probe     bmm/out-256x64x256/fp32/bT/random      B= 13312 s0 sample -> ok             err=4.76e-07 bad=0/266 wall=6.09s
[   7.4m] probe     bmm/out-256x64x256/fp32/bT/random      B= 14848 s0 sample -> ok             err=4.91e-07 bad=0/266 wall=6.36s
[   7.5m] probe     bmm/out-256x64x256/fp32/bT/random      B= 16382 s0 sample -> ok             err=4.51e-07 bad=0/266 wall=6.8s
[   7.6m] probe     bmm/out-256x64x256/fp32/bT/random      B= 16383 s0 sample -> ok             err=4.61e-07 bad=0/266 wall=6.68s
[   7.7m] probe     bmm/out-256x64x256/fp32/bT/random      B= 16384 s0 sample -> ok             err=5.18e-07 bad=0/266 wall=7.14s
[   7.9m] probe     bmm/out-256x64x256/fp32/bT/random      B= 16385 s0 sample -> ok             err=5.18e-07 bad=0/266 wall=6.68s
[   8.0m] probe     bmm/out-256x64x256/fp32/bT/random      B= 16386 s0 sample -> ok             err=5.18e-07 bad=0/266 wall=7.0s
[   8.1m] probe     bmm/out-256x64x256/fp32/bT/random      B= 18432 s0 sample -> ok             err=4.76e-07 bad=0/271 wall=7.41s
[   8.2m] probe     bmm/out-256x64x256/fp32/bT/random      B= 20480 s0 sample -> ok             err=6.23e-07 bad=0/270 wall=7.78s
[   8.4m] probe     bmm/out-256x64x256/fp32/bT/random      B= 22528 s0 sample -> ok             err=6.23e-07 bad=0/271 wall=8.26s
[   8.5m] probe     bmm/out-256x64x256/fp32/bT/random      B= 24576 s0 sample -> ok             err=4.58e-07 bad=0/270 wall=8.52s
[   8.7m] probe     bmm/out-256x64x256/fp32/bT/random      B= 26624 s0 sample -> ok             err=4.76e-07 bad=0/271 wall=9.32s
[   8.8m] probe     bmm/out-256x64x256/fp32/bT/random      B= 28672 s0 sample -> ok             err=4.89e-07 bad=0/271 wall=9.79s
[   9.0m] probe     bmm/out-256x64x256/fp32/bT/random      B= 30720 s0 sample -> ok             err=6.23e-07 bad=0/270 wall=10.0s
[   9.2m] probe     bmm/out-256x64x256/fp32/bT/random      B= 32766 s0 sample -> ok             err=4.41e-07 bad=0/271 wall=10.41s
[   9.3m] probe     bmm/out-256x64x256/fp32/bT/random      B= 32767 s0 sample -> ok             err=4.41e-07 bad=0/271 wall=10.59s
[   9.5m] probe     bmm/out-256x64x256/fp32/bT/random      B= 32768 s0 sample -> ok             err=4.58e-07 bad=0/271 wall=10.74s
[   9.7m] probe     bmm/out-256x64x256/fp32/bT/random      B= 32769 s0 sample -> ok             err=4.59e-07 bad=0/271 wall=10.88s
[   9.9m] probe     bmm/out-256x64x256/fp32/bT/random      B= 32770 s0 sample -> ok             err=5.01e-07 bad=0/271 wall=10.72s
[  10.1m] probe     bmm/out-256x64x256/fp32/bT/random      B= 36864 s0 sample -> ok             err=4.46e-07 bad=0/276 wall=11.45s
[  10.3m] probe     bmm/out-256x64x256/fp32/bT/random      B= 40960 s0 sample -> ok             err=4.35e-07 bad=0/274 wall=12.3s
[  10.5m] probe     bmm/out-256x64x256/fp32/bT/random      B= 45056 s0 sample -> ok             err=6.23e-07 bad=0/276 wall=13.51s
[  10.7m] probe     bmm/out-256x64x256/fp32/bT/random      B= 49152 s0 sample -> ok             err=4.83e-07 bad=0/274 wall=14.39s
[  11.0m] probe     bmm/out-256x64x256/fp32/bT/random      B= 53248 s0 sample -> ok             err=5.42e-07 bad=0/281 wall=15.23s
[  11.3m] probe     bmm/out-256x64x256/fp32/bT/random      B= 57344 s0 sample -> ok             err=4.39e-07 bad=0/281 wall=16.12s
[  11.6m] probe     bmm/out-256x64x256/fp32/bT/random      B= 61440 s0 sample -> ok             err=6.23e-07 bad=0/278 wall=16.98s
[  11.9m] probe     bmm/out-256x64x256/fp32/bT/random      B= 65534 s0 sample -> ok             err=4.35e-07 bad=0/281 wall=18.03s
[  12.1m] probe     bmm/out-256x64x256/fp32/bT/random      B= 65535 s0 sample -> ok             err=5.02e-07 bad=0/281 wall=17.89s
[  12.5m] probe     bmm/out-256x64x256/fp32/bT/random      B= 65536 s0 sample -> ok             err=4.84e-07 bad=0/281 wall=18.04s
[  12.8m] probe     bmm/out-256x64x256/fp32/bT/random      B= 65537 s0 sample -> ok             err=4.63e-07 bad=0/281 wall=18.09s
[  13.1m] probe     bmm/out-256x64x256/fp32/bT/random      B= 65538 s0 sample -> ok             err=5.01e-07 bad=0/281 wall=17.9s
[  13.1m] idx_probe bmm/out-256x64x256/fp32/contig/idx_a_batch B=  4096 s0 sample -> ok             err=0 bad=0/266 wall=2.84s
[  13.2m] idx_probe bmm/out-256x64x256/fp32/contig/idx_a_batch B= 16383 s0 sample -> ok             err=0 bad=0/266 wall=3.41s
[  13.2m] idx_probe bmm/out-256x64x256/fp32/contig/idx_a_batch B= 16385 s0 sample -> ok             err=0 bad=0/266 wall=3.42s
[  13.3m] idx_probe bmm/out-256x64x256/fp32/contig/idx_a_batch B= 32767 s0 sample -> ok             err=0 bad=0/271 wall=4.39s
[  13.4m] idx_probe bmm/out-256x64x256/fp32/contig/idx_a_batch B= 32769 s0 sample -> ok             err=0 bad=0/271 wall=4.23s
[  13.5m] idx_probe bmm/out-256x64x256/fp32/contig/idx_a_batch B= 65535 s0 sample -> ok             err=0 bad=0/281 wall=5.82s
[  13.6m] idx_probe bmm/out-256x64x256/fp32/contig/idx_a_batch B= 65537 s0 sample -> ok             err=0 bad=0/281 wall=5.89s
[  13.6m] idx_probe bmm/out-256x64x256/fp32/bT/idx_a_batch B=  4096 s0 sample -> ok             err=0 bad=0/266 wall=2.85s
[  13.7m] idx_probe bmm/out-256x64x256/fp32/bT/idx_a_batch B= 16383 s0 sample -> ok             err=0 bad=0/266 wall=3.71s
[  13.7m] idx_probe bmm/out-256x64x256/fp32/bT/idx_a_batch B= 16385 s0 sample -> ok             err=0 bad=0/266 wall=3.67s
[  13.8m] idx_probe bmm/out-256x64x256/fp32/bT/idx_a_batch B= 32767 s0 sample -> ok             err=0 bad=0/271 wall=4.6s
[  13.9m] idx_probe bmm/out-256x64x256/fp32/bT/idx_a_batch B= 32769 s0 sample -> ok             err=0 bad=0/271 wall=4.59s
[  14.0m] idx_probe bmm/out-256x64x256/fp32/bT/idx_a_batch B= 65535 s0 sample -> ok             err=0 bad=0/281 wall=6.62s
[  14.1m] idx_probe bmm/out-256x64x256/fp32/bT/idx_a_batch B= 65537 s0 sample -> ok             err=0 bad=0/281 wall=6.65s
[  14.1m] idx_probe bmm/out-256x64x256/fp32/contig/idx_a_rc B=  4096 s0 sample -> ok             err=0 bad=0/266 wall=2.94s
[  14.2m] idx_probe bmm/out-256x64x256/fp32/contig/idx_a_rc B= 16383 s0 sample -> ok             err=0 bad=0/266 wall=3.64s
[  14.3m] idx_probe bmm/out-256x64x256/fp32/contig/idx_a_rc B= 16385 s0 sample -> ok             err=0 bad=0/266 wall=3.51s
[  14.3m] idx_probe bmm/out-256x64x256/fp32/contig/idx_a_rc B= 32767 s0 sample -> ok             err=0 bad=0/271 wall=4.55s
[  14.4m] idx_probe bmm/out-256x64x256/fp32/contig/idx_a_rc B= 32769 s0 sample -> ok             err=0 bad=0/271 wall=4.4s
[  14.5m] idx_probe bmm/out-256x64x256/fp32/contig/idx_a_rc B= 65535 s0 sample -> ok             err=0 bad=0/281 wall=5.95s
[  14.6m] idx_probe bmm/out-256x64x256/fp32/contig/idx_a_rc B= 65537 s0 sample -> ok             err=0 bad=0/281 wall=6.03s
[  14.7m] idx_probe bmm/out-256x64x256/fp32/bT/idx_a_rc    B=  4096 s0 sample -> ok             err=0 bad=0/266 wall=3.0s
[  14.7m] idx_probe bmm/out-256x64x256/fp32/bT/idx_a_rc    B= 16383 s0 sample -> ok             err=0 bad=0/266 wall=3.87s
[  14.8m] idx_probe bmm/out-256x64x256/fp32/bT/idx_a_rc    B= 16385 s0 sample -> ok             err=0 bad=0/266 wall=3.86s
[  14.9m] idx_probe bmm/out-256x64x256/fp32/bT/idx_a_rc    B= 32767 s0 sample -> ok             err=0 bad=0/271 wall=4.75s
[  15.0m] idx_probe bmm/out-256x64x256/fp32/bT/idx_a_rc    B= 32769 s0 sample -> ok             err=0 bad=0/271 wall=5.0s
[  15.1m] idx_probe bmm/out-256x64x256/fp32/bT/idx_a_rc    B= 65535 s0 sample -> ok             err=0 bad=0/281 wall=6.83s
[  15.2m] idx_probe bmm/out-256x64x256/fp32/bT/idx_a_rc    B= 65537 s0 sample -> ok             err=0 bad=0/281 wall=7.03s
[  15.2m] idx_probe bmm/out-256x64x256/fp32/contig/idx_b_batch B=  4096 s0 sample -> ok             err=0 bad=0/266 wall=2.84s
[  15.3m] idx_probe bmm/out-256x64x256/fp32/contig/idx_b_batch B= 16383 s0 sample -> ok             err=0 bad=0/266 wall=3.5s
[  15.4m] idx_probe bmm/out-256x64x256/fp32/contig/idx_b_batch B= 16385 s0 sample -> ok             err=0 bad=0/266 wall=3.52s
[  15.4m] idx_probe bmm/out-256x64x256/fp32/contig/idx_b_batch B= 32767 s0 sample -> ok             err=0 bad=0/271 wall=4.33s
[  15.5m] idx_probe bmm/out-256x64x256/fp32/contig/idx_b_batch B= 32769 s0 sample -> ok             err=0 bad=0/271 wall=4.28s
[  15.6m] idx_probe bmm/out-256x64x256/fp32/contig/idx_b_batch B= 65535 s0 sample -> ok             err=0 bad=0/281 wall=5.94s
[  15.7m] idx_probe bmm/out-256x64x256/fp32/contig/idx_b_batch B= 65537 s0 sample -> ok             err=0 bad=0/281 wall=5.85s
[  15.7m] idx_probe bmm/out-256x64x256/fp32/bT/idx_b_batch B=  4096 s0 sample -> ok             err=0 bad=0/266 wall=2.85s
[  15.8m] idx_probe bmm/out-256x64x256/fp32/bT/idx_b_batch B= 16383 s0 sample -> ok             err=0 bad=0/266 wall=3.84s
[  15.9m] idx_probe bmm/out-256x64x256/fp32/bT/idx_b_batch B= 16385 s0 sample -> ok             err=0 bad=0/266 wall=3.69s
[  15.9m] idx_probe bmm/out-256x64x256/fp32/bT/idx_b_batch B= 32767 s0 sample -> ok             err=0 bad=0/271 wall=4.67s
[  16.0m] idx_probe bmm/out-256x64x256/fp32/bT/idx_b_batch B= 32769 s0 sample -> ok             err=0 bad=0/271 wall=4.9s
[  16.1m] idx_probe bmm/out-256x64x256/fp32/bT/idx_b_batch B= 65535 s0 sample -> ok             err=0 bad=0/281 wall=6.58s
[  16.3m] idx_probe bmm/out-256x64x256/fp32/bT/idx_b_batch B= 65537 s0 sample -> ok             err=0 bad=0/281 wall=6.91s
[  16.3m] idx_probe bmm/out-256x64x256/fp32/contig/idx_b_rc B=  4096 s0 sample -> ok             err=0 bad=0/266 wall=2.97s
[  16.4m] idx_probe bmm/out-256x64x256/fp32/contig/idx_b_rc B= 16383 s0 sample -> ok             err=0 bad=0/266 wall=3.64s
[  16.4m] idx_probe bmm/out-256x64x256/fp32/contig/idx_b_rc B= 16385 s0 sample -> ok             err=0 bad=0/266 wall=3.58s
[  16.5m] idx_probe bmm/out-256x64x256/fp32/contig/idx_b_rc B= 32767 s0 sample -> ok             err=0 bad=0/271 wall=4.39s
[  16.6m] idx_probe bmm/out-256x64x256/fp32/contig/idx_b_rc B= 32769 s0 sample -> ok             err=0 bad=0/271 wall=4.38s
[  16.7m] idx_probe bmm/out-256x64x256/fp32/contig/idx_b_rc B= 65535 s0 sample -> ok             err=0 bad=0/281 wall=6.19s
[  16.8m] idx_probe bmm/out-256x64x256/fp32/contig/idx_b_rc B= 65537 s0 sample -> ok             err=0 bad=0/281 wall=6.04s
[  16.8m] idx_probe bmm/out-256x64x256/fp32/bT/idx_b_rc    B=  4096 s0 sample -> ok             err=0 bad=0/266 wall=2.99s
[  16.9m] idx_probe bmm/out-256x64x256/fp32/bT/idx_b_rc    B= 16383 s0 sample -> ok             err=0 bad=0/266 wall=3.88s
[  16.9m] idx_probe bmm/out-256x64x256/fp32/bT/idx_b_rc    B= 16385 s0 sample -> ok             err=0 bad=0/266 wall=3.73s
[  17.0m] idx_probe bmm/out-256x64x256/fp32/bT/idx_b_rc    B= 32767 s0 sample -> ok             err=0 bad=0/271 wall=4.77s
[  17.1m] idx_probe bmm/out-256x64x256/fp32/bT/idx_b_rc    B= 32769 s0 sample -> ok             err=0 bad=0/271 wall=4.86s
[  17.2m] idx_probe bmm/out-256x64x256/fp32/bT/idx_b_rc    B= 65535 s0 sample -> ok             err=0 bad=0/281 wall=6.76s
[  17.3m] idx_probe bmm/out-256x64x256/fp32/bT/idx_b_rc    B= 65537 s0 sample -> ok             err=0 bad=0/281 wall=6.85s
[  18.8m] final     bmm/out-256x64x256/fp32/contig/random  B= 65538 s0 full   -> ok             err=6.44e-07 bad=0/65538 wall=89.66s
[  20.3m] final     bmm/out-256x64x256/fp32/contig/random  B= 65538 s1 full   -> ok             err=6.84e-07 bad=0/65538 wall=90.25s
[  21.8m] final     bmm/out-256x64x256/fp32/contig/random  B= 65538 s2 full   -> ok             err=6.67e-07 bad=0/65538 wall=90.27s
[  23.0m] final     bmm/out-256x64x256/fp32/contig/idx_a_batch B= 65538 s0 full   -> ok             err=0 bad=0/65538 wall=68.71s
[  24.1m] final     bmm/out-256x64x256/fp32/contig/idx_a_rc B= 65538 s0 full   -> ok             err=0 bad=0/65538 wall=69.06s
[  25.3m] final     bmm/out-256x64x256/fp32/contig/idx_b_batch B= 65538 s0 full   -> ok             err=0 bad=0/65538 wall=68.35s
[  26.4m] final     bmm/out-256x64x256/fp32/contig/idx_b_rc B= 65538 s0 full   -> ok             err=0 bad=0/65538 wall=69.43s
[  28.0m] final     bmm/out-256x64x256/fp32/bT/random      B= 65538 s0 full   -> ok             err=6.44e-07 bad=0/65538 wall=91.82s
[  29.5m] final     bmm/out-256x64x256/fp32/bT/random      B= 65538 s1 full   -> ok             err=6.84e-07 bad=0/65538 wall=91.49s
[  31.0m] final     bmm/out-256x64x256/fp32/bT/random      B= 65538 s2 full   -> ok             err=6.67e-07 bad=0/65538 wall=91.41s
[  32.2m] final     bmm/out-256x64x256/fp32/bT/idx_a_batch B= 65538 s0 full   -> ok             err=0 bad=0/65538 wall=69.61s
[  33.3m] final     bmm/out-256x64x256/fp32/bT/idx_a_rc    B= 65538 s0 full   -> ok             err=0 bad=0/65538 wall=70.22s
[  34.5m] final     bmm/out-256x64x256/fp32/bT/idx_b_batch B= 65538 s0 full   -> ok             err=0 bad=0/65538 wall=68.98s
[  35.7m] final     bmm/out-256x64x256/fp32/bT/idx_b_rc    B= 65538 s0 full   -> ok             err=0 bad=0/65538 wall=69.71s
# 新規 147 実行, 35.7 分。W&B の送信完了を待つ
-> /content/mb/results/summary/a100/20260921T054329-a100.md
