Downloading numpy (15.9MiB)
 Downloaded numpy
Installed 1 package in 18ms
# run_id=20260919T140336-a100 {'os': 'Linux', 'os_release': '6.6.122+', 'arch': 'x86_64', 'macos': '', 'macos_build': '', 'linux_distro': 'Ubuntu 24.04.1 LTS', 'hw_model': 'Google Compute Engine', 'chip': 'Intel(R) Xeon(R) CPU @ 2.20GHz', 'mem_bytes': 179370467328, 'n_cpu': 12, 'gpu_name': 'NVIDIA A100-SXM4-80GB', 'gpu_mem_bytes': 85899345920, 'gpu_driver': '580.82.07', 'gpu_mem_source': 'nvidia-smi'} worker={'python': '3.12.3', 'torch': '2.14.0+cu130', 'executable': '/root/.cache/uv/builds-v0/.tmppMOO3J/bin/python', 'cuda': '13.0', 'gpu_name': 'NVIDIA A100-SXM4-80GB', 'gpu_mem_bytes': 85094825984} code=790483c limit=host 100GiB / GPU 72GiB 
[   0.1m] calibrate bmm/in-256x256x64/fp16/contig/random   B=  4096 s0 full   -> ok             err=0.000421 bad=0/4096 wall=7.23s
[   0.2m] calibrate bmm/in-256x256x64/fp16/contig/random   B=  4096 s1 full   -> ok             err=0.000414 bad=0/4096 wall=6.52s
[   0.3m] calibrate bmm/in-256x256x64/fp16/contig/random   B=  4096 s2 full   -> ok             err=0.00042 bad=0/4096 wall=6.97s
# tol = {'fp16': 0.004211458134780279}
[   0.5m] probe     bmm/in-256x256x64/fp16/aT/random       B=  4096 s0 full   -> ok             err=0.000421 bad=0/4096 wall=6.7s
[   0.6m] probe     bmm/in-256x256x64/fp16/aT/random       B=  7680 s0 sample -> ok             err=0.000404 bad=0/266 wall=6.37s
[   0.7m] probe     bmm/in-256x256x64/fp16/aT/random       B= 11264 s0 sample -> ok             err=0.000404 bad=0/266 wall=7.37s
[   0.8m] probe     bmm/in-256x256x64/fp16/aT/random       B= 14848 s0 sample -> ok             err=0.000406 bad=0/266 wall=8.75s
[   1.0m] probe     bmm/in-256x256x64/fp16/aT/random       B= 18432 s0 sample -> ok             err=0.000403 bad=0/266 wall=10.35s
[   1.2m] probe     bmm/in-256x256x64/fp16/aT/random       B= 22016 s0 sample -> ok             err=0.000404 bad=0/266 wall=11.54s
[   1.4m] probe     bmm/in-256x256x64/fp16/aT/random       B= 25600 s0 sample -> ok             err=0.000402 bad=0/266 wall=12.96s
[   1.6m] probe     bmm/in-256x256x64/fp16/aT/random       B= 29184 s0 sample -> ok             err=0.0004 bad=0/266 wall=14.2s
[   1.9m] probe     bmm/in-256x256x64/fp16/aT/random       B= 32766 s0 sample -> ok             err=0.000404 bad=0/266 wall=15.46s
[   2.2m] probe     bmm/in-256x256x64/fp16/aT/random       B= 32767 s0 sample -> ok             err=0.000404 bad=0/266 wall=15.32s
[   2.4m] probe     bmm/in-256x256x64/fp16/aT/random       B= 32768 s0 sample -> ok             err=0.000404 bad=0/266 wall=15.26s
[   2.7m] probe     bmm/in-256x256x64/fp16/aT/random       B= 32769 s0 sample -> ok             err=0.000403 bad=0/266 wall=15.53s
[   2.9m] probe     bmm/in-256x256x64/fp16/aT/random       B= 32770 s0 sample -> ok             err=0.000409 bad=0/266 wall=15.64s
[   3.2m] probe     bmm/in-256x256x64/fp16/aT/random       B= 36864 s0 sample -> ok             err=0.000403 bad=0/271 wall=16.91s
[   3.5m] probe     bmm/in-256x256x64/fp16/aT/random       B= 40960 s0 sample -> ok             err=0.000408 bad=0/270 wall=18.42s
[   3.9m] probe     bmm/in-256x256x64/fp16/aT/random       B= 45056 s0 sample -> ok             err=0.000402 bad=0/271 wall=20.06s
[   4.2m] probe     bmm/in-256x256x64/fp16/aT/random       B= 49152 s0 sample -> ok             err=0.000407 bad=0/270 wall=21.35s
[   4.6m] probe     bmm/in-256x256x64/fp16/aT/random       B= 53248 s0 sample -> ok             err=0.000396 bad=0/271 wall=22.8s
[   5.0m] probe     bmm/in-256x256x64/fp16/aT/random       B= 57344 s0 sample -> ok             err=0.0004 bad=0/271 wall=24.37s
[   5.4m] probe     bmm/in-256x256x64/fp16/aT/random       B= 61440 s0 sample -> ok             err=0.000414 bad=0/270 wall=25.81s
[   5.9m] probe     bmm/in-256x256x64/fp16/aT/random       B= 65534 s0 sample -> ok             err=0.000403 bad=0/271 wall=27.69s
[   6.3m] probe     bmm/in-256x256x64/fp16/aT/random       B= 65535 s0 sample -> ok             err=0.000403 bad=0/271 wall=27.28s
[   6.8m] probe     bmm/in-256x256x64/fp16/aT/random       B= 65536 s0 sample -> ok             err=0.000407 bad=0/271 wall=27.45s
[   7.3m] probe     bmm/in-256x256x64/fp16/aT/random       B= 65537 s0 sample -> ok             err=0.000403 bad=0/271 wall=27.7s
[   7.7m] probe     bmm/in-256x256x64/fp16/aT/random       B= 65538 s0 sample -> ok             err=0.000409 bad=0/271 wall=27.6s
[   7.8m] probe     bmm/in-256x256x64/fp16/slice/random    B=  4096 s0 full   -> ok             err=0.000421 bad=0/4096 wall=6.56s
[   7.9m] probe     bmm/in-256x256x64/fp16/slice/random    B=  7680 s0 sample -> ok             err=0.000404 bad=0/266 wall=6.17s
[   8.1m] probe     bmm/in-256x256x64/fp16/slice/random    B= 11264 s0 sample -> ok             err=0.000404 bad=0/266 wall=7.09s
[   8.2m] probe     bmm/in-256x256x64/fp16/slice/random    B= 14848 s0 sample -> ok             err=0.000406 bad=0/266 wall=8.71s
[   8.4m] probe     bmm/in-256x256x64/fp16/slice/random    B= 18432 s0 sample -> ok             err=0.000403 bad=0/266 wall=9.8s
[   8.5m] probe     bmm/in-256x256x64/fp16/slice/random    B= 22016 s0 sample -> ok             err=0.000404 bad=0/266 wall=10.81s
[   8.7m] probe     bmm/in-256x256x64/fp16/slice/random    B= 25600 s0 sample -> ok             err=0.000402 bad=0/266 wall=12.12s
[   9.0m] probe     bmm/in-256x256x64/fp16/slice/random    B= 29184 s0 sample -> ok             err=0.0004 bad=0/266 wall=13.21s
[   9.2m] probe     bmm/in-256x256x64/fp16/slice/random    B= 32766 s0 sample -> ok             err=0.000404 bad=0/266 wall=14.57s
[   9.5m] probe     bmm/in-256x256x64/fp16/slice/random    B= 32767 s0 sample -> ok             err=0.000404 bad=0/266 wall=14.47s
[   9.7m] probe     bmm/in-256x256x64/fp16/slice/random    B= 32768 s0 sample -> ok             err=0.000404 bad=0/266 wall=14.66s
[   9.9m] probe     bmm/in-256x256x64/fp16/slice/random    B= 32769 s0 sample -> ok             err=0.000403 bad=0/266 wall=14.55s
[  10.2m] probe     bmm/in-256x256x64/fp16/slice/random    B= 32770 s0 sample -> ok             err=0.000409 bad=0/266 wall=14.35s
[  10.4m] probe     bmm/in-256x256x64/fp16/slice/random    B= 36864 s0 sample -> ok             err=0.000403 bad=0/271 wall=15.87s
[  10.7m] probe     bmm/in-256x256x64/fp16/slice/random    B= 40960 s0 sample -> ok             err=0.000408 bad=0/270 wall=17.33s
[  11.0m] probe     bmm/in-256x256x64/fp16/slice/random    B= 45056 s0 sample -> ok             err=0.000402 bad=0/271 wall=18.75s
[  11.4m] probe     bmm/in-256x256x64/fp16/slice/random    B= 49152 s0 sample -> ok             err=0.000407 bad=0/270 wall=19.88s
[  11.7m] probe     bmm/in-256x256x64/fp16/slice/random    B= 53248 s0 sample -> ok             err=0.000396 bad=0/271 wall=21.17s
[  12.1m] probe     bmm/in-256x256x64/fp16/slice/random    B= 57344 s0 sample -> ok             err=0.0004 bad=0/271 wall=22.99s
[  12.5m] probe     bmm/in-256x256x64/fp16/slice/random    B= 61440 s0 sample -> ok             err=0.000414 bad=0/270 wall=24.3s
[  12.9m] probe     bmm/in-256x256x64/fp16/slice/random    B= 65534 s0 sample -> ok             err=0.000403 bad=0/271 wall=25.68s
[  13.4m] probe     bmm/in-256x256x64/fp16/slice/random    B= 65535 s0 sample -> ok             err=0.000403 bad=0/271 wall=25.57s
[  13.8m] probe     bmm/in-256x256x64/fp16/slice/random    B= 65536 s0 sample -> ok             err=0.000407 bad=0/271 wall=25.47s
[  14.2m] probe     bmm/in-256x256x64/fp16/slice/random    B= 65537 s0 sample -> ok             err=0.000403 bad=0/271 wall=25.73s
[  14.7m] probe     bmm/in-256x256x64/fp16/slice/random    B= 65538 s0 sample -> ok             err=0.000409 bad=0/271 wall=25.72s
[  14.7m] idx_probe bmm/in-256x256x64/fp16/aT/idx_a_batch  B=  4096 s0 sample -> ok             err=0 bad=0/266 wall=3.1s
[  14.8m] idx_probe bmm/in-256x256x64/fp16/aT/idx_a_batch  B= 32767 s0 sample -> ok             err=0 bad=0/266 wall=5.62s
[  14.9m] idx_probe bmm/in-256x256x64/fp16/aT/idx_a_batch  B= 32769 s0 sample -> ok             err=0 bad=0/266 wall=5.55s
[  15.0m] idx_probe bmm/in-256x256x64/fp16/aT/idx_a_batch  B= 65535 s0 sample -> ok             err=0 bad=0/271 wall=8.62s
[  15.2m] idx_probe bmm/in-256x256x64/fp16/aT/idx_a_batch  B= 65537 s0 sample -> ok             err=0 bad=0/271 wall=8.78s
[  15.2m] idx_probe bmm/in-256x256x64/fp16/slice/idx_a_batch B=  4096 s0 sample -> ok             err=0 bad=0/266 wall=2.85s
[  15.3m] idx_probe bmm/in-256x256x64/fp16/slice/idx_a_batch B= 32767 s0 sample -> ok             err=0 bad=0/266 wall=4.7s
[  15.4m] idx_probe bmm/in-256x256x64/fp16/slice/idx_a_batch B= 32769 s0 sample -> ok             err=0 bad=0/266 wall=4.69s
[  15.5m] idx_probe bmm/in-256x256x64/fp16/slice/idx_a_batch B= 65535 s0 sample -> ok             err=0 bad=0/271 wall=6.62s
[  15.6m] idx_probe bmm/in-256x256x64/fp16/slice/idx_a_batch B= 65537 s0 sample -> ok             err=0 bad=0/271 wall=6.67s
[  15.7m] idx_probe bmm/in-256x256x64/fp16/aT/idx_a_rc     B=  4096 s0 sample -> ok             err=0 bad=0/266 wall=3.31s
[  15.8m] idx_probe bmm/in-256x256x64/fp16/aT/idx_a_rc     B= 32767 s0 sample -> ok             err=0 bad=0/266 wall=6.23s
[  15.9m] idx_probe bmm/in-256x256x64/fp16/aT/idx_a_rc     B= 32769 s0 sample -> ok             err=0 bad=0/266 wall=5.83s
[  16.0m] idx_probe bmm/in-256x256x64/fp16/aT/idx_a_rc     B= 65535 s0 sample -> ok             err=0 bad=0/271 wall=9.11s
[  16.2m] idx_probe bmm/in-256x256x64/fp16/aT/idx_a_rc     B= 65537 s0 sample -> ok             err=0 bad=0/271 wall=9.13s
[  16.2m] idx_probe bmm/in-256x256x64/fp16/slice/idx_a_rc  B=  4096 s0 sample -> ok             err=0 bad=0/266 wall=3.17s
[  16.3m] idx_probe bmm/in-256x256x64/fp16/slice/idx_a_rc  B= 32767 s0 sample -> ok             err=0 bad=0/266 wall=4.94s
[  16.4m] idx_probe bmm/in-256x256x64/fp16/slice/idx_a_rc  B= 32769 s0 sample -> ok             err=0 bad=0/266 wall=5.04s
[  16.5m] idx_probe bmm/in-256x256x64/fp16/slice/idx_a_rc  B= 65535 s0 sample -> ok             err=0 bad=0/271 wall=6.97s
[  16.6m] idx_probe bmm/in-256x256x64/fp16/slice/idx_a_rc  B= 65537 s0 sample -> ok             err=0 bad=0/271 wall=7.01s
[  16.7m] idx_probe bmm/in-256x256x64/fp16/aT/idx_b_batch  B=  4096 s0 sample -> ok             err=0 bad=0/266 wall=3.02s
[  16.8m] idx_probe bmm/in-256x256x64/fp16/aT/idx_b_batch  B= 32767 s0 sample -> ok             err=0 bad=0/266 wall=5.75s
[  16.9m] idx_probe bmm/in-256x256x64/fp16/aT/idx_b_batch  B= 32769 s0 sample -> ok             err=0 bad=0/266 wall=5.65s
[  17.0m] idx_probe bmm/in-256x256x64/fp16/aT/idx_b_batch  B= 65535 s0 sample -> ok             err=0 bad=0/271 wall=8.76s
[  17.1m] idx_probe bmm/in-256x256x64/fp16/aT/idx_b_batch  B= 65537 s0 sample -> ok             err=0 bad=0/271 wall=8.55s
[  17.2m] idx_probe bmm/in-256x256x64/fp16/slice/idx_b_batch B=  4096 s0 sample -> ok             err=0 bad=0/266 wall=2.9s
[  17.3m] idx_probe bmm/in-256x256x64/fp16/slice/idx_b_batch B= 32767 s0 sample -> ok             err=0 bad=0/266 wall=4.64s
[  17.4m] idx_probe bmm/in-256x256x64/fp16/slice/idx_b_batch B= 32769 s0 sample -> ok             err=0 bad=0/266 wall=4.78s
[  17.5m] idx_probe bmm/in-256x256x64/fp16/slice/idx_b_batch B= 65535 s0 sample -> ok             err=0 bad=0/271 wall=6.66s
[  17.6m] idx_probe bmm/in-256x256x64/fp16/slice/idx_b_batch B= 65537 s0 sample -> ok             err=0 bad=0/271 wall=6.68s
[  17.6m] idx_probe bmm/in-256x256x64/fp16/aT/idx_b_rc     B=  4096 s0 sample -> ok             err=0 bad=0/266 wall=3.14s
[  17.7m] idx_probe bmm/in-256x256x64/fp16/aT/idx_b_rc     B= 32767 s0 sample -> ok             err=0 bad=0/266 wall=5.71s
[  17.8m] idx_probe bmm/in-256x256x64/fp16/aT/idx_b_rc     B= 32769 s0 sample -> ok             err=0 bad=0/266 wall=5.98s
[  18.0m] idx_probe bmm/in-256x256x64/fp16/aT/idx_b_rc     B= 65535 s0 sample -> ok             err=0 bad=0/271 wall=8.68s
[  18.1m] idx_probe bmm/in-256x256x64/fp16/aT/idx_b_rc     B= 65537 s0 sample -> ok             err=0 bad=0/271 wall=8.65s
[  18.2m] idx_probe bmm/in-256x256x64/fp16/slice/idx_b_rc  B=  4096 s0 sample -> ok             err=0 bad=0/266 wall=3.07s
[  18.2m] idx_probe bmm/in-256x256x64/fp16/slice/idx_b_rc  B= 32767 s0 sample -> ok             err=0 bad=0/266 wall=4.84s
[  18.3m] idx_probe bmm/in-256x256x64/fp16/slice/idx_b_rc  B= 32769 s0 sample -> ok             err=0 bad=0/266 wall=4.72s
[  18.4m] idx_probe bmm/in-256x256x64/fp16/slice/idx_b_rc  B= 65535 s0 sample -> ok             err=0 bad=0/271 wall=6.93s
[  18.6m] idx_probe bmm/in-256x256x64/fp16/slice/idx_b_rc  B= 65537 s0 sample -> ok             err=0 bad=0/271 wall=6.79s
[  19.7m] final     bmm/in-256x256x64/fp16/aT/random       B= 65538 s0 full   -> ok             err=0.00043 bad=0/65538 wall=67.93s
[  20.8m] final     bmm/in-256x256x64/fp16/aT/random       B= 65538 s1 full   -> ok             err=0.000428 bad=0/65538 wall=68.0s
[  22.0m] final     bmm/in-256x256x64/fp16/aT/random       B= 65538 s2 full   -> ok             err=0.00044 bad=0/65538 wall=68.84s
[  22.5m] final     bmm/in-256x256x64/fp16/aT/idx_a_batch  B= 65538 s0 full   -> ok             err=0 bad=0/65538 wall=30.72s
[  23.0m] final     bmm/in-256x256x64/fp16/aT/idx_a_rc     B= 65538 s0 full   -> ok             err=0 bad=0/65538 wall=31.33s
[  23.5m] final     bmm/in-256x256x64/fp16/aT/idx_b_batch  B= 65538 s0 full   -> ok             err=0 bad=0/65538 wall=31.35s
[  24.0m] final     bmm/in-256x256x64/fp16/aT/idx_b_rc     B= 65538 s0 full   -> ok             err=0 bad=0/65538 wall=31.18s
[  25.2m] final     bmm/in-256x256x64/fp16/slice/random    B= 65538 s0 full   -> ok             err=0.00043 bad=0/65538 wall=67.08s
[  26.3m] final     bmm/in-256x256x64/fp16/slice/random    B= 65538 s1 full   -> ok             err=0.000428 bad=0/65538 wall=65.92s
[  27.4m] final     bmm/in-256x256x64/fp16/slice/random    B= 65538 s2 full   -> ok             err=0.00044 bad=0/65538 wall=66.28s
[  27.8m] final     bmm/in-256x256x64/fp16/slice/idx_a_batch B= 65538 s0 full   -> ok             err=0 bad=0/65538 wall=29.12s
[  28.3m] final     bmm/in-256x256x64/fp16/slice/idx_a_rc  B= 65538 s0 full   -> ok             err=0 bad=0/65538 wall=29.26s
[  28.8m] final     bmm/in-256x256x64/fp16/slice/idx_b_batch B= 65538 s0 full   -> ok             err=0 bad=0/65538 wall=28.8s
[  29.3m] final     bmm/in-256x256x64/fp16/slice/idx_b_rc  B= 65538 s0 full   -> ok             err=0 bad=0/65538 wall=29.28s
# 新規 107 実行, 29.3 分。W&B の送信完了を待つ
-> /content/mb/results/summary/a100/20260919T140336-a100.md
