Downloading numpy (15.9MiB)
 Downloaded numpy
Installed 1 package in 18ms
# run_id=20260919T132436-a100 {'os': 'Linux', 'os_release': '6.6.122+', 'arch': 'x86_64', 'macos': '', 'macos_build': '', 'linux_distro': 'Ubuntu 24.04.1 LTS', 'hw_model': 'Google Compute Engine', 'chip': 'Intel(R) Xeon(R) CPU @ 2.20GHz', 'mem_bytes': 179370467328, 'n_cpu': 12, 'gpu_name': 'NVIDIA A100-SXM4-80GB', 'gpu_mem_bytes': 85899345920, 'gpu_driver': '580.82.07', 'gpu_mem_source': 'nvidia-smi'} worker={'python': '3.12.3', 'torch': '2.14.0+cu130', 'executable': '/root/.cache/uv/builds-v0/.tmpU8faF6/bin/python', 'cuda': '13.0', 'gpu_name': 'NVIDIA A100-SXM4-80GB', 'gpu_mem_bytes': 85094825984} code=790483c limit=host 100GiB / GPU 72GiB 
[   0.1m] calibrate bmm/in-256x256x64/fp32/contig/random   B=  4096 s0 full   -> ok             err=1.05e-06 bad=0/4096 wall=6.58s
[   0.2m] calibrate bmm/in-256x256x64/fp32/contig/random   B=  4096 s1 full   -> ok             err=1.15e-06 bad=0/4096 wall=6.89s
[   0.3m] calibrate bmm/in-256x256x64/fp32/contig/random   B=  4096 s2 full   -> ok             err=1.23e-06 bad=0/4096 wall=6.44s
# tol = {'fp32': 1.2261421649489541e-05}
[   0.4m] probe     bmm/in-256x256x64/fp32/aT/random       B=  4096 s0 full   -> ok             err=1.05e-06 bad=0/4096 wall=7.0s
[   0.5m] probe     bmm/in-256x256x64/fp32/aT/random       B=  5632 s0 sample -> ok             err=1.23e-06 bad=0/266 wall=5.37s
[   0.6m] probe     bmm/in-256x256x64/fp32/aT/random       B=  7168 s0 sample -> ok             err=1.03e-06 bad=0/266 wall=6.13s
[   0.7m] probe     bmm/in-256x256x64/fp32/aT/random       B=  8704 s0 sample -> ok             err=9.72e-07 bad=0/266 wall=6.53s
[   0.9m] probe     bmm/in-256x256x64/fp32/aT/random       B= 10240 s0 sample -> ok             err=9.87e-07 bad=0/266 wall=7.5s
[   1.0m] probe     bmm/in-256x256x64/fp32/aT/random       B= 11776 s0 sample -> ok             err=9.61e-07 bad=0/266 wall=7.54s
[   1.1m] probe     bmm/in-256x256x64/fp32/aT/random       B= 13312 s0 sample -> ok             err=9.87e-07 bad=0/266 wall=8.37s
[   1.3m] probe     bmm/in-256x256x64/fp32/aT/random       B= 14848 s0 sample -> ok             err=9.6e-07 bad=0/266 wall=9.24s
[   1.5m] probe     bmm/in-256x256x64/fp32/aT/random       B= 16382 s0 sample -> ok             err=8.67e-07 bad=0/266 wall=9.59s
[   1.6m] probe     bmm/in-256x256x64/fp32/aT/random       B= 16383 s0 sample -> ok             err=9.4e-07 bad=0/266 wall=9.31s
[   1.8m] probe     bmm/in-256x256x64/fp32/aT/random       B= 16384 s0 sample -> ok             err=9.4e-07 bad=0/266 wall=9.61s
[   1.9m] probe     bmm/in-256x256x64/fp32/aT/random       B= 16385 s0 sample -> ok             err=9.1e-07 bad=0/266 wall=9.74s
[   2.1m] probe     bmm/in-256x256x64/fp32/aT/random       B= 16386 s0 sample -> ok             err=8.05e-07 bad=0/266 wall=9.78s
[   2.3m] probe     bmm/in-256x256x64/fp32/aT/random       B= 18432 s0 sample -> ok             err=9.87e-07 bad=0/271 wall=10.47s
[   2.5m] probe     bmm/in-256x256x64/fp32/aT/random       B= 20480 s0 sample -> ok             err=9.4e-07 bad=0/270 wall=11.0s
[   2.6m] probe     bmm/in-256x256x64/fp32/aT/random       B= 22528 s0 sample -> ok             err=8.91e-07 bad=0/271 wall=11.78s
[   2.9m] probe     bmm/in-256x256x64/fp32/aT/random       B= 24576 s0 sample -> ok             err=9.37e-07 bad=0/270 wall=12.31s
[   3.1m] probe     bmm/in-256x256x64/fp32/aT/random       B= 26624 s0 sample -> ok             err=9.87e-07 bad=0/271 wall=13.62s
[   3.3m] probe     bmm/in-256x256x64/fp32/aT/random       B= 28672 s0 sample -> ok             err=9.62e-07 bad=0/271 wall=14.09s
[   3.6m] probe     bmm/in-256x256x64/fp32/aT/random       B= 30720 s0 sample -> ok             err=9.87e-07 bad=0/270 wall=15.1s
[   3.8m] probe     bmm/in-256x256x64/fp32/aT/random       B= 32766 s0 sample -> ok             err=9.85e-07 bad=0/271 wall=15.89s
[   4.1m] probe     bmm/in-256x256x64/fp32/aT/random       B= 32767 s0 sample -> ok             err=8.67e-07 bad=0/271 wall=16.17s
[   4.4m] probe     bmm/in-256x256x64/fp32/aT/random       B= 32768 s0 sample -> ok             err=9.1e-07 bad=0/271 wall=15.86s
[   4.6m] probe     bmm/in-256x256x64/fp32/aT/random       B= 32769 s0 sample -> ok             err=9.56e-07 bad=0/271 wall=15.89s
[   4.9m] probe     bmm/in-256x256x64/fp32/aT/random       B= 32770 s0 sample -> ok             err=8.08e-07 bad=0/271 wall=15.86s
[   5.2m] probe     bmm/in-256x256x64/fp32/aT/random       B= 36864 s0 sample -> ok             err=8.91e-07 bad=0/276 wall=17.48s
[   5.5m] probe     bmm/in-256x256x64/fp32/aT/random       B= 40960 s0 sample -> ok             err=9.37e-07 bad=0/274 wall=19.1s
[   5.9m] probe     bmm/in-256x256x64/fp32/aT/random       B= 45056 s0 sample -> ok             err=8.82e-07 bad=0/276 wall=20.87s
[   6.2m] probe     bmm/in-256x256x64/fp32/aT/random       B= 49152 s0 sample -> ok             err=1.27e-06 bad=0/274 wall=22.4s
[   6.6m] probe     bmm/in-256x256x64/fp32/aT/random       B= 53248 s0 sample -> ok             err=8.54e-07 bad=0/281 wall=23.79s
[   7.0m] probe     bmm/in-256x256x64/fp32/aT/random       B= 57344 s0 sample -> ok             err=9.13e-07 bad=0/281 wall=25.6s
[   7.5m] probe     bmm/in-256x256x64/fp32/aT/random       B= 61440 s0 sample -> ok             err=9.37e-07 bad=0/278 wall=27.07s
[   8.0m] probe     bmm/in-256x256x64/fp32/aT/random       B= 65534 s0 sample -> ok             err=9.74e-07 bad=0/281 wall=28.87s
[   8.5m] probe     bmm/in-256x256x64/fp32/aT/random       B= 65535 s0 sample -> ok             err=9.74e-07 bad=0/281 wall=28.83s
[   8.9m] probe     bmm/in-256x256x64/fp32/aT/random       B= 65536 s0 sample -> ok             err=1.27e-06 bad=0/281 wall=28.63s
[   9.4m] probe     bmm/in-256x256x64/fp32/aT/random       B= 65537 s0 sample -> ok             err=9.1e-07 bad=0/281 wall=28.87s
[   9.9m] probe     bmm/in-256x256x64/fp32/aT/random       B= 65538 s0 sample -> ok             err=9.1e-07 bad=0/281 wall=28.79s
[  10.0m] probe     bmm/in-256x256x64/fp32/slice/random    B=  4096 s0 full   -> ok             err=1.05e-06 bad=0/4096 wall=6.57s
[  10.1m] probe     bmm/in-256x256x64/fp32/slice/random    B=  5632 s0 sample -> ok             err=1.23e-06 bad=0/266 wall=5.22s
[  10.2m] probe     bmm/in-256x256x64/fp32/slice/random    B=  7168 s0 sample -> ok             err=1.03e-06 bad=0/266 wall=5.63s
[  10.3m] probe     bmm/in-256x256x64/fp32/slice/random    B=  8704 s0 sample -> ok             err=9.72e-07 bad=0/266 wall=6.42s
[  10.4m] probe     bmm/in-256x256x64/fp32/slice/random    B= 10240 s0 sample -> ok             err=9.87e-07 bad=0/266 wall=6.66s
[  10.5m] probe     bmm/in-256x256x64/fp32/slice/random    B= 11776 s0 sample -> ok             err=9.61e-07 bad=0/266 wall=7.14s
[  10.7m] probe     bmm/in-256x256x64/fp32/slice/random    B= 13312 s0 sample -> ok             err=9.87e-07 bad=0/266 wall=7.7s
[  10.8m] probe     bmm/in-256x256x64/fp32/slice/random    B= 14848 s0 sample -> ok             err=9.6e-07 bad=0/266 wall=8.1s
[  10.9m] probe     bmm/in-256x256x64/fp32/slice/random    B= 16382 s0 sample -> ok             err=8.67e-07 bad=0/266 wall=8.95s
[  11.1m] probe     bmm/in-256x256x64/fp32/slice/random    B= 16383 s0 sample -> ok             err=9.4e-07 bad=0/266 wall=8.83s
[  11.2m] probe     bmm/in-256x256x64/fp32/slice/random    B= 16384 s0 sample -> ok             err=9.4e-07 bad=0/266 wall=8.65s
[  11.4m] probe     bmm/in-256x256x64/fp32/slice/random    B= 16385 s0 sample -> ok             err=9.1e-07 bad=0/266 wall=8.7s
[  11.5m] probe     bmm/in-256x256x64/fp32/slice/random    B= 16386 s0 sample -> ok             err=8.05e-07 bad=0/266 wall=9.0s
[  11.7m] probe     bmm/in-256x256x64/fp32/slice/random    B= 18432 s0 sample -> ok             err=9.87e-07 bad=0/271 wall=9.45s
[  11.8m] probe     bmm/in-256x256x64/fp32/slice/random    B= 20480 s0 sample -> ok             err=9.4e-07 bad=0/270 wall=10.01s
[  12.0m] probe     bmm/in-256x256x64/fp32/slice/random    B= 22528 s0 sample -> ok             err=8.91e-07 bad=0/271 wall=10.8s
[  12.2m] probe     bmm/in-256x256x64/fp32/slice/random    B= 24576 s0 sample -> ok             err=9.37e-07 bad=0/270 wall=11.63s
[  12.4m] probe     bmm/in-256x256x64/fp32/slice/random    B= 26624 s0 sample -> ok             err=9.87e-07 bad=0/271 wall=12.29s
[  12.6m] probe     bmm/in-256x256x64/fp32/slice/random    B= 28672 s0 sample -> ok             err=9.62e-07 bad=0/271 wall=13.2s
[  12.9m] probe     bmm/in-256x256x64/fp32/slice/random    B= 30720 s0 sample -> ok             err=9.87e-07 bad=0/270 wall=13.66s
[  13.1m] probe     bmm/in-256x256x64/fp32/slice/random    B= 32766 s0 sample -> ok             err=9.85e-07 bad=0/271 wall=14.45s
[  13.4m] probe     bmm/in-256x256x64/fp32/slice/random    B= 32767 s0 sample -> ok             err=8.67e-07 bad=0/271 wall=14.37s
[  13.6m] probe     bmm/in-256x256x64/fp32/slice/random    B= 32768 s0 sample -> ok             err=9.1e-07 bad=0/271 wall=14.47s
[  13.8m] probe     bmm/in-256x256x64/fp32/slice/random    B= 32769 s0 sample -> ok             err=9.56e-07 bad=0/271 wall=14.36s
[  14.1m] probe     bmm/in-256x256x64/fp32/slice/random    B= 32770 s0 sample -> ok             err=8.08e-07 bad=0/271 wall=14.28s
[  14.3m] probe     bmm/in-256x256x64/fp32/slice/random    B= 36864 s0 sample -> ok             err=8.91e-07 bad=0/276 wall=15.93s
[  14.6m] probe     bmm/in-256x256x64/fp32/slice/random    B= 40960 s0 sample -> ok             err=9.37e-07 bad=0/274 wall=17.21s
[  14.9m] probe     bmm/in-256x256x64/fp32/slice/random    B= 45056 s0 sample -> ok             err=8.82e-07 bad=0/276 wall=18.5s
[  15.3m] probe     bmm/in-256x256x64/fp32/slice/random    B= 49152 s0 sample -> ok             err=1.27e-06 bad=0/274 wall=20.05s
[  15.6m] probe     bmm/in-256x256x64/fp32/slice/random    B= 53248 s0 sample -> ok             err=8.54e-07 bad=0/281 wall=21.38s
[  16.0m] probe     bmm/in-256x256x64/fp32/slice/random    B= 57344 s0 sample -> ok             err=9.13e-07 bad=0/281 wall=22.93s
[  16.4m] probe     bmm/in-256x256x64/fp32/slice/random    B= 61440 s0 sample -> ok             err=9.37e-07 bad=0/278 wall=23.99s
[  16.8m] probe     bmm/in-256x256x64/fp32/slice/random    B= 65534 s0 sample -> ok             err=9.74e-07 bad=0/281 wall=25.46s
[  17.3m] probe     bmm/in-256x256x64/fp32/slice/random    B= 65535 s0 sample -> ok             err=9.74e-07 bad=0/281 wall=25.55s
[  17.7m] probe     bmm/in-256x256x64/fp32/slice/random    B= 65536 s0 sample -> ok             err=1.27e-06 bad=0/281 wall=25.4s
[  18.1m] probe     bmm/in-256x256x64/fp32/slice/random    B= 65537 s0 sample -> ok             err=9.1e-07 bad=0/281 wall=25.46s
[  18.5m] probe     bmm/in-256x256x64/fp32/slice/random    B= 65538 s0 sample -> ok             err=9.1e-07 bad=0/281 wall=25.25s
[  18.6m] idx_probe bmm/in-256x256x64/fp32/aT/idx_a_batch  B=  4096 s0 sample -> ok             err=0 bad=0/266 wall=3.13s
[  18.7m] idx_probe bmm/in-256x256x64/fp32/aT/idx_a_batch  B= 16383 s0 sample -> ok             err=0 bad=0/266 wall=5.44s
[  18.8m] idx_probe bmm/in-256x256x64/fp32/aT/idx_a_batch  B= 16385 s0 sample -> ok             err=0 bad=0/266 wall=5.21s
[  18.9m] idx_probe bmm/in-256x256x64/fp32/aT/idx_a_batch  B= 32767 s0 sample -> ok             err=0 bad=0/271 wall=8.18s
[  19.0m] idx_probe bmm/in-256x256x64/fp32/aT/idx_a_batch  B= 32769 s0 sample -> ok             err=0 bad=0/271 wall=7.87s
[  19.2m] idx_probe bmm/in-256x256x64/fp32/aT/idx_a_batch  B= 65535 s0 sample -> ok             err=0 bad=0/281 wall=13.56s
[  19.5m] idx_probe bmm/in-256x256x64/fp32/aT/idx_a_batch  B= 65537 s0 sample -> ok             err=0 bad=0/281 wall=13.56s
[  19.5m] idx_probe bmm/in-256x256x64/fp32/slice/idx_a_batch B=  4096 s0 sample -> ok             err=0 bad=0/266 wall=3.0s
[  19.6m] idx_probe bmm/in-256x256x64/fp32/slice/idx_a_batch B= 16383 s0 sample -> ok             err=0 bad=0/266 wall=4.52s
[  19.7m] idx_probe bmm/in-256x256x64/fp32/slice/idx_a_batch B= 16385 s0 sample -> ok             err=0 bad=0/266 wall=4.69s
[  19.8m] idx_probe bmm/in-256x256x64/fp32/slice/idx_a_batch B= 32767 s0 sample -> ok             err=0 bad=0/271 wall=6.48s
[  19.9m] idx_probe bmm/in-256x256x64/fp32/slice/idx_a_batch B= 32769 s0 sample -> ok             err=0 bad=0/271 wall=6.57s
[  20.1m] idx_probe bmm/in-256x256x64/fp32/slice/idx_a_batch B= 65535 s0 sample -> ok             err=0 bad=0/281 wall=10.25s
[  20.2m] idx_probe bmm/in-256x256x64/fp32/slice/idx_a_batch B= 65537 s0 sample -> ok             err=0 bad=0/281 wall=10.24s
[  20.3m] idx_probe bmm/in-256x256x64/fp32/aT/idx_a_rc     B=  4096 s0 sample -> ok             err=0 bad=0/266 wall=3.5s
[  20.4m] idx_probe bmm/in-256x256x64/fp32/aT/idx_a_rc     B= 16383 s0 sample -> ok             err=0 bad=0/266 wall=5.49s
[  20.5m] idx_probe bmm/in-256x256x64/fp32/aT/idx_a_rc     B= 16385 s0 sample -> ok             err=0 bad=0/266 wall=5.73s
[  20.6m] idx_probe bmm/in-256x256x64/fp32/aT/idx_a_rc     B= 32767 s0 sample -> ok             err=0 bad=0/271 wall=8.2s
[  20.8m] idx_probe bmm/in-256x256x64/fp32/aT/idx_a_rc     B= 32769 s0 sample -> ok             err=0 bad=0/271 wall=8.59s
[  21.0m] idx_probe bmm/in-256x256x64/fp32/aT/idx_a_rc     B= 65535 s0 sample -> ok             err=0 bad=0/281 wall=13.86s
[  21.2m] idx_probe bmm/in-256x256x64/fp32/aT/idx_a_rc     B= 65537 s0 sample -> ok             err=0 bad=0/281 wall=13.95s
[  21.3m] idx_probe bmm/in-256x256x64/fp32/slice/idx_a_rc  B=  4096 s0 sample -> ok             err=0 bad=0/266 wall=3.29s
[  21.4m] idx_probe bmm/in-256x256x64/fp32/slice/idx_a_rc  B= 16383 s0 sample -> ok             err=0 bad=0/266 wall=4.75s
[  21.4m] idx_probe bmm/in-256x256x64/fp32/slice/idx_a_rc  B= 16385 s0 sample -> ok             err=0 bad=0/266 wall=4.78s
[  21.6m] idx_probe bmm/in-256x256x64/fp32/slice/idx_a_rc  B= 32767 s0 sample -> ok             err=0 bad=0/271 wall=6.75s
[  21.7m] idx_probe bmm/in-256x256x64/fp32/slice/idx_a_rc  B= 32769 s0 sample -> ok             err=0 bad=0/271 wall=6.65s
[  21.8m] idx_probe bmm/in-256x256x64/fp32/slice/idx_a_rc  B= 65535 s0 sample -> ok             err=0 bad=0/281 wall=10.52s
[  22.0m] idx_probe bmm/in-256x256x64/fp32/slice/idx_a_rc  B= 65537 s0 sample -> ok             err=0 bad=0/281 wall=10.7s
[  22.1m] idx_probe bmm/in-256x256x64/fp32/aT/idx_b_batch  B=  4096 s0 sample -> ok             err=0 bad=0/266 wall=3.16s
[  22.2m] idx_probe bmm/in-256x256x64/fp32/aT/idx_b_batch  B= 16383 s0 sample -> ok             err=0 bad=0/266 wall=5.22s
[  22.2m] idx_probe bmm/in-256x256x64/fp32/aT/idx_b_batch  B= 16385 s0 sample -> ok             err=0 bad=0/266 wall=5.24s
[  22.4m] idx_probe bmm/in-256x256x64/fp32/aT/idx_b_batch  B= 32767 s0 sample -> ok             err=0 bad=0/271 wall=8.25s
[  22.5m] idx_probe bmm/in-256x256x64/fp32/aT/idx_b_batch  B= 32769 s0 sample -> ok             err=0 bad=0/271 wall=8.22s
[  22.7m] idx_probe bmm/in-256x256x64/fp32/aT/idx_b_batch  B= 65535 s0 sample -> ok             err=0 bad=0/281 wall=13.68s
[  23.0m] idx_probe bmm/in-256x256x64/fp32/aT/idx_b_batch  B= 65537 s0 sample -> ok             err=0 bad=0/281 wall=13.67s
[  23.0m] idx_probe bmm/in-256x256x64/fp32/slice/idx_b_batch B=  4096 s0 sample -> ok             err=0 bad=0/266 wall=2.94s
[  23.1m] idx_probe bmm/in-256x256x64/fp32/slice/idx_b_batch B= 16383 s0 sample -> ok             err=0 bad=0/266 wall=4.52s
[  23.2m] idx_probe bmm/in-256x256x64/fp32/slice/idx_b_batch B= 16385 s0 sample -> ok             err=0 bad=0/266 wall=4.46s
[  23.3m] idx_probe bmm/in-256x256x64/fp32/slice/idx_b_batch B= 32767 s0 sample -> ok             err=0 bad=0/271 wall=6.29s
[  23.4m] idx_probe bmm/in-256x256x64/fp32/slice/idx_b_batch B= 32769 s0 sample -> ok             err=0 bad=0/271 wall=6.48s
[  23.6m] idx_probe bmm/in-256x256x64/fp32/slice/idx_b_batch B= 65535 s0 sample -> ok             err=0 bad=0/281 wall=10.5s
[  23.7m] idx_probe bmm/in-256x256x64/fp32/slice/idx_b_batch B= 65537 s0 sample -> ok             err=0 bad=0/281 wall=10.54s
[  23.8m] idx_probe bmm/in-256x256x64/fp32/aT/idx_b_rc     B=  4096 s0 sample -> ok             err=0 bad=0/266 wall=3.29s
[  23.9m] idx_probe bmm/in-256x256x64/fp32/aT/idx_b_rc     B= 16383 s0 sample -> ok             err=0 bad=0/266 wall=5.39s
[  24.0m] idx_probe bmm/in-256x256x64/fp32/aT/idx_b_rc     B= 16385 s0 sample -> ok             err=0 bad=0/266 wall=5.44s
[  24.1m] idx_probe bmm/in-256x256x64/fp32/aT/idx_b_rc     B= 32767 s0 sample -> ok             err=0 bad=0/271 wall=8.16s
[  24.2m] idx_probe bmm/in-256x256x64/fp32/aT/idx_b_rc     B= 32769 s0 sample -> ok             err=0 bad=0/271 wall=8.0s
[  24.5m] idx_probe bmm/in-256x256x64/fp32/aT/idx_b_rc     B= 65535 s0 sample -> ok             err=0 bad=0/281 wall=13.88s
[  24.7m] idx_probe bmm/in-256x256x64/fp32/aT/idx_b_rc     B= 65537 s0 sample -> ok             err=0 bad=0/281 wall=13.66s
[  24.8m] idx_probe bmm/in-256x256x64/fp32/slice/idx_b_rc  B=  4096 s0 sample -> ok             err=0 bad=0/266 wall=3.1s
[  24.8m] idx_probe bmm/in-256x256x64/fp32/slice/idx_b_rc  B= 16383 s0 sample -> ok             err=0 bad=0/266 wall=4.64s
[  24.9m] idx_probe bmm/in-256x256x64/fp32/slice/idx_b_rc  B= 16385 s0 sample -> ok             err=0 bad=0/266 wall=4.62s
[  25.0m] idx_probe bmm/in-256x256x64/fp32/slice/idx_b_rc  B= 32767 s0 sample -> ok             err=0 bad=0/271 wall=6.55s
[  25.1m] idx_probe bmm/in-256x256x64/fp32/slice/idx_b_rc  B= 32769 s0 sample -> ok             err=0 bad=0/271 wall=6.56s
[  25.3m] idx_probe bmm/in-256x256x64/fp32/slice/idx_b_rc  B= 65535 s0 sample -> ok             err=0 bad=0/281 wall=10.44s
[  25.5m] idx_probe bmm/in-256x256x64/fp32/slice/idx_b_rc  B= 65537 s0 sample -> ok             err=0 bad=0/281 wall=10.43s
[  26.6m] final     bmm/in-256x256x64/fp32/aT/random       B= 65538 s0 full   -> ok             err=1.3e-06 bad=0/65538 wall=69.31s
[  27.8m] final     bmm/in-256x256x64/fp32/aT/random       B= 65538 s1 full   -> ok             err=1.5e-06 bad=0/65538 wall=69.28s
[  28.9m] final     bmm/in-256x256x64/fp32/aT/random       B= 65538 s2 full   -> ok             err=1.42e-06 bad=0/65538 wall=69.06s
[  29.6m] final     bmm/in-256x256x64/fp32/aT/idx_a_batch  B= 65538 s0 full   -> ok             err=0 bad=0/65538 wall=39.52s
[  30.3m] final     bmm/in-256x256x64/fp32/aT/idx_a_rc     B= 65538 s0 full   -> ok             err=0 bad=0/65538 wall=40.2s
[  30.9m] final     bmm/in-256x256x64/fp32/aT/idx_b_batch  B= 65538 s0 full   -> ok             err=0 bad=0/65538 wall=39.89s
[  31.6m] final     bmm/in-256x256x64/fp32/aT/idx_b_rc     B= 65538 s0 full   -> ok             err=0 bad=0/65538 wall=40.1s
[  32.7m] final     bmm/in-256x256x64/fp32/slice/random    B= 65538 s0 full   -> ok             err=1.3e-06 bad=0/65538 wall=66.15s
[  33.8m] final     bmm/in-256x256x64/fp32/slice/random    B= 65538 s1 full   -> ok             err=1.5e-06 bad=0/65538 wall=66.12s
[  34.9m] final     bmm/in-256x256x64/fp32/slice/random    B= 65538 s2 full   -> ok             err=1.42e-06 bad=0/65538 wall=65.71s
[  35.5m] final     bmm/in-256x256x64/fp32/slice/idx_a_batch B= 65538 s0 full   -> ok             err=0 bad=0/65538 wall=36.22s
[  36.1m] final     bmm/in-256x256x64/fp32/slice/idx_a_rc  B= 65538 s0 full   -> ok             err=0 bad=0/65538 wall=36.67s
[  36.7m] final     bmm/in-256x256x64/fp32/slice/idx_b_batch B= 65538 s0 full   -> ok             err=0 bad=0/65538 wall=36.43s
[  37.3m] final     bmm/in-256x256x64/fp32/slice/idx_b_rc  B= 65538 s0 full   -> ok             err=0 bad=0/65538 wall=36.34s
# 新規 147 実行, 37.3 分。W&B の送信完了を待つ
-> /content/mb/results/summary/a100/20260919T132436-a100.md
