Downloading numpy (15.9MiB)
 Downloaded numpy
Installed 1 package in 18ms
# run_id=20260919T132422-a100 {'os': 'Linux', 'os_release': '6.6.122+', 'arch': 'x86_64', 'macos': '', 'macos_build': '', 'linux_distro': 'Ubuntu 24.04.1 LTS', 'hw_model': 'Google Compute Engine', 'chip': 'Intel(R) Xeon(R) CPU @ 2.20GHz', 'mem_bytes': 179370467328, 'n_cpu': 12, 'gpu_name': 'NVIDIA A100-SXM4-80GB', 'gpu_mem_bytes': 85899345920, 'gpu_driver': '580.82.07', 'gpu_mem_source': 'nvidia-smi'} worker={'python': '3.12.3', 'torch': '2.14.0+cu130', 'executable': '/root/.cache/uv/builds-v0/.tmp7osWFc/bin/python', 'cuda': '13.0', 'gpu_name': 'NVIDIA A100-SXM4-80GB', 'gpu_mem_bytes': 85094825984} code=790483c limit=host 100GiB / GPU 72GiB 
[   0.1m] calibrate bmm/in-256x256x64/fp32/contig/random   B=  4096 s0 full   -> ok             err=1.05e-06 bad=0/4096 wall=6.97s
[   0.2m] calibrate bmm/in-256x256x64/fp32/contig/random   B=  4096 s1 full   -> ok             err=1.15e-06 bad=0/4096 wall=6.45s
[   0.3m] calibrate bmm/in-256x256x64/fp32/contig/random   B=  4096 s2 full   -> ok             err=1.23e-06 bad=0/4096 wall=6.87s
# tol = {'fp32': 1.2261421649489541e-05}
[   0.4m] probe     bmm/in-256x256x64/fp32/contig/random   B=  4096 s0 full   -> ok             err=1.05e-06 bad=0/4096 wall=6.38s
[   0.5m] probe     bmm/in-256x256x64/fp32/contig/random   B=  5632 s0 sample -> ok             err=1.23e-06 bad=0/266 wall=5.24s
[   0.6m] probe     bmm/in-256x256x64/fp32/contig/random   B=  7168 s0 sample -> ok             err=1.03e-06 bad=0/266 wall=5.49s
[   0.7m] probe     bmm/in-256x256x64/fp32/contig/random   B=  8704 s0 sample -> ok             err=9.72e-07 bad=0/266 wall=6.23s
[   0.8m] probe     bmm/in-256x256x64/fp32/contig/random   B= 10240 s0 sample -> ok             err=9.87e-07 bad=0/266 wall=6.57s
[   1.0m] probe     bmm/in-256x256x64/fp32/contig/random   B= 11776 s0 sample -> ok             err=9.61e-07 bad=0/266 wall=7.3s
[   1.1m] probe     bmm/in-256x256x64/fp32/contig/random   B= 13312 s0 sample -> ok             err=9.87e-07 bad=0/266 wall=7.58s
[   1.2m] probe     bmm/in-256x256x64/fp32/contig/random   B= 14848 s0 sample -> ok             err=9.6e-07 bad=0/266 wall=8.32s
[   1.4m] probe     bmm/in-256x256x64/fp32/contig/random   B= 16382 s0 sample -> ok             err=8.67e-07 bad=0/266 wall=8.81s
[   1.5m] probe     bmm/in-256x256x64/fp32/contig/random   B= 16383 s0 sample -> ok             err=9.4e-07 bad=0/266 wall=8.58s
[   1.7m] probe     bmm/in-256x256x64/fp32/contig/random   B= 16384 s0 sample -> ok             err=9.4e-07 bad=0/266 wall=8.68s
[   1.8m] probe     bmm/in-256x256x64/fp32/contig/random   B= 16385 s0 sample -> ok             err=9.1e-07 bad=0/266 wall=8.85s
[   2.0m] probe     bmm/in-256x256x64/fp32/contig/random   B= 16386 s0 sample -> ok             err=8.05e-07 bad=0/266 wall=8.69s
[   2.1m] probe     bmm/in-256x256x64/fp32/contig/random   B= 18432 s0 sample -> ok             err=9.87e-07 bad=0/271 wall=9.34s
[   2.3m] probe     bmm/in-256x256x64/fp32/contig/random   B= 20480 s0 sample -> ok             err=9.4e-07 bad=0/270 wall=10.2s
[   2.5m] probe     bmm/in-256x256x64/fp32/contig/random   B= 22528 s0 sample -> ok             err=8.91e-07 bad=0/271 wall=10.91s
[   2.6m] probe     bmm/in-256x256x64/fp32/contig/random   B= 24576 s0 sample -> ok             err=9.37e-07 bad=0/270 wall=11.46s
[   2.9m] probe     bmm/in-256x256x64/fp32/contig/random   B= 26624 s0 sample -> ok             err=9.87e-07 bad=0/271 wall=12.3s
[   3.1m] probe     bmm/in-256x256x64/fp32/contig/random   B= 28672 s0 sample -> ok             err=9.62e-07 bad=0/271 wall=13.0s
[   3.3m] probe     bmm/in-256x256x64/fp32/contig/random   B= 30720 s0 sample -> ok             err=9.87e-07 bad=0/270 wall=13.56s
[   3.5m] probe     bmm/in-256x256x64/fp32/contig/random   B= 32766 s0 sample -> ok             err=9.85e-07 bad=0/271 wall=14.4s
[   3.8m] probe     bmm/in-256x256x64/fp32/contig/random   B= 32767 s0 sample -> ok             err=8.67e-07 bad=0/271 wall=14.28s
[   4.0m] probe     bmm/in-256x256x64/fp32/contig/random   B= 32768 s0 sample -> ok             err=9.1e-07 bad=0/271 wall=14.3s
[   4.2m] probe     bmm/in-256x256x64/fp32/contig/random   B= 32769 s0 sample -> ok             err=9.56e-07 bad=0/271 wall=14.14s
[   4.5m] probe     bmm/in-256x256x64/fp32/contig/random   B= 32770 s0 sample -> ok             err=8.08e-07 bad=0/271 wall=14.41s
[   4.7m] probe     bmm/in-256x256x64/fp32/contig/random   B= 36864 s0 sample -> ok             err=8.91e-07 bad=0/276 wall=15.61s
[   5.0m] probe     bmm/in-256x256x64/fp32/contig/random   B= 40960 s0 sample -> ok             err=9.37e-07 bad=0/274 wall=17.2s
[   5.3m] probe     bmm/in-256x256x64/fp32/contig/random   B= 45056 s0 sample -> ok             err=8.82e-07 bad=0/276 wall=18.42s
[   5.7m] probe     bmm/in-256x256x64/fp32/contig/random   B= 49152 s0 sample -> ok             err=1.27e-06 bad=0/274 wall=20.07s
[   6.0m] probe     bmm/in-256x256x64/fp32/contig/random   B= 53248 s0 sample -> ok             err=8.54e-07 bad=0/281 wall=21.01s
[   6.4m] probe     bmm/in-256x256x64/fp32/contig/random   B= 57344 s0 sample -> ok             err=9.13e-07 bad=0/281 wall=22.44s
[   6.8m] probe     bmm/in-256x256x64/fp32/contig/random   B= 61440 s0 sample -> ok             err=9.37e-07 bad=0/278 wall=24.04s
[   7.2m] probe     bmm/in-256x256x64/fp32/contig/random   B= 65534 s0 sample -> ok             err=9.74e-07 bad=0/281 wall=25.95s
[   7.7m] probe     bmm/in-256x256x64/fp32/contig/random   B= 65535 s0 sample -> ok             err=9.74e-07 bad=0/281 wall=25.1s
[   8.1m] probe     bmm/in-256x256x64/fp32/contig/random   B= 65536 s0 sample -> ok             err=1.27e-06 bad=0/281 wall=25.38s
[   8.5m] probe     bmm/in-256x256x64/fp32/contig/random   B= 65537 s0 sample -> ok             err=9.1e-07 bad=0/281 wall=25.29s
[   8.9m] probe     bmm/in-256x256x64/fp32/contig/random   B= 65538 s0 sample -> ok             err=9.1e-07 bad=0/281 wall=25.29s
[   9.0m] probe     bmm/in-256x256x64/fp32/bT/random       B=  4096 s0 full   -> ok             err=1.05e-06 bad=0/4096 wall=6.43s
[   9.1m] probe     bmm/in-256x256x64/fp32/bT/random       B=  5632 s0 sample -> ok             err=1.23e-06 bad=0/266 wall=5.1s
[   9.2m] probe     bmm/in-256x256x64/fp32/bT/random       B=  7168 s0 sample -> ok             err=1.03e-06 bad=0/266 wall=5.7s
[   9.3m] probe     bmm/in-256x256x64/fp32/bT/random       B=  8704 s0 sample -> ok             err=9.72e-07 bad=0/266 wall=6.2s
[   9.4m] probe     bmm/in-256x256x64/fp32/bT/random       B= 10240 s0 sample -> ok             err=9.87e-07 bad=0/266 wall=6.75s
[   9.5m] probe     bmm/in-256x256x64/fp32/bT/random       B= 11776 s0 sample -> ok             err=9.61e-07 bad=0/266 wall=7.28s
[   9.7m] probe     bmm/in-256x256x64/fp32/bT/random       B= 13312 s0 sample -> ok             err=9.87e-07 bad=0/266 wall=7.8s
[   9.8m] probe     bmm/in-256x256x64/fp32/bT/random       B= 14848 s0 sample -> ok             err=9.6e-07 bad=0/266 wall=8.54s
[  10.0m] probe     bmm/in-256x256x64/fp32/bT/random       B= 16382 s0 sample -> ok             err=8.67e-07 bad=0/266 wall=9.02s
[  10.1m] probe     bmm/in-256x256x64/fp32/bT/random       B= 16383 s0 sample -> ok             err=9.4e-07 bad=0/266 wall=8.76s
[  10.3m] probe     bmm/in-256x256x64/fp32/bT/random       B= 16384 s0 sample -> ok             err=9.4e-07 bad=0/266 wall=8.8s
[  10.4m] probe     bmm/in-256x256x64/fp32/bT/random       B= 16385 s0 sample -> ok             err=9.1e-07 bad=0/266 wall=9.09s
[  10.6m] probe     bmm/in-256x256x64/fp32/bT/random       B= 16386 s0 sample -> ok             err=8.05e-07 bad=0/266 wall=8.93s
[  10.7m] probe     bmm/in-256x256x64/fp32/bT/random       B= 18432 s0 sample -> ok             err=9.87e-07 bad=0/271 wall=9.55s
[  10.9m] probe     bmm/in-256x256x64/fp32/bT/random       B= 20480 s0 sample -> ok             err=9.4e-07 bad=0/270 wall=10.3s
[  11.1m] probe     bmm/in-256x256x64/fp32/bT/random       B= 22528 s0 sample -> ok             err=8.91e-07 bad=0/271 wall=11.11s
[  11.3m] probe     bmm/in-256x256x64/fp32/bT/random       B= 24576 s0 sample -> ok             err=9.37e-07 bad=0/270 wall=11.76s
[  11.5m] probe     bmm/in-256x256x64/fp32/bT/random       B= 26624 s0 sample -> ok             err=9.87e-07 bad=0/271 wall=12.62s
[  11.7m] probe     bmm/in-256x256x64/fp32/bT/random       B= 28672 s0 sample -> ok             err=9.62e-07 bad=0/271 wall=13.37s
[  11.9m] probe     bmm/in-256x256x64/fp32/bT/random       B= 30720 s0 sample -> ok             err=9.87e-07 bad=0/270 wall=13.99s
[  12.2m] probe     bmm/in-256x256x64/fp32/bT/random       B= 32766 s0 sample -> ok             err=9.85e-07 bad=0/271 wall=14.69s
[  12.4m] probe     bmm/in-256x256x64/fp32/bT/random       B= 32767 s0 sample -> ok             err=8.67e-07 bad=0/271 wall=14.71s
[  12.7m] probe     bmm/in-256x256x64/fp32/bT/random       B= 32768 s0 sample -> ok             err=9.1e-07 bad=0/271 wall=14.51s
[  12.9m] probe     bmm/in-256x256x64/fp32/bT/random       B= 32769 s0 sample -> ok             err=9.56e-07 bad=0/271 wall=14.61s
[  13.2m] probe     bmm/in-256x256x64/fp32/bT/random       B= 32770 s0 sample -> ok             err=8.08e-07 bad=0/271 wall=14.77s
[  13.4m] probe     bmm/in-256x256x64/fp32/bT/random       B= 36864 s0 sample -> ok             err=8.91e-07 bad=0/276 wall=16.26s
[  13.7m] probe     bmm/in-256x256x64/fp32/bT/random       B= 40960 s0 sample -> ok             err=9.37e-07 bad=0/274 wall=17.61s
[  14.0m] probe     bmm/in-256x256x64/fp32/bT/random       B= 45056 s0 sample -> ok             err=8.82e-07 bad=0/276 wall=19.09s
[  14.4m] probe     bmm/in-256x256x64/fp32/bT/random       B= 49152 s0 sample -> ok             err=1.27e-06 bad=0/274 wall=20.59s
[  14.8m] probe     bmm/in-256x256x64/fp32/bT/random       B= 53248 s0 sample -> ok             err=8.54e-07 bad=0/281 wall=22.28s
[  15.2m] probe     bmm/in-256x256x64/fp32/bT/random       B= 57344 s0 sample -> ok             err=9.13e-07 bad=0/281 wall=23.74s
[  15.6m] probe     bmm/in-256x256x64/fp32/bT/random       B= 61440 s0 sample -> ok             err=9.37e-07 bad=0/278 wall=25.33s
[  16.0m] probe     bmm/in-256x256x64/fp32/bT/random       B= 65534 s0 sample -> ok             err=9.74e-07 bad=0/281 wall=26.38s
[  16.5m] probe     bmm/in-256x256x64/fp32/bT/random       B= 65535 s0 sample -> ok             err=9.74e-07 bad=0/281 wall=26.69s
[  16.9m] probe     bmm/in-256x256x64/fp32/bT/random       B= 65536 s0 sample -> ok             err=1.27e-06 bad=0/281 wall=26.41s
[  17.3m] probe     bmm/in-256x256x64/fp32/bT/random       B= 65537 s0 sample -> ok             err=9.1e-07 bad=0/281 wall=26.38s
[  17.8m] probe     bmm/in-256x256x64/fp32/bT/random       B= 65538 s0 sample -> ok             err=9.1e-07 bad=0/281 wall=26.8s
[  17.8m] idx_probe bmm/in-256x256x64/fp32/contig/idx_a_batch B=  4096 s0 sample -> ok             err=0 bad=0/266 wall=3.01s
[  17.9m] idx_probe bmm/in-256x256x64/fp32/contig/idx_a_batch B= 16383 s0 sample -> ok             err=0 bad=0/266 wall=4.52s
[  18.0m] idx_probe bmm/in-256x256x64/fp32/contig/idx_a_batch B= 16385 s0 sample -> ok             err=0 bad=0/266 wall=4.56s
[  18.1m] idx_probe bmm/in-256x256x64/fp32/contig/idx_a_batch B= 32767 s0 sample -> ok             err=0 bad=0/271 wall=6.46s
[  18.2m] idx_probe bmm/in-256x256x64/fp32/contig/idx_a_batch B= 32769 s0 sample -> ok             err=0 bad=0/271 wall=6.42s
[  18.4m] idx_probe bmm/in-256x256x64/fp32/contig/idx_a_batch B= 65535 s0 sample -> ok             err=0 bad=0/281 wall=10.32s
[  18.5m] idx_probe bmm/in-256x256x64/fp32/contig/idx_a_batch B= 65537 s0 sample -> ok             err=0 bad=0/281 wall=10.3s
[  18.6m] idx_probe bmm/in-256x256x64/fp32/bT/idx_a_batch  B=  4096 s0 sample -> ok             err=0 bad=0/266 wall=3.05s
[  18.7m] idx_probe bmm/in-256x256x64/fp32/bT/idx_a_batch  B= 16383 s0 sample -> ok             err=0 bad=0/266 wall=4.56s
[  18.7m] idx_probe bmm/in-256x256x64/fp32/bT/idx_a_batch  B= 16385 s0 sample -> ok             err=0 bad=0/266 wall=4.74s
[  18.9m] idx_probe bmm/in-256x256x64/fp32/bT/idx_a_batch  B= 32767 s0 sample -> ok             err=0 bad=0/271 wall=6.75s
[  19.0m] idx_probe bmm/in-256x256x64/fp32/bT/idx_a_batch  B= 32769 s0 sample -> ok             err=0 bad=0/271 wall=6.87s
[  19.2m] idx_probe bmm/in-256x256x64/fp32/bT/idx_a_batch  B= 65535 s0 sample -> ok             err=0 bad=0/281 wall=11.12s
[  19.3m] idx_probe bmm/in-256x256x64/fp32/bT/idx_a_batch  B= 65537 s0 sample -> ok             err=0 bad=0/281 wall=11.22s
[  19.4m] idx_probe bmm/in-256x256x64/fp32/contig/idx_a_rc B=  4096 s0 sample -> ok             err=0 bad=0/266 wall=3.25s
[  19.5m] idx_probe bmm/in-256x256x64/fp32/contig/idx_a_rc B= 16383 s0 sample -> ok             err=0 bad=0/266 wall=4.7s
[  19.6m] idx_probe bmm/in-256x256x64/fp32/contig/idx_a_rc B= 16385 s0 sample -> ok             err=0 bad=0/266 wall=4.91s
[  19.7m] idx_probe bmm/in-256x256x64/fp32/contig/idx_a_rc B= 32767 s0 sample -> ok             err=0 bad=0/271 wall=6.83s
[  19.8m] idx_probe bmm/in-256x256x64/fp32/contig/idx_a_rc B= 32769 s0 sample -> ok             err=0 bad=0/271 wall=6.84s
[  20.0m] idx_probe bmm/in-256x256x64/fp32/contig/idx_a_rc B= 65535 s0 sample -> ok             err=0 bad=0/281 wall=10.65s
[  20.1m] idx_probe bmm/in-256x256x64/fp32/contig/idx_a_rc B= 65537 s0 sample -> ok             err=0 bad=0/281 wall=10.56s
[  20.2m] idx_probe bmm/in-256x256x64/fp32/bT/idx_a_rc     B=  4096 s0 sample -> ok             err=0 bad=0/266 wall=3.29s
[  20.3m] idx_probe bmm/in-256x256x64/fp32/bT/idx_a_rc     B= 16383 s0 sample -> ok             err=0 bad=0/266 wall=4.91s
[  20.4m] idx_probe bmm/in-256x256x64/fp32/bT/idx_a_rc     B= 16385 s0 sample -> ok             err=0 bad=0/266 wall=4.99s
[  20.5m] idx_probe bmm/in-256x256x64/fp32/bT/idx_a_rc     B= 32767 s0 sample -> ok             err=0 bad=0/271 wall=7.11s
[  20.6m] idx_probe bmm/in-256x256x64/fp32/bT/idx_a_rc     B= 32769 s0 sample -> ok             err=0 bad=0/271 wall=7.15s
[  20.8m] idx_probe bmm/in-256x256x64/fp32/bT/idx_a_rc     B= 65535 s0 sample -> ok             err=0 bad=0/281 wall=11.57s
[  21.0m] idx_probe bmm/in-256x256x64/fp32/bT/idx_a_rc     B= 65537 s0 sample -> ok             err=0 bad=0/281 wall=11.46s
[  21.0m] idx_probe bmm/in-256x256x64/fp32/contig/idx_b_batch B=  4096 s0 sample -> ok             err=0 bad=0/266 wall=2.94s
[  21.1m] idx_probe bmm/in-256x256x64/fp32/contig/idx_b_batch B= 16383 s0 sample -> ok             err=0 bad=0/266 wall=4.47s
[  21.2m] idx_probe bmm/in-256x256x64/fp32/contig/idx_b_batch B= 16385 s0 sample -> ok             err=0 bad=0/266 wall=4.58s
[  21.3m] idx_probe bmm/in-256x256x64/fp32/contig/idx_b_batch B= 32767 s0 sample -> ok             err=0 bad=0/271 wall=6.39s
[  21.4m] idx_probe bmm/in-256x256x64/fp32/contig/idx_b_batch B= 32769 s0 sample -> ok             err=0 bad=0/271 wall=6.5s
[  21.6m] idx_probe bmm/in-256x256x64/fp32/contig/idx_b_batch B= 65535 s0 sample -> ok             err=0 bad=0/281 wall=10.38s
[  21.7m] idx_probe bmm/in-256x256x64/fp32/contig/idx_b_batch B= 65537 s0 sample -> ok             err=0 bad=0/281 wall=10.3s
[  21.8m] idx_probe bmm/in-256x256x64/fp32/bT/idx_b_batch  B=  4096 s0 sample -> ok             err=0 bad=0/266 wall=3.08s
[  21.9m] idx_probe bmm/in-256x256x64/fp32/bT/idx_b_batch  B= 16383 s0 sample -> ok             err=0 bad=0/266 wall=4.66s
[  22.0m] idx_probe bmm/in-256x256x64/fp32/bT/idx_b_batch  B= 16385 s0 sample -> ok             err=0 bad=0/266 wall=4.58s
[  22.1m] idx_probe bmm/in-256x256x64/fp32/bT/idx_b_batch  B= 32767 s0 sample -> ok             err=0 bad=0/271 wall=6.9s
[  22.2m] idx_probe bmm/in-256x256x64/fp32/bT/idx_b_batch  B= 32769 s0 sample -> ok             err=0 bad=0/271 wall=6.78s
[  22.4m] idx_probe bmm/in-256x256x64/fp32/bT/idx_b_batch  B= 65535 s0 sample -> ok             err=0 bad=0/281 wall=11.12s
[  22.5m] idx_probe bmm/in-256x256x64/fp32/bT/idx_b_batch  B= 65537 s0 sample -> ok             err=0 bad=0/281 wall=11.05s
[  22.6m] idx_probe bmm/in-256x256x64/fp32/contig/idx_b_rc B=  4096 s0 sample -> ok             err=0 bad=0/266 wall=3.15s
[  22.7m] idx_probe bmm/in-256x256x64/fp32/contig/idx_b_rc B= 16383 s0 sample -> ok             err=0 bad=0/266 wall=4.56s
[  22.8m] idx_probe bmm/in-256x256x64/fp32/contig/idx_b_rc B= 16385 s0 sample -> ok             err=0 bad=0/266 wall=4.53s
[  22.9m] idx_probe bmm/in-256x256x64/fp32/contig/idx_b_rc B= 32767 s0 sample -> ok             err=0 bad=0/271 wall=6.66s
[  23.0m] idx_probe bmm/in-256x256x64/fp32/contig/idx_b_rc B= 32769 s0 sample -> ok             err=0 bad=0/271 wall=6.45s
[  23.1m] idx_probe bmm/in-256x256x64/fp32/contig/idx_b_rc B= 65535 s0 sample -> ok             err=0 bad=0/281 wall=10.35s
[  23.3m] idx_probe bmm/in-256x256x64/fp32/contig/idx_b_rc B= 65537 s0 sample -> ok             err=0 bad=0/281 wall=10.51s
[  23.4m] idx_probe bmm/in-256x256x64/fp32/bT/idx_b_rc     B=  4096 s0 sample -> ok             err=0 bad=0/266 wall=3.11s
[  23.5m] idx_probe bmm/in-256x256x64/fp32/bT/idx_b_rc     B= 16383 s0 sample -> ok             err=0 bad=0/266 wall=4.9s
[  23.5m] idx_probe bmm/in-256x256x64/fp32/bT/idx_b_rc     B= 16385 s0 sample -> ok             err=0 bad=0/266 wall=4.79s
[  23.7m] idx_probe bmm/in-256x256x64/fp32/bT/idx_b_rc     B= 32767 s0 sample -> ok             err=0 bad=0/271 wall=7.11s
[  23.8m] idx_probe bmm/in-256x256x64/fp32/bT/idx_b_rc     B= 32769 s0 sample -> ok             err=0 bad=0/271 wall=6.8s
[  24.0m] idx_probe bmm/in-256x256x64/fp32/bT/idx_b_rc     B= 65535 s0 sample -> ok             err=0 bad=0/281 wall=11.26s
[  24.1m] idx_probe bmm/in-256x256x64/fp32/bT/idx_b_rc     B= 65537 s0 sample -> ok             err=0 bad=0/281 wall=11.32s
[  25.2m] final     bmm/in-256x256x64/fp32/contig/random   B= 65538 s0 full   -> ok             err=1.3e-06 bad=0/65538 wall=66.09s
[  26.3m] final     bmm/in-256x256x64/fp32/contig/random   B= 65538 s1 full   -> ok             err=1.5e-06 bad=0/65538 wall=65.44s
[  27.4m] final     bmm/in-256x256x64/fp32/contig/random   B= 65538 s2 full   -> ok             err=1.42e-06 bad=0/65538 wall=65.57s
[  28.0m] final     bmm/in-256x256x64/fp32/contig/idx_a_batch B= 65538 s0 full   -> ok             err=0 bad=0/65538 wall=36.34s
[  28.6m] final     bmm/in-256x256x64/fp32/contig/idx_a_rc B= 65538 s0 full   -> ok             err=0 bad=0/65538 wall=36.44s
[  29.2m] final     bmm/in-256x256x64/fp32/contig/idx_b_batch B= 65538 s0 full   -> ok             err=0 bad=0/65538 wall=36.21s
[  29.8m] final     bmm/in-256x256x64/fp32/contig/idx_b_rc B= 65538 s0 full   -> ok             err=0 bad=0/65538 wall=36.12s
[  31.0m] final     bmm/in-256x256x64/fp32/bT/random       B= 65538 s0 full   -> ok             err=1.3e-06 bad=0/65538 wall=66.62s
[  32.1m] final     bmm/in-256x256x64/fp32/bT/random       B= 65538 s1 full   -> ok             err=1.5e-06 bad=0/65538 wall=66.67s
[  33.2m] final     bmm/in-256x256x64/fp32/bT/random       B= 65538 s2 full   -> ok             err=1.42e-06 bad=0/65538 wall=66.74s
[  33.8m] final     bmm/in-256x256x64/fp32/bT/idx_a_batch  B= 65538 s0 full   -> ok             err=0 bad=0/65538 wall=37.33s
[  34.4m] final     bmm/in-256x256x64/fp32/bT/idx_a_rc     B= 65538 s0 full   -> ok             err=0 bad=0/65538 wall=37.59s
[  35.0m] final     bmm/in-256x256x64/fp32/bT/idx_b_batch  B= 65538 s0 full   -> ok             err=0 bad=0/65538 wall=37.24s
[  35.7m] final     bmm/in-256x256x64/fp32/bT/idx_b_rc     B= 65538 s0 full   -> ok             err=0 bad=0/65538 wall=37.82s
# 新規 147 実行, 35.7 分。W&B の送信完了を待つ
-> /content/mb/results/summary/a100/20260919T132422-a100.md
