Downloading numpy (15.9MiB)
 Downloaded numpy
Installed 1 package in 17ms
# run_id=20260919T140058-a100 {'os': 'Linux', 'os_release': '6.6.122+', 'arch': 'x86_64', 'macos': '', 'macos_build': '', 'linux_distro': 'Ubuntu 24.04.1 LTS', 'hw_model': 'Google Compute Engine', 'chip': 'Intel(R) Xeon(R) CPU @ 2.20GHz', 'mem_bytes': 179370467328, 'n_cpu': 12, 'gpu_name': 'NVIDIA A100-SXM4-80GB', 'gpu_mem_bytes': 85899345920, 'gpu_driver': '580.82.07', 'gpu_mem_source': 'nvidia-smi'} worker={'python': '3.12.3', 'torch': '2.14.0+cu130', 'executable': '/root/.cache/uv/builds-v0/.tmpoDHvRS/bin/python', 'cuda': '13.0', 'gpu_name': 'NVIDIA A100-SXM4-80GB', 'gpu_mem_bytes': 85094825984} code=790483c limit=host 100GiB / GPU 72GiB 
[   0.1m] calibrate bmm/in-256x256x64/fp16/contig/random   B=  4096 s0 full   -> ok             err=0.000421 bad=0/4096 wall=6.83s
[   0.2m] calibrate bmm/in-256x256x64/fp16/contig/random   B=  4096 s1 full   -> ok             err=0.000414 bad=0/4096 wall=6.52s
[   0.3m] calibrate bmm/in-256x256x64/fp16/contig/random   B=  4096 s2 full   -> ok             err=0.00042 bad=0/4096 wall=6.97s
# tol = {'fp16': 0.004211458134780279}
[   0.4m] probe     bmm/in-256x256x64/fp16/contig/random   B=  4096 s0 full   -> ok             err=0.000421 bad=0/4096 wall=6.56s
[   0.5m] probe     bmm/in-256x256x64/fp16/contig/random   B=  7680 s0 sample -> ok             err=0.000404 bad=0/266 wall=5.92s
[   0.7m] probe     bmm/in-256x256x64/fp16/contig/random   B= 11264 s0 sample -> ok             err=0.000404 bad=0/266 wall=6.9s
[   0.8m] probe     bmm/in-256x256x64/fp16/contig/random   B= 14848 s0 sample -> ok             err=0.000406 bad=0/266 wall=8.47s
[   1.0m] probe     bmm/in-256x256x64/fp16/contig/random   B= 18432 s0 sample -> ok             err=0.000403 bad=0/266 wall=9.5s
[   1.1m] probe     bmm/in-256x256x64/fp16/contig/random   B= 22016 s0 sample -> ok             err=0.000404 bad=0/266 wall=10.56s
[   1.3m] probe     bmm/in-256x256x64/fp16/contig/random   B= 25600 s0 sample -> ok             err=0.000402 bad=0/266 wall=11.63s
[   1.5m] probe     bmm/in-256x256x64/fp16/contig/random   B= 29184 s0 sample -> ok             err=0.0004 bad=0/266 wall=12.72s
[   1.8m] probe     bmm/in-256x256x64/fp16/contig/random   B= 32766 s0 sample -> ok             err=0.000404 bad=0/266 wall=13.97s
[   2.0m] probe     bmm/in-256x256x64/fp16/contig/random   B= 32767 s0 sample -> ok             err=0.000404 bad=0/266 wall=14.18s
[   2.2m] probe     bmm/in-256x256x64/fp16/contig/random   B= 32768 s0 sample -> ok             err=0.000404 bad=0/266 wall=14.11s
[   2.5m] probe     bmm/in-256x256x64/fp16/contig/random   B= 32769 s0 sample -> ok             err=0.000403 bad=0/266 wall=14.25s
[   2.7m] probe     bmm/in-256x256x64/fp16/contig/random   B= 32770 s0 sample -> ok             err=0.000409 bad=0/266 wall=14.25s
[   3.0m] probe     bmm/in-256x256x64/fp16/contig/random   B= 36864 s0 sample -> ok             err=0.000403 bad=0/271 wall=15.72s
[   3.3m] probe     bmm/in-256x256x64/fp16/contig/random   B= 40960 s0 sample -> ok             err=0.000408 bad=0/270 wall=16.84s
[   3.6m] probe     bmm/in-256x256x64/fp16/contig/random   B= 45056 s0 sample -> ok             err=0.000402 bad=0/271 wall=18.23s
[   3.9m] probe     bmm/in-256x256x64/fp16/contig/random   B= 49152 s0 sample -> ok             err=0.000407 bad=0/270 wall=19.41s
[   4.2m] probe     bmm/in-256x256x64/fp16/contig/random   B= 53248 s0 sample -> ok             err=0.000396 bad=0/271 wall=21.09s
[   4.6m] probe     bmm/in-256x256x64/fp16/contig/random   B= 57344 s0 sample -> ok             err=0.0004 bad=0/271 wall=22.38s
[   5.0m] probe     bmm/in-256x256x64/fp16/contig/random   B= 61440 s0 sample -> ok             err=0.000414 bad=0/270 wall=23.43s
[   5.4m] probe     bmm/in-256x256x64/fp16/contig/random   B= 65534 s0 sample -> ok             err=0.000403 bad=0/271 wall=24.89s
[   5.8m] probe     bmm/in-256x256x64/fp16/contig/random   B= 65535 s0 sample -> ok             err=0.000403 bad=0/271 wall=24.89s
[   6.3m] probe     bmm/in-256x256x64/fp16/contig/random   B= 65536 s0 sample -> ok             err=0.000407 bad=0/271 wall=24.97s
[   6.7m] probe     bmm/in-256x256x64/fp16/contig/random   B= 65537 s0 sample -> ok             err=0.000403 bad=0/271 wall=24.85s
[   7.1m] probe     bmm/in-256x256x64/fp16/contig/random   B= 65538 s0 sample -> ok             err=0.000409 bad=0/271 wall=24.92s
[   7.2m] probe     bmm/in-256x256x64/fp16/bT/random       B=  4096 s0 full   -> ok             err=0.000421 bad=0/4096 wall=6.39s
[   7.3m] probe     bmm/in-256x256x64/fp16/bT/random       B=  7680 s0 sample -> ok             err=0.000404 bad=0/266 wall=5.98s
[   7.4m] probe     bmm/in-256x256x64/fp16/bT/random       B= 11264 s0 sample -> ok             err=0.000404 bad=0/266 wall=6.92s
[   7.5m] probe     bmm/in-256x256x64/fp16/bT/random       B= 14848 s0 sample -> ok             err=0.000406 bad=0/266 wall=8.63s
[   7.7m] probe     bmm/in-256x256x64/fp16/bT/random       B= 18432 s0 sample -> ok             err=0.000403 bad=0/266 wall=9.65s
[   7.9m] probe     bmm/in-256x256x64/fp16/bT/random       B= 22016 s0 sample -> ok             err=0.000404 bad=0/266 wall=10.52s
[   8.1m] probe     bmm/in-256x256x64/fp16/bT/random       B= 25600 s0 sample -> ok             err=0.000402 bad=0/266 wall=11.85s
[   8.3m] probe     bmm/in-256x256x64/fp16/bT/random       B= 29184 s0 sample -> ok             err=0.0004 bad=0/266 wall=12.98s
[   8.5m] probe     bmm/in-256x256x64/fp16/bT/random       B= 32766 s0 sample -> ok             err=0.000404 bad=0/266 wall=14.37s
[   8.8m] probe     bmm/in-256x256x64/fp16/bT/random       B= 32767 s0 sample -> ok             err=0.000404 bad=0/266 wall=14.31s
[   9.0m] probe     bmm/in-256x256x64/fp16/bT/random       B= 32768 s0 sample -> ok             err=0.000404 bad=0/266 wall=14.36s
[   9.3m] probe     bmm/in-256x256x64/fp16/bT/random       B= 32769 s0 sample -> ok             err=0.000403 bad=0/266 wall=14.51s
[   9.5m] probe     bmm/in-256x256x64/fp16/bT/random       B= 32770 s0 sample -> ok             err=0.000409 bad=0/266 wall=14.51s
[   9.8m] probe     bmm/in-256x256x64/fp16/bT/random       B= 36864 s0 sample -> ok             err=0.000403 bad=0/271 wall=15.97s
[  10.1m] probe     bmm/in-256x256x64/fp16/bT/random       B= 40960 s0 sample -> ok             err=0.000408 bad=0/270 wall=17.32s
[  10.4m] probe     bmm/in-256x256x64/fp16/bT/random       B= 45056 s0 sample -> ok             err=0.000402 bad=0/271 wall=18.72s
[  10.7m] probe     bmm/in-256x256x64/fp16/bT/random       B= 49152 s0 sample -> ok             err=0.000407 bad=0/270 wall=19.76s
[  11.1m] probe     bmm/in-256x256x64/fp16/bT/random       B= 53248 s0 sample -> ok             err=0.000396 bad=0/271 wall=21.42s
[  11.4m] probe     bmm/in-256x256x64/fp16/bT/random       B= 57344 s0 sample -> ok             err=0.0004 bad=0/271 wall=22.93s
[  11.8m] probe     bmm/in-256x256x64/fp16/bT/random       B= 61440 s0 sample -> ok             err=0.000414 bad=0/270 wall=24.25s
[  12.3m] probe     bmm/in-256x256x64/fp16/bT/random       B= 65534 s0 sample -> ok             err=0.000403 bad=0/271 wall=25.66s
[  12.7m] probe     bmm/in-256x256x64/fp16/bT/random       B= 65535 s0 sample -> ok             err=0.000403 bad=0/271 wall=25.34s
[  13.1m] probe     bmm/in-256x256x64/fp16/bT/random       B= 65536 s0 sample -> ok             err=0.000407 bad=0/271 wall=25.46s
[  13.5m] probe     bmm/in-256x256x64/fp16/bT/random       B= 65537 s0 sample -> ok             err=0.000403 bad=0/271 wall=25.42s
[  14.0m] probe     bmm/in-256x256x64/fp16/bT/random       B= 65538 s0 sample -> ok             err=0.000409 bad=0/271 wall=25.64s
[  14.0m] idx_probe bmm/in-256x256x64/fp16/contig/idx_a_batch B=  4096 s0 sample -> ok             err=0 bad=0/266 wall=2.82s
[  14.1m] idx_probe bmm/in-256x256x64/fp16/contig/idx_a_batch B= 32767 s0 sample -> ok             err=0 bad=0/266 wall=4.56s
[  14.2m] idx_probe bmm/in-256x256x64/fp16/contig/idx_a_batch B= 32769 s0 sample -> ok             err=0 bad=0/266 wall=4.48s
[  14.3m] idx_probe bmm/in-256x256x64/fp16/contig/idx_a_batch B= 65535 s0 sample -> ok             err=0 bad=0/271 wall=6.52s
[  14.4m] idx_probe bmm/in-256x256x64/fp16/contig/idx_a_batch B= 65537 s0 sample -> ok             err=0 bad=0/271 wall=6.35s
[  14.4m] idx_probe bmm/in-256x256x64/fp16/bT/idx_a_batch  B=  4096 s0 sample -> ok             err=0 bad=0/266 wall=2.87s
[  14.5m] idx_probe bmm/in-256x256x64/fp16/bT/idx_a_batch  B= 32767 s0 sample -> ok             err=0 bad=0/266 wall=4.86s
[  14.6m] idx_probe bmm/in-256x256x64/fp16/bT/idx_a_batch  B= 32769 s0 sample -> ok             err=0 bad=0/266 wall=4.85s
[  14.7m] idx_probe bmm/in-256x256x64/fp16/bT/idx_a_batch  B= 65535 s0 sample -> ok             err=0 bad=0/271 wall=7.06s
[  14.8m] idx_probe bmm/in-256x256x64/fp16/bT/idx_a_batch  B= 65537 s0 sample -> ok             err=0 bad=0/271 wall=6.82s
[  14.9m] idx_probe bmm/in-256x256x64/fp16/contig/idx_a_rc B=  4096 s0 sample -> ok             err=0 bad=0/266 wall=3.09s
[  15.0m] idx_probe bmm/in-256x256x64/fp16/contig/idx_a_rc B= 32767 s0 sample -> ok             err=0 bad=0/266 wall=4.85s
[  15.0m] idx_probe bmm/in-256x256x64/fp16/contig/idx_a_rc B= 32769 s0 sample -> ok             err=0 bad=0/266 wall=4.78s
[  15.1m] idx_probe bmm/in-256x256x64/fp16/contig/idx_a_rc B= 65535 s0 sample -> ok             err=0 bad=0/271 wall=6.91s
[  15.3m] idx_probe bmm/in-256x256x64/fp16/contig/idx_a_rc B= 65537 s0 sample -> ok             err=0 bad=0/271 wall=6.71s
[  15.3m] idx_probe bmm/in-256x256x64/fp16/bT/idx_a_rc     B=  4096 s0 sample -> ok             err=0 bad=0/266 wall=3.14s
[  15.4m] idx_probe bmm/in-256x256x64/fp16/bT/idx_a_rc     B= 32767 s0 sample -> ok             err=0 bad=0/266 wall=5.06s
[  15.5m] idx_probe bmm/in-256x256x64/fp16/bT/idx_a_rc     B= 32769 s0 sample -> ok             err=0 bad=0/266 wall=5.16s
[  15.6m] idx_probe bmm/in-256x256x64/fp16/bT/idx_a_rc     B= 65535 s0 sample -> ok             err=0 bad=0/271 wall=7.2s
[  15.7m] idx_probe bmm/in-256x256x64/fp16/bT/idx_a_rc     B= 65537 s0 sample -> ok             err=0 bad=0/271 wall=7.25s
[  15.8m] idx_probe bmm/in-256x256x64/fp16/contig/idx_b_batch B=  4096 s0 sample -> ok             err=0 bad=0/266 wall=2.79s
[  15.8m] idx_probe bmm/in-256x256x64/fp16/contig/idx_b_batch B= 32767 s0 sample -> ok             err=0 bad=0/266 wall=4.48s
[  15.9m] idx_probe bmm/in-256x256x64/fp16/contig/idx_b_batch B= 32769 s0 sample -> ok             err=0 bad=0/266 wall=4.63s
[  16.0m] idx_probe bmm/in-256x256x64/fp16/contig/idx_b_batch B= 65535 s0 sample -> ok             err=0 bad=0/271 wall=6.48s
[  16.1m] idx_probe bmm/in-256x256x64/fp16/contig/idx_b_batch B= 65537 s0 sample -> ok             err=0 bad=0/271 wall=6.54s
[  16.2m] idx_probe bmm/in-256x256x64/fp16/bT/idx_b_batch  B=  4096 s0 sample -> ok             err=0 bad=0/266 wall=2.79s
[  16.3m] idx_probe bmm/in-256x256x64/fp16/bT/idx_b_batch  B= 32767 s0 sample -> ok             err=0 bad=0/266 wall=4.72s
[  16.3m] idx_probe bmm/in-256x256x64/fp16/bT/idx_b_batch  B= 32769 s0 sample -> ok             err=0 bad=0/266 wall=4.88s
[  16.5m] idx_probe bmm/in-256x256x64/fp16/bT/idx_b_batch  B= 65535 s0 sample -> ok             err=0 bad=0/271 wall=6.83s
[  16.6m] idx_probe bmm/in-256x256x64/fp16/bT/idx_b_batch  B= 65537 s0 sample -> ok             err=0 bad=0/271 wall=6.92s
[  16.6m] idx_probe bmm/in-256x256x64/fp16/contig/idx_b_rc B=  4096 s0 sample -> ok             err=0 bad=0/266 wall=2.91s
[  16.7m] idx_probe bmm/in-256x256x64/fp16/contig/idx_b_rc B= 32767 s0 sample -> ok             err=0 bad=0/266 wall=4.82s
[  16.8m] idx_probe bmm/in-256x256x64/fp16/contig/idx_b_rc B= 32769 s0 sample -> ok             err=0 bad=0/266 wall=4.67s
[  16.9m] idx_probe bmm/in-256x256x64/fp16/contig/idx_b_rc B= 65535 s0 sample -> ok             err=0 bad=0/271 wall=6.69s
[  17.0m] idx_probe bmm/in-256x256x64/fp16/contig/idx_b_rc B= 65537 s0 sample -> ok             err=0 bad=0/271 wall=6.58s
[  17.0m] idx_probe bmm/in-256x256x64/fp16/bT/idx_b_rc     B=  4096 s0 sample -> ok             err=0 bad=0/266 wall=2.96s
[  17.1m] idx_probe bmm/in-256x256x64/fp16/bT/idx_b_rc     B= 32767 s0 sample -> ok             err=0 bad=0/266 wall=5.02s
[  17.2m] idx_probe bmm/in-256x256x64/fp16/bT/idx_b_rc     B= 32769 s0 sample -> ok             err=0 bad=0/266 wall=4.89s
[  17.3m] idx_probe bmm/in-256x256x64/fp16/bT/idx_b_rc     B= 65535 s0 sample -> ok             err=0 bad=0/271 wall=7.17s
[  17.4m] idx_probe bmm/in-256x256x64/fp16/bT/idx_b_rc     B= 65537 s0 sample -> ok             err=0 bad=0/271 wall=6.94s
[  18.5m] final     bmm/in-256x256x64/fp16/contig/random   B= 65538 s0 full   -> ok             err=0.00043 bad=0/65538 wall=64.85s
[  19.6m] final     bmm/in-256x256x64/fp16/contig/random   B= 65538 s1 full   -> ok             err=0.000428 bad=0/65538 wall=64.97s
[  20.7m] final     bmm/in-256x256x64/fp16/contig/random   B= 65538 s2 full   -> ok             err=0.00044 bad=0/65538 wall=64.98s
[  21.2m] final     bmm/in-256x256x64/fp16/contig/idx_a_batch B= 65538 s0 full   -> ok             err=0 bad=0/65538 wall=27.69s
[  21.6m] final     bmm/in-256x256x64/fp16/contig/idx_a_rc B= 65538 s0 full   -> ok             err=0 bad=0/65538 wall=28.42s
[  22.1m] final     bmm/in-256x256x64/fp16/contig/idx_b_batch B= 65538 s0 full   -> ok             err=0 bad=0/65538 wall=28.09s
[  22.6m] final     bmm/in-256x256x64/fp16/contig/idx_b_rc B= 65538 s0 full   -> ok             err=0 bad=0/65538 wall=28.13s
[  23.7m] final     bmm/in-256x256x64/fp16/bT/random       B= 65538 s0 full   -> ok             err=0.00043 bad=0/65538 wall=65.56s
[  24.8m] final     bmm/in-256x256x64/fp16/bT/random       B= 65538 s1 full   -> ok             err=0.000428 bad=0/65538 wall=65.43s
[  25.8m] final     bmm/in-256x256x64/fp16/bT/random       B= 65538 s2 full   -> ok             err=0.00044 bad=0/65538 wall=65.71s
[  26.3m] final     bmm/in-256x256x64/fp16/bT/idx_a_batch  B= 65538 s0 full   -> ok             err=0 bad=0/65538 wall=28.32s
[  26.8m] final     bmm/in-256x256x64/fp16/bT/idx_a_rc     B= 65538 s0 full   -> ok             err=0 bad=0/65538 wall=28.87s
[  27.3m] final     bmm/in-256x256x64/fp16/bT/idx_b_batch  B= 65538 s0 full   -> ok             err=0 bad=0/65538 wall=28.68s
[  27.8m] final     bmm/in-256x256x64/fp16/bT/idx_b_rc     B= 65538 s0 full   -> ok             err=0 bad=0/65538 wall=28.76s
# 新規 107 実行, 27.8 分。W&B の送信完了を待つ
-> /content/mb/results/summary/a100/20260919T140058-a100.md
