# run_id=20260919T150630-a100 {'os': 'Linux', 'os_release': '6.6.122+', 'arch': 'x86_64', 'macos': '', 'macos_build': '', 'linux_distro': 'Ubuntu 24.04.1 LTS', 'hw_model': 'Google Compute Engine', 'chip': 'Intel(R) Xeon(R) CPU @ 2.20GHz', 'mem_bytes': 179370467328, 'n_cpu': 12, 'gpu_name': 'NVIDIA A100-SXM4-80GB', 'gpu_mem_bytes': 85899345920, 'gpu_driver': '580.82.07', 'gpu_mem_source': 'nvidia-smi'} worker={'python': '3.12.3', 'torch': '2.14.0+cu130', 'executable': '/root/.cache/uv/builds-v0/.tmpRuEHWf/bin/python', 'cuda': '13.0', 'gpu_name': 'NVIDIA A100-SXM4-80GB', 'gpu_mem_bytes': 85094825984} code=790483c limit=host 100GiB / GPU 72GiB 
# tol = {'fp32': 0.0001}
[   0.1m] probe     bmm/in-512x128x64/fp32/contig/random   B=  4096 s0 full   -> ok             err=7.37e-07 bad=0/4096 wall=7.25s
[   0.2m] probe     bmm/in-512x128x64/fp32/contig/random   B=  7168 s0 sample -> ok             err=7e-07 bad=0/266 wall=5.46s
[   0.3m] probe     bmm/in-512x128x64/fp32/contig/random   B= 10240 s0 sample -> ok             err=7.21e-07 bad=0/266 wall=6.53s
[   0.4m] probe     bmm/in-512x128x64/fp32/contig/random   B= 13312 s0 sample -> ok             err=7.62e-07 bad=0/266 wall=7.42s
[   0.6m] probe     bmm/in-512x128x64/fp32/contig/random   B= 16382 s0 sample -> ok             err=6.87e-07 bad=0/266 wall=8.35s
[   0.7m] probe     bmm/in-512x128x64/fp32/contig/random   B= 16383 s0 sample -> ok             err=6.87e-07 bad=0/266 wall=8.66s
[   0.9m] probe     bmm/in-512x128x64/fp32/contig/random   B= 16384 s0 sample -> ok             err=6.37e-07 bad=0/266 wall=8.26s
[   1.0m] probe     bmm/in-512x128x64/fp32/contig/random   B= 16385 s0 sample -> ok             err=6.37e-07 bad=0/266 wall=8.33s
[   1.2m] probe     bmm/in-512x128x64/fp32/contig/random   B= 16386 s0 sample -> ok             err=6.43e-07 bad=0/266 wall=8.74s
[   1.3m] probe     bmm/in-512x128x64/fp32/contig/random   B= 20480 s0 sample -> ok             err=6.76e-07 bad=0/270 wall=9.79s
[   1.5m] probe     bmm/in-512x128x64/fp32/contig/random   B= 24576 s0 sample -> ok             err=7.24e-07 bad=0/270 wall=10.98s
[   1.7m] probe     bmm/in-512x128x64/fp32/contig/random   B= 28672 s0 sample -> ok             err=6.45e-07 bad=0/271 wall=12.53s
[   1.9m] probe     bmm/in-512x128x64/fp32/contig/random   B= 32766 s0 sample -> ok             err=5.89e-07 bad=0/271 wall=13.76s
[   2.2m] probe     bmm/in-512x128x64/fp32/contig/random   B= 32767 s0 sample -> ok             err=6.24e-07 bad=0/271 wall=13.92s
[   2.4m] probe     bmm/in-512x128x64/fp32/contig/random   B= 32768 s0 sample -> ok             err=6.48e-07 bad=0/271 wall=13.88s
[   2.6m] probe     bmm/in-512x128x64/fp32/contig/random   B= 32769 s0 sample -> ok             err=5.87e-07 bad=0/271 wall=13.83s
[   2.9m] probe     bmm/in-512x128x64/fp32/contig/random   B= 32770 s0 sample -> ok             err=6.05e-07 bad=0/271 wall=13.84s
[   3.1m] probe     bmm/in-512x128x64/fp32/contig/random   B= 40960 s0 sample -> ok             err=5.67e-07 bad=0/274 wall=16.65s
[   3.5m] probe     bmm/in-512x128x64/fp32/contig/random   B= 49152 s0 sample -> ok             err=6.29e-07 bad=0/274 wall=19.0s
[   3.8m] probe     bmm/in-512x128x64/fp32/contig/random   B= 57344 s0 sample -> ok             err=6.28e-07 bad=0/281 wall=21.7s
[   4.2m] probe     bmm/in-512x128x64/fp32/contig/random   B= 65534 s0 sample -> ok             err=6.38e-07 bad=0/281 wall=24.54s
[   4.6m] probe     bmm/in-512x128x64/fp32/contig/random   B= 65535 s0 sample -> ok             err=6.38e-07 bad=0/281 wall=24.6s
[   5.0m] probe     bmm/in-512x128x64/fp32/contig/random   B= 65536 s0 sample -> ok             err=6.28e-07 bad=0/281 wall=24.47s
[   5.4m] probe     bmm/in-512x128x64/fp32/contig/random   B= 65537 s0 sample -> ok             err=6.99e-07 bad=0/281 wall=24.48s
[   5.9m] probe     bmm/in-512x128x64/fp32/contig/random   B= 65538 s0 sample -> ok             err=6.99e-07 bad=0/281 wall=24.49s
[   6.0m] probe     bmm/in-512x128x64/fp32/bT/random       B=  4096 s0 full   -> ok             err=7.37e-07 bad=0/4096 wall=7.28s
[   6.1m] probe     bmm/in-512x128x64/fp32/bT/random       B=  7168 s0 sample -> ok             err=7e-07 bad=0/266 wall=5.37s
[   6.2m] probe     bmm/in-512x128x64/fp32/bT/random       B= 10240 s0 sample -> ok             err=7.21e-07 bad=0/266 wall=6.55s
[   6.3m] probe     bmm/in-512x128x64/fp32/bT/random       B= 13312 s0 sample -> ok             err=7.62e-07 bad=0/266 wall=7.43s
[   6.4m] probe     bmm/in-512x128x64/fp32/bT/random       B= 16382 s0 sample -> ok             err=6.87e-07 bad=0/266 wall=8.7s
[   6.6m] probe     bmm/in-512x128x64/fp32/bT/random       B= 16383 s0 sample -> ok             err=6.87e-07 bad=0/266 wall=8.4s
[   6.7m] probe     bmm/in-512x128x64/fp32/bT/random       B= 16384 s0 sample -> ok             err=6.37e-07 bad=0/266 wall=8.37s
[   6.9m] probe     bmm/in-512x128x64/fp32/bT/random       B= 16385 s0 sample -> ok             err=6.37e-07 bad=0/266 wall=8.81s
[   7.0m] probe     bmm/in-512x128x64/fp32/bT/random       B= 16386 s0 sample -> ok             err=6.43e-07 bad=0/266 wall=8.51s
[   7.2m] probe     bmm/in-512x128x64/fp32/bT/random       B= 20480 s0 sample -> ok             err=6.76e-07 bad=0/270 wall=9.76s
[   7.4m] probe     bmm/in-512x128x64/fp32/bT/random       B= 24576 s0 sample -> ok             err=7.24e-07 bad=0/270 wall=11.18s
[   7.6m] probe     bmm/in-512x128x64/fp32/bT/random       B= 28672 s0 sample -> ok             err=6.45e-07 bad=0/271 wall=12.53s
[   7.8m] probe     bmm/in-512x128x64/fp32/bT/random       B= 32766 s0 sample -> ok             err=5.89e-07 bad=0/271 wall=13.99s
[   8.0m] probe     bmm/in-512x128x64/fp32/bT/random       B= 32767 s0 sample -> ok             err=6.24e-07 bad=0/271 wall=13.86s
[   8.3m] probe     bmm/in-512x128x64/fp32/bT/random       B= 32768 s0 sample -> ok             err=6.48e-07 bad=0/271 wall=13.84s
[   8.5m] probe     bmm/in-512x128x64/fp32/bT/random       B= 32769 s0 sample -> ok             err=5.87e-07 bad=0/271 wall=13.92s
[   8.7m] probe     bmm/in-512x128x64/fp32/bT/random       B= 32770 s0 sample -> ok             err=6.05e-07 bad=0/271 wall=13.9s
[   9.0m] probe     bmm/in-512x128x64/fp32/bT/random       B= 40960 s0 sample -> ok             err=5.67e-07 bad=0/274 wall=16.78s
[   9.3m] probe     bmm/in-512x128x64/fp32/bT/random       B= 49152 s0 sample -> ok             err=6.29e-07 bad=0/274 wall=19.35s
[   9.7m] probe     bmm/in-512x128x64/fp32/bT/random       B= 57344 s0 sample -> ok             err=6.28e-07 bad=0/281 wall=22.31s
[  10.1m] probe     bmm/in-512x128x64/fp32/bT/random       B= 65534 s0 sample -> ok             err=6.38e-07 bad=0/281 wall=24.86s
[  10.5m] probe     bmm/in-512x128x64/fp32/bT/random       B= 65535 s0 sample -> ok             err=6.38e-07 bad=0/281 wall=24.74s
[  10.9m] probe     bmm/in-512x128x64/fp32/bT/random       B= 65536 s0 sample -> ok             err=6.28e-07 bad=0/281 wall=24.81s
[  11.4m] probe     bmm/in-512x128x64/fp32/bT/random       B= 65537 s0 sample -> ok             err=6.99e-07 bad=0/281 wall=24.68s
[  11.8m] probe     bmm/in-512x128x64/fp32/bT/random       B= 65538 s0 sample -> ok             err=6.99e-07 bad=0/281 wall=24.75s
[  13.0m] final     bmm/in-512x128x64/fp32/contig/random   B= 65538 s0 full   -> ok             err=8.28e-07 bad=0/65538 wall=76.47s
[  14.3m] final     bmm/in-512x128x64/fp32/contig/random   B= 65538 s1 full   -> ok             err=8.21e-07 bad=0/65538 wall=76.97s
[  15.6m] final     bmm/in-512x128x64/fp32/contig/random   B= 65538 s2 full   -> ok             err=7.88e-07 bad=0/65538 wall=77.51s
[  16.9m] final     bmm/in-512x128x64/fp32/bT/random       B= 65538 s0 full   -> ok             err=8.28e-07 bad=0/65538 wall=77.03s
[  18.2m] final     bmm/in-512x128x64/fp32/bT/random       B= 65538 s1 full   -> ok             err=8.21e-07 bad=0/65538 wall=76.9s
[  19.5m] final     bmm/in-512x128x64/fp32/bT/random       B= 65538 s2 full   -> ok             err=7.88e-07 bad=0/65538 wall=77.75s
# 新規 56 実行, 19.5 分。W&B の送信完了を待つ
-> /content/mb/results/summary/a100/20260919T150630-a100.md
