Downloading numpy (15.9MiB)
 Downloaded numpy
Installed 1 package in 17ms
# run_id=20260919T143348-a100 {'os': 'Linux', 'os_release': '6.6.122+', 'arch': 'x86_64', 'macos': '', 'macos_build': '', 'linux_distro': 'Ubuntu 24.04.1 LTS', 'hw_model': 'Google Compute Engine', 'chip': 'Intel(R) Xeon(R) CPU @ 2.20GHz', 'mem_bytes': 179370467328, 'n_cpu': 12, 'gpu_name': 'NVIDIA A100-SXM4-80GB', 'gpu_mem_bytes': 85899345920, 'gpu_driver': '580.82.07', 'gpu_mem_source': 'nvidia-smi'} worker={'python': '3.12.3', 'torch': '2.14.0+cu130', 'executable': '/root/.cache/uv/builds-v0/.tmprnS5CD/bin/python', 'cuda': '13.0', 'gpu_name': 'NVIDIA A100-SXM4-80GB', 'gpu_mem_bytes': 85094825984} code=790483c limit=host 100GiB / GPU 72GiB 
# tol = {'fp32': 0.0001}
[   0.1m] probe     bmm/out-512x64x128/fp32/aT/random      B=  4096 s0 full   -> ok             err=5.96e-07 bad=0/4096 wall=8.42s
[   0.2m] probe     bmm/out-512x64x128/fp32/aT/random      B=  7168 s0 sample -> ok             err=4.48e-07 bad=0/266 wall=4.76s
[   0.3m] probe     bmm/out-512x64x128/fp32/aT/random      B= 10240 s0 sample -> ok             err=4.6e-07 bad=0/266 wall=5.71s
[   0.4m] probe     bmm/out-512x64x128/fp32/aT/random      B= 13312 s0 sample -> ok             err=4.99e-07 bad=0/266 wall=6.28s
[   0.5m] probe     bmm/out-512x64x128/fp32/aT/random      B= 16382 s0 sample -> ok             err=5.14e-07 bad=0/266 wall=7.25s
[   0.7m] probe     bmm/out-512x64x128/fp32/aT/random      B= 16383 s0 sample -> ok             err=5.17e-07 bad=0/266 wall=6.89s
[   0.8m] probe     bmm/out-512x64x128/fp32/aT/random      B= 16384 s0 sample -> ok             err=5.17e-07 bad=0/266 wall=7.17s
[   0.9m] probe     bmm/out-512x64x128/fp32/aT/random      B= 16385 s0 sample -> ok             err=4.73e-07 bad=0/266 wall=6.97s
[   1.0m] probe     bmm/out-512x64x128/fp32/aT/random      B= 16386 s0 sample -> ok             err=4.64e-07 bad=0/266 wall=7.0s
[   1.1m] probe     bmm/out-512x64x128/fp32/aT/random      B= 20480 s0 sample -> ok             err=5.17e-07 bad=0/270 wall=8.05s
[   1.3m] probe     bmm/out-512x64x128/fp32/aT/random      B= 24576 s0 sample -> ok             err=4.54e-07 bad=0/270 wall=8.89s
[   1.5m] probe     bmm/out-512x64x128/fp32/aT/random      B= 28672 s0 sample -> ok             err=4.48e-07 bad=0/271 wall=9.77s
[   1.6m] probe     bmm/out-512x64x128/fp32/aT/random      B= 32766 s0 sample -> ok             err=5.17e-07 bad=0/271 wall=11.16s
[   1.8m] probe     bmm/out-512x64x128/fp32/aT/random      B= 32767 s0 sample -> ok             err=5.17e-07 bad=0/271 wall=11.23s
[   2.0m] probe     bmm/out-512x64x128/fp32/aT/random      B= 32768 s0 sample -> ok             err=4.51e-07 bad=0/271 wall=11.16s
[   2.2m] probe     bmm/out-512x64x128/fp32/aT/random      B= 32769 s0 sample -> ok             err=4.64e-07 bad=0/271 wall=11.14s
[   2.4m] probe     bmm/out-512x64x128/fp32/aT/random      B= 32770 s0 sample -> ok             err=4.85e-07 bad=0/271 wall=11.04s
[   2.6m] probe     bmm/out-512x64x128/fp32/aT/random      B= 40960 s0 sample -> ok             err=4.74e-07 bad=0/274 wall=13.01s
[   2.8m] probe     bmm/out-512x64x128/fp32/aT/random      B= 49152 s0 sample -> ok             err=4.43e-07 bad=0/274 wall=14.95s
[   3.1m] probe     bmm/out-512x64x128/fp32/aT/random      B= 57344 s0 sample -> ok             err=4.73e-07 bad=0/281 wall=17.0s
[   3.4m] probe     bmm/out-512x64x128/fp32/aT/random      B= 65534 s0 sample -> ok             err=4.51e-07 bad=0/281 wall=18.92s
[   3.8m] probe     bmm/out-512x64x128/fp32/aT/random      B= 65535 s0 sample -> ok             err=4.49e-07 bad=0/281 wall=19.28s
[   4.1m] probe     bmm/out-512x64x128/fp32/aT/random      B= 65536 s0 sample -> ok             err=4.87e-07 bad=0/281 wall=19.04s
[   4.4m] probe     bmm/out-512x64x128/fp32/aT/random      B= 65537 s0 sample -> ok             err=4.44e-07 bad=0/281 wall=19.17s
[   4.7m] probe     bmm/out-512x64x128/fp32/aT/random      B= 65538 s0 sample -> ok             err=6.47e-07 bad=0/281 wall=18.94s
[   4.9m] probe     bmm/out-512x64x128/fp32/slice/random   B=  4096 s0 full   -> ok             err=5.96e-07 bad=0/4096 wall=8.07s
[   4.9m] probe     bmm/out-512x64x128/fp32/slice/random   B=  7168 s0 sample -> ok             err=4.48e-07 bad=0/266 wall=4.44s
[   5.0m] probe     bmm/out-512x64x128/fp32/slice/random   B= 10240 s0 sample -> ok             err=4.6e-07 bad=0/266 wall=5.35s
[   5.1m] probe     bmm/out-512x64x128/fp32/slice/random   B= 13312 s0 sample -> ok             err=4.99e-07 bad=0/266 wall=5.96s
[   5.2m] probe     bmm/out-512x64x128/fp32/slice/random   B= 16382 s0 sample -> ok             err=5.14e-07 bad=0/266 wall=6.74s
[   5.3m] probe     bmm/out-512x64x128/fp32/slice/random   B= 16383 s0 sample -> ok             err=5.17e-07 bad=0/266 wall=6.43s
[   5.4m] probe     bmm/out-512x64x128/fp32/slice/random   B= 16384 s0 sample -> ok             err=5.17e-07 bad=0/266 wall=6.73s
[   5.6m] probe     bmm/out-512x64x128/fp32/slice/random   B= 16385 s0 sample -> ok             err=4.73e-07 bad=0/266 wall=6.44s
[   5.7m] probe     bmm/out-512x64x128/fp32/slice/random   B= 16386 s0 sample -> ok             err=4.64e-07 bad=0/266 wall=6.86s
[   5.8m] probe     bmm/out-512x64x128/fp32/slice/random   B= 20480 s0 sample -> ok             err=5.17e-07 bad=0/270 wall=7.29s
[   5.9m] probe     bmm/out-512x64x128/fp32/slice/random   B= 24576 s0 sample -> ok             err=4.54e-07 bad=0/270 wall=8.44s
[   6.1m] probe     bmm/out-512x64x128/fp32/slice/random   B= 28672 s0 sample -> ok             err=4.48e-07 bad=0/271 wall=9.47s
[   6.3m] probe     bmm/out-512x64x128/fp32/slice/random   B= 32766 s0 sample -> ok             err=5.17e-07 bad=0/271 wall=10.27s
[   6.4m] probe     bmm/out-512x64x128/fp32/slice/random   B= 32767 s0 sample -> ok             err=5.17e-07 bad=0/271 wall=10.09s
[   6.6m] probe     bmm/out-512x64x128/fp32/slice/random   B= 32768 s0 sample -> ok             err=4.51e-07 bad=0/271 wall=10.14s
[   6.8m] probe     bmm/out-512x64x128/fp32/slice/random   B= 32769 s0 sample -> ok             err=4.64e-07 bad=0/271 wall=10.15s
[   6.9m] probe     bmm/out-512x64x128/fp32/slice/random   B= 32770 s0 sample -> ok             err=4.85e-07 bad=0/271 wall=10.4s
[   7.1m] probe     bmm/out-512x64x128/fp32/slice/random   B= 40960 s0 sample -> ok             err=4.74e-07 bad=0/274 wall=12.06s
[   7.4m] probe     bmm/out-512x64x128/fp32/slice/random   B= 49152 s0 sample -> ok             err=4.43e-07 bad=0/274 wall=13.79s
[   7.6m] probe     bmm/out-512x64x128/fp32/slice/random   B= 57344 s0 sample -> ok             err=4.73e-07 bad=0/281 wall=15.81s
[   7.9m] probe     bmm/out-512x64x128/fp32/slice/random   B= 65534 s0 sample -> ok             err=4.51e-07 bad=0/281 wall=17.54s
[   8.2m] probe     bmm/out-512x64x128/fp32/slice/random   B= 65535 s0 sample -> ok             err=4.49e-07 bad=0/281 wall=17.49s
[   8.5m] probe     bmm/out-512x64x128/fp32/slice/random   B= 65536 s0 sample -> ok             err=4.87e-07 bad=0/281 wall=17.5s
[   8.8m] probe     bmm/out-512x64x128/fp32/slice/random   B= 65537 s0 sample -> ok             err=4.44e-07 bad=0/281 wall=17.52s
[   9.1m] probe     bmm/out-512x64x128/fp32/slice/random   B= 65538 s0 sample -> ok             err=6.47e-07 bad=0/281 wall=17.39s
[  10.6m] final     bmm/out-512x64x128/fp32/aT/random      B= 65538 s0 full   -> ok             err=6.47e-07 bad=0/65538 wall=92.3s
[  12.2m] final     bmm/out-512x64x128/fp32/aT/random      B= 65538 s1 full   -> ok             err=7.23e-07 bad=0/65538 wall=92.74s
[  13.7m] final     bmm/out-512x64x128/fp32/aT/random      B= 65538 s2 full   -> ok             err=6.33e-07 bad=0/65538 wall=92.45s
[  15.2m] final     bmm/out-512x64x128/fp32/slice/random   B= 65538 s0 full   -> ok             err=6.47e-07 bad=0/65538 wall=91.48s
[  16.8m] final     bmm/out-512x64x128/fp32/slice/random   B= 65538 s1 full   -> ok             err=7.23e-07 bad=0/65538 wall=91.51s
[  18.3m] final     bmm/out-512x64x128/fp32/slice/random   B= 65538 s2 full   -> ok             err=6.33e-07 bad=0/65538 wall=91.27s
# 新規 56 実行, 18.3 分。W&B の送信完了を待つ
-> /content/mb/results/summary/a100/20260919T143348-a100.md
