Downloading numpy (15.9MiB)
 Downloaded numpy
Installed 1 package in 18ms
# run_id=20260919T125339-a100 {'os': 'Linux', 'os_release': '6.6.122+', 'arch': 'x86_64', 'macos': '', 'macos_build': '', 'linux_distro': 'Ubuntu 24.04.1 LTS', 'hw_model': 'Google Compute Engine', 'chip': 'Intel(R) Xeon(R) CPU @ 2.20GHz', 'mem_bytes': 179370467328, 'n_cpu': 12, 'gpu_name': 'NVIDIA A100-SXM4-80GB', 'gpu_mem_bytes': 85899345920, 'gpu_driver': '580.82.07', 'gpu_mem_source': 'nvidia-smi'} worker={'python': '3.12.3', 'torch': '2.14.0+cu130', 'executable': '/root/.cache/uv/builds-v0/.tmpsyBwUr/bin/python', 'cuda': '13.0', 'gpu_name': 'NVIDIA A100-SXM4-80GB', 'gpu_mem_bytes': 85094825984} code=790483c limit=host 100GiB / GPU 72GiB 
[   0.1m] calibrate bmm/out-256x64x256/fp16/contig/random  B=  4096 s0 full   -> ok             err=0.000379 bad=0/4096 wall=7.73s
[   0.3m] calibrate bmm/out-256x64x256/fp16/contig/random  B=  4096 s1 full   -> ok             err=0.00038 bad=0/4096 wall=7.79s
[   0.4m] calibrate bmm/out-256x64x256/fp16/contig/random  B=  4096 s2 full   -> ok             err=0.000383 bad=0/4096 wall=8.0s
# tol = {'fp16': 0.003830089853917639}
[   0.5m] probe     bmm/out-256x64x256/fp16/contig/random  B=  4096 s0 full   -> ok             err=0.000379 bad=0/4096 wall=7.54s
[   0.6m] probe     bmm/out-256x64x256/fp16/contig/random  B=  7680 s0 sample -> ok             err=0.00037 bad=0/266 wall=4.93s
[   0.7m] probe     bmm/out-256x64x256/fp16/contig/random  B= 11264 s0 sample -> ok             err=0.00037 bad=0/266 wall=5.4s
[   0.8m] probe     bmm/out-256x64x256/fp16/contig/random  B= 14848 s0 sample -> ok             err=0.000374 bad=0/266 wall=6.19s
[   0.9m] probe     bmm/out-256x64x256/fp16/contig/random  B= 18432 s0 sample -> ok             err=0.00037 bad=0/266 wall=6.74s
[   1.0m] probe     bmm/out-256x64x256/fp16/contig/random  B= 22016 s0 sample -> ok             err=0.000374 bad=0/266 wall=7.84s
[   1.2m] probe     bmm/out-256x64x256/fp16/contig/random  B= 25600 s0 sample -> ok             err=0.000371 bad=0/266 wall=8.34s
[   1.3m] probe     bmm/out-256x64x256/fp16/contig/random  B= 29184 s0 sample -> ok             err=0.000369 bad=0/266 wall=8.99s
[   1.5m] probe     bmm/out-256x64x256/fp16/contig/random  B= 32766 s0 sample -> ok             err=0.00037 bad=0/266 wall=10.06s
[   1.7m] probe     bmm/out-256x64x256/fp16/contig/random  B= 32767 s0 sample -> ok             err=0.000374 bad=0/266 wall=10.03s
[   1.8m] probe     bmm/out-256x64x256/fp16/contig/random  B= 32768 s0 sample -> ok             err=0.000374 bad=0/266 wall=9.95s
[   2.0m] probe     bmm/out-256x64x256/fp16/contig/random  B= 32769 s0 sample -> ok             err=0.000379 bad=0/266 wall=9.67s
[   2.1m] probe     bmm/out-256x64x256/fp16/contig/random  B= 32770 s0 sample -> ok             err=0.00037 bad=0/266 wall=9.78s
[   2.3m] probe     bmm/out-256x64x256/fp16/contig/random  B= 36864 s0 sample -> ok             err=0.000379 bad=0/271 wall=10.9s
[   2.5m] probe     bmm/out-256x64x256/fp16/contig/random  B= 40960 s0 sample -> ok             err=0.000374 bad=0/270 wall=11.71s
[   2.7m] probe     bmm/out-256x64x256/fp16/contig/random  B= 45056 s0 sample -> ok             err=0.00037 bad=0/271 wall=12.57s
[   3.0m] probe     bmm/out-256x64x256/fp16/contig/random  B= 49152 s0 sample -> ok             err=0.000372 bad=0/270 wall=13.31s
[   3.2m] probe     bmm/out-256x64x256/fp16/contig/random  B= 53248 s0 sample -> ok             err=0.000379 bad=0/271 wall=14.24s
[   3.5m] probe     bmm/out-256x64x256/fp16/contig/random  B= 57344 s0 sample -> ok             err=0.000366 bad=0/271 wall=15.36s
[   3.7m] probe     bmm/out-256x64x256/fp16/contig/random  B= 61440 s0 sample -> ok             err=0.00037 bad=0/270 wall=16.01s
[   4.0m] probe     bmm/out-256x64x256/fp16/contig/random  B= 65534 s0 sample -> ok             err=0.000382 bad=0/271 wall=16.68s
[   4.3m] probe     bmm/out-256x64x256/fp16/contig/random  B= 65535 s0 sample -> ok             err=0.000382 bad=0/271 wall=17.25s
[   4.6m] probe     bmm/out-256x64x256/fp16/contig/random  B= 65536 s0 sample -> ok             err=0.00037 bad=0/271 wall=16.85s
[   4.8m] probe     bmm/out-256x64x256/fp16/contig/random  B= 65537 s0 sample -> ok             err=0.000376 bad=0/271 wall=16.63s
[   5.1m] probe     bmm/out-256x64x256/fp16/contig/random  B= 65538 s0 sample -> ok             err=0.00037 bad=0/271 wall=16.9s
[   5.2m] probe     bmm/out-256x64x256/fp16/bT/random      B=  4096 s0 full   -> ok             err=0.000379 bad=0/4096 wall=7.51s
[   5.3m] probe     bmm/out-256x64x256/fp16/bT/random      B=  7680 s0 sample -> ok             err=0.00037 bad=0/266 wall=4.9s
[   5.4m] probe     bmm/out-256x64x256/fp16/bT/random      B= 11264 s0 sample -> ok             err=0.00037 bad=0/266 wall=5.51s
[   5.5m] probe     bmm/out-256x64x256/fp16/bT/random      B= 14848 s0 sample -> ok             err=0.000374 bad=0/266 wall=6.56s
[   5.6m] probe     bmm/out-256x64x256/fp16/bT/random      B= 18432 s0 sample -> ok             err=0.00037 bad=0/266 wall=7.02s
[   5.8m] probe     bmm/out-256x64x256/fp16/bT/random      B= 22016 s0 sample -> ok             err=0.000374 bad=0/266 wall=7.92s
[   5.9m] probe     bmm/out-256x64x256/fp16/bT/random      B= 25600 s0 sample -> ok             err=0.000371 bad=0/266 wall=8.83s
[   6.1m] probe     bmm/out-256x64x256/fp16/bT/random      B= 29184 s0 sample -> ok             err=0.000369 bad=0/266 wall=9.32s
[   6.3m] probe     bmm/out-256x64x256/fp16/bT/random      B= 32766 s0 sample -> ok             err=0.00037 bad=0/266 wall=10.14s
[   6.4m] probe     bmm/out-256x64x256/fp16/bT/random      B= 32767 s0 sample -> ok             err=0.000374 bad=0/266 wall=10.26s
[   6.6m] probe     bmm/out-256x64x256/fp16/bT/random      B= 32768 s0 sample -> ok             err=0.000374 bad=0/266 wall=10.43s
[   6.8m] probe     bmm/out-256x64x256/fp16/bT/random      B= 32769 s0 sample -> ok             err=0.000379 bad=0/266 wall=10.24s
[   6.9m] probe     bmm/out-256x64x256/fp16/bT/random      B= 32770 s0 sample -> ok             err=0.00037 bad=0/266 wall=10.08s
[   7.1m] probe     bmm/out-256x64x256/fp16/bT/random      B= 36864 s0 sample -> ok             err=0.000379 bad=0/271 wall=11.04s
[   7.3m] probe     bmm/out-256x64x256/fp16/bT/random      B= 40960 s0 sample -> ok             err=0.000374 bad=0/270 wall=11.88s
[   7.5m] probe     bmm/out-256x64x256/fp16/bT/random      B= 45056 s0 sample -> ok             err=0.00037 bad=0/271 wall=12.89s
[   7.8m] probe     bmm/out-256x64x256/fp16/bT/random      B= 49152 s0 sample -> ok             err=0.000372 bad=0/270 wall=13.69s
[   8.0m] probe     bmm/out-256x64x256/fp16/bT/random      B= 53248 s0 sample -> ok             err=0.000379 bad=0/271 wall=14.71s
[   8.3m] probe     bmm/out-256x64x256/fp16/bT/random      B= 57344 s0 sample -> ok             err=0.000366 bad=0/271 wall=15.73s
[   8.5m] probe     bmm/out-256x64x256/fp16/bT/random      B= 61440 s0 sample -> ok             err=0.00037 bad=0/270 wall=16.42s
[   8.8m] probe     bmm/out-256x64x256/fp16/bT/random      B= 65534 s0 sample -> ok             err=0.000382 bad=0/271 wall=17.38s
[   9.1m] probe     bmm/out-256x64x256/fp16/bT/random      B= 65535 s0 sample -> ok             err=0.000382 bad=0/271 wall=17.35s
[   9.4m] probe     bmm/out-256x64x256/fp16/bT/random      B= 65536 s0 sample -> ok             err=0.00037 bad=0/271 wall=18.03s
[   9.7m] probe     bmm/out-256x64x256/fp16/bT/random      B= 65537 s0 sample -> ok             err=0.000376 bad=0/271 wall=17.23s
[  10.0m] probe     bmm/out-256x64x256/fp16/bT/random      B= 65538 s0 sample -> ok             err=0.00037 bad=0/271 wall=17.22s
[  10.0m] idx_probe bmm/out-256x64x256/fp16/contig/idx_a_batch B=  4096 s0 sample -> ok             err=0 bad=0/266 wall=2.78s
[  10.1m] idx_probe bmm/out-256x64x256/fp16/contig/idx_a_batch B= 32767 s0 sample -> ok             err=0 bad=0/266 wall=3.47s
[  10.2m] idx_probe bmm/out-256x64x256/fp16/contig/idx_a_batch B= 32769 s0 sample -> ok             err=0 bad=0/266 wall=3.47s
[  10.2m] idx_probe bmm/out-256x64x256/fp16/contig/idx_a_batch B= 65535 s0 sample -> ok             err=0 bad=0/271 wall=4.42s
[  10.3m] idx_probe bmm/out-256x64x256/fp16/contig/idx_a_batch B= 65537 s0 sample -> ok             err=0 bad=0/271 wall=4.31s
[  10.3m] idx_probe bmm/out-256x64x256/fp16/bT/idx_a_batch B=  4096 s0 sample -> ok             err=0 bad=0/266 wall=2.82s
[  10.4m] idx_probe bmm/out-256x64x256/fp16/bT/idx_a_batch B= 32767 s0 sample -> ok             err=0 bad=0/266 wall=3.88s
[  10.5m] idx_probe bmm/out-256x64x256/fp16/bT/idx_a_batch B= 32769 s0 sample -> ok             err=0 bad=0/266 wall=3.69s
[  10.6m] idx_probe bmm/out-256x64x256/fp16/bT/idx_a_batch B= 65535 s0 sample -> ok             err=0 bad=0/271 wall=4.8s
[  10.6m] idx_probe bmm/out-256x64x256/fp16/bT/idx_a_batch B= 65537 s0 sample -> ok             err=0 bad=0/271 wall=4.95s
[  10.7m] idx_probe bmm/out-256x64x256/fp16/contig/idx_a_rc B=  4096 s0 sample -> ok             err=0 bad=0/266 wall=2.91s
[  10.7m] idx_probe bmm/out-256x64x256/fp16/contig/idx_a_rc B= 32767 s0 sample -> ok             err=0 bad=0/266 wall=3.62s
[  10.8m] idx_probe bmm/out-256x64x256/fp16/contig/idx_a_rc B= 32769 s0 sample -> ok             err=0 bad=0/266 wall=3.67s
[  10.9m] idx_probe bmm/out-256x64x256/fp16/contig/idx_a_rc B= 65535 s0 sample -> ok             err=0 bad=0/271 wall=4.42s
[  11.0m] idx_probe bmm/out-256x64x256/fp16/contig/idx_a_rc B= 65537 s0 sample -> ok             err=0 bad=0/271 wall=4.37s
[  11.0m] idx_probe bmm/out-256x64x256/fp16/bT/idx_a_rc    B=  4096 s0 sample -> ok             err=0 bad=0/266 wall=2.91s
[  11.1m] idx_probe bmm/out-256x64x256/fp16/bT/idx_a_rc    B= 32767 s0 sample -> ok             err=0 bad=0/266 wall=3.94s
[  11.1m] idx_probe bmm/out-256x64x256/fp16/bT/idx_a_rc    B= 32769 s0 sample -> ok             err=0 bad=0/266 wall=3.8s
[  11.2m] idx_probe bmm/out-256x64x256/fp16/bT/idx_a_rc    B= 65535 s0 sample -> ok             err=0 bad=0/271 wall=4.9s
[  11.3m] idx_probe bmm/out-256x64x256/fp16/bT/idx_a_rc    B= 65537 s0 sample -> ok             err=0 bad=0/271 wall=4.91s
[  11.3m] idx_probe bmm/out-256x64x256/fp16/contig/idx_b_batch B=  4096 s0 sample -> ok             err=0 bad=0/266 wall=2.82s
[  11.4m] idx_probe bmm/out-256x64x256/fp16/contig/idx_b_batch B= 32767 s0 sample -> ok             err=0 bad=0/266 wall=3.56s
[  11.5m] idx_probe bmm/out-256x64x256/fp16/contig/idx_b_batch B= 32769 s0 sample -> ok             err=0 bad=0/266 wall=3.52s
[  11.5m] idx_probe bmm/out-256x64x256/fp16/contig/idx_b_batch B= 65535 s0 sample -> ok             err=0 bad=0/271 wall=4.3s
[  11.6m] idx_probe bmm/out-256x64x256/fp16/contig/idx_b_batch B= 65537 s0 sample -> ok             err=0 bad=0/271 wall=4.3s
[  11.7m] idx_probe bmm/out-256x64x256/fp16/bT/idx_b_batch B=  4096 s0 sample -> ok             err=0 bad=0/266 wall=2.83s
[  11.7m] idx_probe bmm/out-256x64x256/fp16/bT/idx_b_batch B= 32767 s0 sample -> ok             err=0 bad=0/266 wall=3.79s
[  11.8m] idx_probe bmm/out-256x64x256/fp16/bT/idx_b_batch B= 32769 s0 sample -> ok             err=0 bad=0/266 wall=3.67s
[  11.9m] idx_probe bmm/out-256x64x256/fp16/bT/idx_b_batch B= 65535 s0 sample -> ok             err=0 bad=0/271 wall=4.94s
[  11.9m] idx_probe bmm/out-256x64x256/fp16/bT/idx_b_batch B= 65537 s0 sample -> ok             err=0 bad=0/271 wall=4.7s
[  12.0m] idx_probe bmm/out-256x64x256/fp16/contig/idx_b_rc B=  4096 s0 sample -> ok             err=0 bad=0/266 wall=2.86s
[  12.0m] idx_probe bmm/out-256x64x256/fp16/contig/idx_b_rc B= 32767 s0 sample -> ok             err=0 bad=0/266 wall=3.75s
[  12.1m] idx_probe bmm/out-256x64x256/fp16/contig/idx_b_rc B= 32769 s0 sample -> ok             err=0 bad=0/266 wall=3.56s
[  12.2m] idx_probe bmm/out-256x64x256/fp16/contig/idx_b_rc B= 65535 s0 sample -> ok             err=0 bad=0/271 wall=4.39s
[  12.3m] idx_probe bmm/out-256x64x256/fp16/contig/idx_b_rc B= 65537 s0 sample -> ok             err=0 bad=0/271 wall=4.58s
[  12.3m] idx_probe bmm/out-256x64x256/fp16/bT/idx_b_rc    B=  4096 s0 sample -> ok             err=0 bad=0/266 wall=2.93s
[  12.4m] idx_probe bmm/out-256x64x256/fp16/bT/idx_b_rc    B= 32767 s0 sample -> ok             err=0 bad=0/266 wall=3.89s
[  12.4m] idx_probe bmm/out-256x64x256/fp16/bT/idx_b_rc    B= 32769 s0 sample -> ok             err=0 bad=0/266 wall=4.01s
[  12.5m] idx_probe bmm/out-256x64x256/fp16/bT/idx_b_rc    B= 65535 s0 sample -> ok             err=0 bad=0/271 wall=4.83s
[  12.6m] idx_probe bmm/out-256x64x256/fp16/bT/idx_b_rc    B= 65537 s0 sample -> ok             err=0 bad=0/271 wall=4.88s
[  14.0m] final     bmm/out-256x64x256/fp16/contig/random  B= 65538 s0 full   -> ok             err=0.000455 bad=0/65538 wall=85.39s
[  15.4m] final     bmm/out-256x64x256/fp16/contig/random  B= 65538 s1 full   -> ok             err=0.000476 bad=0/65538 wall=85.77s
[  16.9m] final     bmm/out-256x64x256/fp16/contig/random  B= 65538 s2 full   -> ok             err=0.000432 bad=0/65538 wall=85.68s
[  17.9m] final     bmm/out-256x64x256/fp16/contig/idx_a_batch B= 65538 s0 full   -> ok             err=0 bad=0/65538 wall=60.73s
[  18.9m] final     bmm/out-256x64x256/fp16/contig/idx_a_rc B= 65538 s0 full   -> ok             err=0 bad=0/65538 wall=60.92s
[  19.9m] final     bmm/out-256x64x256/fp16/contig/idx_b_batch B= 65538 s0 full   -> ok             err=0 bad=0/65538 wall=61.35s
[  21.0m] final     bmm/out-256x64x256/fp16/contig/idx_b_rc B= 65538 s0 full   -> ok             err=0 bad=0/65538 wall=61.67s
[  22.4m] final     bmm/out-256x64x256/fp16/bT/random      B= 65538 s0 full   -> ok             err=0.000455 bad=0/65538 wall=87.01s
[  23.8m] final     bmm/out-256x64x256/fp16/bT/random      B= 65538 s1 full   -> ok             err=0.000476 bad=0/65538 wall=86.31s
[  25.3m] final     bmm/out-256x64x256/fp16/bT/random      B= 65538 s2 full   -> ok             err=0.000432 bad=0/65538 wall=86.2s
[  26.3m] final     bmm/out-256x64x256/fp16/bT/idx_a_batch B= 65538 s0 full   -> ok             err=0 bad=0/65538 wall=61.07s
[  27.3m] final     bmm/out-256x64x256/fp16/bT/idx_a_rc    B= 65538 s0 full   -> ok             err=0 bad=0/65538 wall=61.62s
[  28.3m] final     bmm/out-256x64x256/fp16/bT/idx_b_batch B= 65538 s0 full   -> ok             err=0 bad=0/65538 wall=61.35s
[  29.4m] final     bmm/out-256x64x256/fp16/bT/idx_b_rc    B= 65538 s0 full   -> ok             err=0 bad=0/65538 wall=61.42s
# 新規 107 実行, 29.4 分。W&B の送信完了を待つ
-> /content/mb/results/summary/a100/20260919T125339-a100.md
