Downloading numpy (15.9MiB)
 Downloaded numpy
Installed 1 package in 17ms
# run_id=20260919T121806-a100 {'os': 'Linux', 'os_release': '6.6.122+', 'arch': 'x86_64', 'macos': '', 'macos_build': '', 'linux_distro': 'Ubuntu 24.04.1 LTS', 'hw_model': 'Google Compute Engine', 'chip': 'Intel(R) Xeon(R) CPU @ 2.20GHz', 'mem_bytes': 179370467328, 'n_cpu': 12, 'gpu_name': 'NVIDIA A100-SXM4-80GB', 'gpu_mem_bytes': 85899345920, 'gpu_driver': '580.82.07', 'gpu_mem_source': 'nvidia-smi'} worker={'python': '3.12.3', 'torch': '2.14.0+cu130', 'executable': '/root/.cache/uv/builds-v0/.tmpXr1gsB/bin/python', 'cuda': '13.0', 'gpu_name': 'NVIDIA A100-SXM4-80GB', 'gpu_mem_bytes': 85094825984} code=790483c limit=host 100GiB / GPU 72GiB 
[   0.1m] calibrate bmm/out-256x64x256/fp32/contig/random  B=  4096 s0 full   -> ok             err=6.23e-07 bad=0/4096 wall=8.09s
[   0.3m] calibrate bmm/out-256x64x256/fp32/contig/random  B=  4096 s1 full   -> ok             err=6.84e-07 bad=0/4096 wall=7.55s
[   0.4m] calibrate bmm/out-256x64x256/fp32/contig/random  B=  4096 s2 full   -> ok             err=5.85e-07 bad=0/4096 wall=7.79s
# tol = {'fp32': 6.8366744239526226e-06}
[   0.5m] probe     bmm/out-256x64x256/fp32/contig/random  B=  4096 s0 full   -> ok             err=6.23e-07 bad=0/4096 wall=7.89s
[   0.6m] probe     bmm/out-256x64x256/fp32/contig/random  B=  5632 s0 sample -> ok             err=6.23e-07 bad=0/266 wall=4.05s
[   0.7m] probe     bmm/out-256x64x256/fp32/contig/random  B=  7168 s0 sample -> ok             err=4.73e-07 bad=0/266 wall=4.29s
[   0.7m] probe     bmm/out-256x64x256/fp32/contig/random  B=  8704 s0 sample -> ok             err=4.42e-07 bad=0/266 wall=4.79s
[   0.8m] probe     bmm/out-256x64x256/fp32/contig/random  B= 10240 s0 sample -> ok             err=6.23e-07 bad=0/266 wall=4.94s
[   0.9m] probe     bmm/out-256x64x256/fp32/contig/random  B= 11776 s0 sample -> ok             err=4.73e-07 bad=0/266 wall=5.26s
[   1.0m] probe     bmm/out-256x64x256/fp32/contig/random  B= 13312 s0 sample -> ok             err=4.76e-07 bad=0/266 wall=5.72s
[   1.1m] probe     bmm/out-256x64x256/fp32/contig/random  B= 14848 s0 sample -> ok             err=4.91e-07 bad=0/266 wall=5.95s
[   1.2m] probe     bmm/out-256x64x256/fp32/contig/random  B= 16382 s0 sample -> ok             err=4.51e-07 bad=0/266 wall=6.24s
[   1.3m] probe     bmm/out-256x64x256/fp32/contig/random  B= 16383 s0 sample -> ok             err=4.61e-07 bad=0/266 wall=6.18s
[   1.4m] probe     bmm/out-256x64x256/fp32/contig/random  B= 16384 s0 sample -> ok             err=5.18e-07 bad=0/266 wall=6.22s
[   1.5m] probe     bmm/out-256x64x256/fp32/contig/random  B= 16385 s0 sample -> ok             err=5.18e-07 bad=0/266 wall=6.31s
[   1.6m] probe     bmm/out-256x64x256/fp32/contig/random  B= 16386 s0 sample -> ok             err=5.18e-07 bad=0/266 wall=6.21s
[   1.7m] probe     bmm/out-256x64x256/fp32/contig/random  B= 18432 s0 sample -> ok             err=4.76e-07 bad=0/271 wall=6.62s
[   1.9m] probe     bmm/out-256x64x256/fp32/contig/random  B= 20480 s0 sample -> ok             err=6.23e-07 bad=0/270 wall=7.03s
[   2.0m] probe     bmm/out-256x64x256/fp32/contig/random  B= 22528 s0 sample -> ok             err=6.23e-07 bad=0/271 wall=7.81s
[   2.1m] probe     bmm/out-256x64x256/fp32/contig/random  B= 24576 s0 sample -> ok             err=4.58e-07 bad=0/270 wall=7.91s
[   2.3m] probe     bmm/out-256x64x256/fp32/contig/random  B= 26624 s0 sample -> ok             err=4.76e-07 bad=0/271 wall=8.43s
[   2.4m] probe     bmm/out-256x64x256/fp32/contig/random  B= 28672 s0 sample -> ok             err=4.89e-07 bad=0/271 wall=8.88s
[   2.6m] probe     bmm/out-256x64x256/fp32/contig/random  B= 30720 s0 sample -> ok             err=6.23e-07 bad=0/270 wall=9.31s
[   2.7m] probe     bmm/out-256x64x256/fp32/contig/random  B= 32766 s0 sample -> ok             err=4.41e-07 bad=0/271 wall=9.52s
[   2.9m] probe     bmm/out-256x64x256/fp32/contig/random  B= 32767 s0 sample -> ok             err=4.41e-07 bad=0/271 wall=9.74s
[   3.0m] probe     bmm/out-256x64x256/fp32/contig/random  B= 32768 s0 sample -> ok             err=4.58e-07 bad=0/271 wall=9.79s
[   3.2m] probe     bmm/out-256x64x256/fp32/contig/random  B= 32769 s0 sample -> ok             err=4.59e-07 bad=0/271 wall=9.73s
[   3.4m] probe     bmm/out-256x64x256/fp32/contig/random  B= 32770 s0 sample -> ok             err=5.01e-07 bad=0/271 wall=9.64s
[   3.5m] probe     bmm/out-256x64x256/fp32/contig/random  B= 36864 s0 sample -> ok             err=4.46e-07 bad=0/276 wall=10.42s
[   3.7m] probe     bmm/out-256x64x256/fp32/contig/random  B= 40960 s0 sample -> ok             err=4.35e-07 bad=0/274 wall=11.24s
[   3.9m] probe     bmm/out-256x64x256/fp32/contig/random  B= 45056 s0 sample -> ok             err=6.23e-07 bad=0/276 wall=12.36s
[   4.1m] probe     bmm/out-256x64x256/fp32/contig/random  B= 49152 s0 sample -> ok             err=4.83e-07 bad=0/274 wall=13.0s
[   4.4m] probe     bmm/out-256x64x256/fp32/contig/random  B= 53248 s0 sample -> ok             err=5.42e-07 bad=0/281 wall=13.89s
[   4.6m] probe     bmm/out-256x64x256/fp32/contig/random  B= 57344 s0 sample -> ok             err=4.39e-07 bad=0/281 wall=14.91s
[   4.9m] probe     bmm/out-256x64x256/fp32/contig/random  B= 61440 s0 sample -> ok             err=6.23e-07 bad=0/278 wall=15.64s
[   5.2m] probe     bmm/out-256x64x256/fp32/contig/random  B= 65534 s0 sample -> ok             err=4.35e-07 bad=0/281 wall=16.51s
[   5.4m] probe     bmm/out-256x64x256/fp32/contig/random  B= 65535 s0 sample -> ok             err=5.02e-07 bad=0/281 wall=16.61s
[   5.7m] probe     bmm/out-256x64x256/fp32/contig/random  B= 65536 s0 sample -> ok             err=4.84e-07 bad=0/281 wall=16.56s
[   6.0m] probe     bmm/out-256x64x256/fp32/contig/random  B= 65537 s0 sample -> ok             err=4.63e-07 bad=0/281 wall=16.67s
[   6.3m] probe     bmm/out-256x64x256/fp32/contig/random  B= 65538 s0 sample -> ok             err=5.01e-07 bad=0/281 wall=16.92s
[   6.4m] probe     bmm/out-256x64x256/fp32/bT/random      B=  4096 s0 full   -> ok             err=6.23e-07 bad=0/4096 wall=7.56s
[   6.5m] probe     bmm/out-256x64x256/fp32/bT/random      B=  5632 s0 sample -> ok             err=6.23e-07 bad=0/266 wall=4.22s
[   6.5m] probe     bmm/out-256x64x256/fp32/bT/random      B=  7168 s0 sample -> ok             err=4.73e-07 bad=0/266 wall=4.39s
[   6.6m] probe     bmm/out-256x64x256/fp32/bT/random      B=  8704 s0 sample -> ok             err=4.42e-07 bad=0/266 wall=4.85s
[   6.7m] probe     bmm/out-256x64x256/fp32/bT/random      B= 10240 s0 sample -> ok             err=6.23e-07 bad=0/266 wall=5.12s
[   6.8m] probe     bmm/out-256x64x256/fp32/bT/random      B= 11776 s0 sample -> ok             err=4.73e-07 bad=0/266 wall=5.37s
[   6.9m] probe     bmm/out-256x64x256/fp32/bT/random      B= 13312 s0 sample -> ok             err=4.76e-07 bad=0/266 wall=5.86s
[   7.0m] probe     bmm/out-256x64x256/fp32/bT/random      B= 14848 s0 sample -> ok             err=4.91e-07 bad=0/266 wall=6.09s
[   7.1m] probe     bmm/out-256x64x256/fp32/bT/random      B= 16382 s0 sample -> ok             err=4.51e-07 bad=0/266 wall=6.54s
[   7.2m] probe     bmm/out-256x64x256/fp32/bT/random      B= 16383 s0 sample -> ok             err=4.61e-07 bad=0/266 wall=6.39s
[   7.3m] probe     bmm/out-256x64x256/fp32/bT/random      B= 16384 s0 sample -> ok             err=5.18e-07 bad=0/266 wall=6.59s
[   7.4m] probe     bmm/out-256x64x256/fp32/bT/random      B= 16385 s0 sample -> ok             err=5.18e-07 bad=0/266 wall=6.45s
[   7.5m] probe     bmm/out-256x64x256/fp32/bT/random      B= 16386 s0 sample -> ok             err=5.18e-07 bad=0/266 wall=6.45s
[   7.7m] probe     bmm/out-256x64x256/fp32/bT/random      B= 18432 s0 sample -> ok             err=4.76e-07 bad=0/271 wall=6.91s
[   7.8m] probe     bmm/out-256x64x256/fp32/bT/random      B= 20480 s0 sample -> ok             err=6.23e-07 bad=0/270 wall=7.31s
[   7.9m] probe     bmm/out-256x64x256/fp32/bT/random      B= 22528 s0 sample -> ok             err=6.23e-07 bad=0/271 wall=7.96s
[   8.0m] probe     bmm/out-256x64x256/fp32/bT/random      B= 24576 s0 sample -> ok             err=4.58e-07 bad=0/270 wall=8.21s
[   8.2m] probe     bmm/out-256x64x256/fp32/bT/random      B= 26624 s0 sample -> ok             err=4.76e-07 bad=0/271 wall=8.63s
[   8.3m] probe     bmm/out-256x64x256/fp32/bT/random      B= 28672 s0 sample -> ok             err=4.89e-07 bad=0/271 wall=9.28s
[   8.5m] probe     bmm/out-256x64x256/fp32/bT/random      B= 30720 s0 sample -> ok             err=6.23e-07 bad=0/270 wall=9.79s
[   8.7m] probe     bmm/out-256x64x256/fp32/bT/random      B= 32766 s0 sample -> ok             err=4.41e-07 bad=0/271 wall=10.08s
[   8.8m] probe     bmm/out-256x64x256/fp32/bT/random      B= 32767 s0 sample -> ok             err=4.41e-07 bad=0/271 wall=10.0s
[   9.0m] probe     bmm/out-256x64x256/fp32/bT/random      B= 32768 s0 sample -> ok             err=4.58e-07 bad=0/271 wall=10.0s
[   9.2m] probe     bmm/out-256x64x256/fp32/bT/random      B= 32769 s0 sample -> ok             err=4.59e-07 bad=0/271 wall=10.13s
[   9.4m] probe     bmm/out-256x64x256/fp32/bT/random      B= 32770 s0 sample -> ok             err=5.01e-07 bad=0/271 wall=10.2s
[   9.5m] probe     bmm/out-256x64x256/fp32/bT/random      B= 36864 s0 sample -> ok             err=4.46e-07 bad=0/276 wall=11.1s
[   9.7m] probe     bmm/out-256x64x256/fp32/bT/random      B= 40960 s0 sample -> ok             err=4.35e-07 bad=0/274 wall=12.05s
[  10.0m] probe     bmm/out-256x64x256/fp32/bT/random      B= 45056 s0 sample -> ok             err=6.23e-07 bad=0/276 wall=12.9s
[  10.2m] probe     bmm/out-256x64x256/fp32/bT/random      B= 49152 s0 sample -> ok             err=4.83e-07 bad=0/274 wall=13.6s
[  10.4m] probe     bmm/out-256x64x256/fp32/bT/random      B= 53248 s0 sample -> ok             err=5.42e-07 bad=0/281 wall=14.53s
[  10.7m] probe     bmm/out-256x64x256/fp32/bT/random      B= 57344 s0 sample -> ok             err=4.39e-07 bad=0/281 wall=15.56s
[  11.0m] probe     bmm/out-256x64x256/fp32/bT/random      B= 61440 s0 sample -> ok             err=6.23e-07 bad=0/278 wall=16.58s
[  11.2m] probe     bmm/out-256x64x256/fp32/bT/random      B= 65534 s0 sample -> ok             err=4.35e-07 bad=0/281 wall=17.36s
[  11.5m] probe     bmm/out-256x64x256/fp32/bT/random      B= 65535 s0 sample -> ok             err=5.02e-07 bad=0/281 wall=17.79s
[  11.8m] probe     bmm/out-256x64x256/fp32/bT/random      B= 65536 s0 sample -> ok             err=4.84e-07 bad=0/281 wall=17.34s
[  12.1m] probe     bmm/out-256x64x256/fp32/bT/random      B= 65537 s0 sample -> ok             err=4.63e-07 bad=0/281 wall=17.29s
[  12.4m] probe     bmm/out-256x64x256/fp32/bT/random      B= 65538 s0 sample -> ok             err=5.01e-07 bad=0/281 wall=17.38s
[  12.5m] idx_probe bmm/out-256x64x256/fp32/contig/idx_a_batch B=  4096 s0 sample -> ok             err=0 bad=0/266 wall=2.65s
[  12.5m] idx_probe bmm/out-256x64x256/fp32/contig/idx_a_batch B= 16383 s0 sample -> ok             err=0 bad=0/266 wall=3.33s
[  12.6m] idx_probe bmm/out-256x64x256/fp32/contig/idx_a_batch B= 16385 s0 sample -> ok             err=0 bad=0/266 wall=3.37s
[  12.6m] idx_probe bmm/out-256x64x256/fp32/contig/idx_a_batch B= 32767 s0 sample -> ok             err=0 bad=0/271 wall=4.06s
[  12.7m] idx_probe bmm/out-256x64x256/fp32/contig/idx_a_batch B= 32769 s0 sample -> ok             err=0 bad=0/271 wall=4.06s
[  12.8m] idx_probe bmm/out-256x64x256/fp32/contig/idx_a_batch B= 65535 s0 sample -> ok             err=0 bad=0/281 wall=5.83s
[  12.9m] idx_probe bmm/out-256x64x256/fp32/contig/idx_a_batch B= 65537 s0 sample -> ok             err=0 bad=0/281 wall=5.71s
[  12.9m] idx_probe bmm/out-256x64x256/fp32/bT/idx_a_batch B=  4096 s0 sample -> ok             err=0 bad=0/266 wall=2.76s
[  13.0m] idx_probe bmm/out-256x64x256/fp32/bT/idx_a_batch B= 16383 s0 sample -> ok             err=0 bad=0/266 wall=3.51s
[  13.1m] idx_probe bmm/out-256x64x256/fp32/bT/idx_a_batch B= 16385 s0 sample -> ok             err=0 bad=0/266 wall=3.49s
[  13.1m] idx_probe bmm/out-256x64x256/fp32/bT/idx_a_batch B= 32767 s0 sample -> ok             err=0 bad=0/271 wall=4.43s
[  13.2m] idx_probe bmm/out-256x64x256/fp32/bT/idx_a_batch B= 32769 s0 sample -> ok             err=0 bad=0/271 wall=4.52s
[  13.3m] idx_probe bmm/out-256x64x256/fp32/bT/idx_a_batch B= 65535 s0 sample -> ok             err=0 bad=0/281 wall=6.35s
[  13.4m] idx_probe bmm/out-256x64x256/fp32/bT/idx_a_batch B= 65537 s0 sample -> ok             err=0 bad=0/281 wall=6.56s
[  13.5m] idx_probe bmm/out-256x64x256/fp32/contig/idx_a_rc B=  4096 s0 sample -> ok             err=0 bad=0/266 wall=2.78s
[  13.5m] idx_probe bmm/out-256x64x256/fp32/contig/idx_a_rc B= 16383 s0 sample -> ok             err=0 bad=0/266 wall=3.46s
[  13.6m] idx_probe bmm/out-256x64x256/fp32/contig/idx_a_rc B= 16385 s0 sample -> ok             err=0 bad=0/266 wall=3.46s
[  13.7m] idx_probe bmm/out-256x64x256/fp32/contig/idx_a_rc B= 32767 s0 sample -> ok             err=0 bad=0/271 wall=4.23s
[  13.7m] idx_probe bmm/out-256x64x256/fp32/contig/idx_a_rc B= 32769 s0 sample -> ok             err=0 bad=0/271 wall=4.17s
[  13.8m] idx_probe bmm/out-256x64x256/fp32/contig/idx_a_rc B= 65535 s0 sample -> ok             err=0 bad=0/281 wall=5.83s
[  13.9m] idx_probe bmm/out-256x64x256/fp32/contig/idx_a_rc B= 65537 s0 sample -> ok             err=0 bad=0/281 wall=5.77s
[  14.0m] idx_probe bmm/out-256x64x256/fp32/bT/idx_a_rc    B=  4096 s0 sample -> ok             err=0 bad=0/266 wall=2.95s
[  14.0m] idx_probe bmm/out-256x64x256/fp32/bT/idx_a_rc    B= 16383 s0 sample -> ok             err=0 bad=0/266 wall=3.62s
[  14.1m] idx_probe bmm/out-256x64x256/fp32/bT/idx_a_rc    B= 16385 s0 sample -> ok             err=0 bad=0/266 wall=3.59s
[  14.2m] idx_probe bmm/out-256x64x256/fp32/bT/idx_a_rc    B= 32767 s0 sample -> ok             err=0 bad=0/271 wall=4.6s
[  14.2m] idx_probe bmm/out-256x64x256/fp32/bT/idx_a_rc    B= 32769 s0 sample -> ok             err=0 bad=0/271 wall=4.58s
[  14.3m] idx_probe bmm/out-256x64x256/fp32/bT/idx_a_rc    B= 65535 s0 sample -> ok             err=0 bad=0/281 wall=6.45s
[  14.5m] idx_probe bmm/out-256x64x256/fp32/bT/idx_a_rc    B= 65537 s0 sample -> ok             err=0 bad=0/281 wall=6.57s
[  14.5m] idx_probe bmm/out-256x64x256/fp32/contig/idx_b_batch B=  4096 s0 sample -> ok             err=0 bad=0/266 wall=2.72s
[  14.6m] idx_probe bmm/out-256x64x256/fp32/contig/idx_b_batch B= 16383 s0 sample -> ok             err=0 bad=0/266 wall=3.37s
[  14.6m] idx_probe bmm/out-256x64x256/fp32/contig/idx_b_batch B= 16385 s0 sample -> ok             err=0 bad=0/266 wall=3.24s
[  14.7m] idx_probe bmm/out-256x64x256/fp32/contig/idx_b_batch B= 32767 s0 sample -> ok             err=0 bad=0/271 wall=4.04s
[  14.7m] idx_probe bmm/out-256x64x256/fp32/contig/idx_b_batch B= 32769 s0 sample -> ok             err=0 bad=0/271 wall=4.04s
[  14.8m] idx_probe bmm/out-256x64x256/fp32/contig/idx_b_batch B= 65535 s0 sample -> ok             err=0 bad=0/281 wall=5.75s
[  14.9m] idx_probe bmm/out-256x64x256/fp32/contig/idx_b_batch B= 65537 s0 sample -> ok             err=0 bad=0/281 wall=5.59s
[  15.0m] idx_probe bmm/out-256x64x256/fp32/bT/idx_b_batch B=  4096 s0 sample -> ok             err=0 bad=0/266 wall=2.8s
[  15.0m] idx_probe bmm/out-256x64x256/fp32/bT/idx_b_batch B= 16383 s0 sample -> ok             err=0 bad=0/266 wall=3.58s
[  15.1m] idx_probe bmm/out-256x64x256/fp32/bT/idx_b_batch B= 16385 s0 sample -> ok             err=0 bad=0/266 wall=3.48s
[  15.2m] idx_probe bmm/out-256x64x256/fp32/bT/idx_b_batch B= 32767 s0 sample -> ok             err=0 bad=0/271 wall=4.49s
[  15.2m] idx_probe bmm/out-256x64x256/fp32/bT/idx_b_batch B= 32769 s0 sample -> ok             err=0 bad=0/271 wall=4.41s
[  15.4m] idx_probe bmm/out-256x64x256/fp32/bT/idx_b_batch B= 65535 s0 sample -> ok             err=0 bad=0/281 wall=6.36s
[  15.5m] idx_probe bmm/out-256x64x256/fp32/bT/idx_b_batch B= 65537 s0 sample -> ok             err=0 bad=0/281 wall=6.45s
[  15.5m] idx_probe bmm/out-256x64x256/fp32/contig/idx_b_rc B=  4096 s0 sample -> ok             err=0 bad=0/266 wall=2.8s
[  15.6m] idx_probe bmm/out-256x64x256/fp32/contig/idx_b_rc B= 16383 s0 sample -> ok             err=0 bad=0/266 wall=3.49s
[  15.6m] idx_probe bmm/out-256x64x256/fp32/contig/idx_b_rc B= 16385 s0 sample -> ok             err=0 bad=0/266 wall=3.41s
[  15.7m] idx_probe bmm/out-256x64x256/fp32/contig/idx_b_rc B= 32767 s0 sample -> ok             err=0 bad=0/271 wall=4.19s
[  15.8m] idx_probe bmm/out-256x64x256/fp32/contig/idx_b_rc B= 32769 s0 sample -> ok             err=0 bad=0/271 wall=4.18s
[  15.9m] idx_probe bmm/out-256x64x256/fp32/contig/idx_b_rc B= 65535 s0 sample -> ok             err=0 bad=0/281 wall=5.81s
[  16.0m] idx_probe bmm/out-256x64x256/fp32/contig/idx_b_rc B= 65537 s0 sample -> ok             err=0 bad=0/281 wall=5.72s
[  16.0m] idx_probe bmm/out-256x64x256/fp32/bT/idx_b_rc    B=  4096 s0 sample -> ok             err=0 bad=0/266 wall=2.99s
[  16.1m] idx_probe bmm/out-256x64x256/fp32/bT/idx_b_rc    B= 16383 s0 sample -> ok             err=0 bad=0/266 wall=3.63s
[  16.1m] idx_probe bmm/out-256x64x256/fp32/bT/idx_b_rc    B= 16385 s0 sample -> ok             err=0 bad=0/266 wall=3.56s
[  16.2m] idx_probe bmm/out-256x64x256/fp32/bT/idx_b_rc    B= 32767 s0 sample -> ok             err=0 bad=0/271 wall=4.73s
[  16.3m] idx_probe bmm/out-256x64x256/fp32/bT/idx_b_rc    B= 32769 s0 sample -> ok             err=0 bad=0/271 wall=4.58s
[  16.4m] idx_probe bmm/out-256x64x256/fp32/bT/idx_b_rc    B= 65535 s0 sample -> ok             err=0 bad=0/281 wall=6.64s
[  16.5m] idx_probe bmm/out-256x64x256/fp32/bT/idx_b_rc    B= 65537 s0 sample -> ok             err=0 bad=0/281 wall=6.58s
[  18.0m] final     bmm/out-256x64x256/fp32/contig/random  B= 65538 s0 full   -> ok             err=6.44e-07 bad=0/65538 wall=89.03s
[  19.5m] final     bmm/out-256x64x256/fp32/contig/random  B= 65538 s1 full   -> ok             err=6.84e-07 bad=0/65538 wall=88.65s
[  20.9m] final     bmm/out-256x64x256/fp32/contig/random  B= 65538 s2 full   -> ok             err=6.67e-07 bad=0/65538 wall=89.38s
[  22.1m] final     bmm/out-256x64x256/fp32/contig/idx_a_batch B= 65538 s0 full   -> ok             err=0 bad=0/65538 wall=67.93s
[  23.2m] final     bmm/out-256x64x256/fp32/contig/idx_a_rc B= 65538 s0 full   -> ok             err=0 bad=0/65538 wall=67.72s
[  24.3m] final     bmm/out-256x64x256/fp32/contig/idx_b_batch B= 65538 s0 full   -> ok             err=0 bad=0/65538 wall=67.62s
[  25.5m] final     bmm/out-256x64x256/fp32/contig/idx_b_rc B= 65538 s0 full   -> ok             err=0 bad=0/65538 wall=67.78s
[  27.0m] final     bmm/out-256x64x256/fp32/bT/random      B= 65538 s0 full   -> ok             err=6.44e-07 bad=0/65538 wall=90.06s
[  28.5m] final     bmm/out-256x64x256/fp32/bT/random      B= 65538 s1 full   -> ok             err=6.84e-07 bad=0/65538 wall=90.1s
[  30.0m] final     bmm/out-256x64x256/fp32/bT/random      B= 65538 s2 full   -> ok             err=6.67e-07 bad=0/65538 wall=90.0s
[  31.1m] final     bmm/out-256x64x256/fp32/bT/idx_a_batch B= 65538 s0 full   -> ok             err=0 bad=0/65538 wall=68.93s
[  32.3m] final     bmm/out-256x64x256/fp32/bT/idx_a_rc    B= 65538 s0 full   -> ok             err=0 bad=0/65538 wall=69.36s
[  33.4m] final     bmm/out-256x64x256/fp32/bT/idx_b_batch B= 65538 s0 full   -> ok             err=0 bad=0/65538 wall=68.51s
[  34.6m] final     bmm/out-256x64x256/fp32/bT/idx_b_rc    B= 65538 s0 full   -> ok             err=0 bad=0/65538 wall=68.97s
# 新規 147 実行, 34.6 分。W&B の送信完了を待つ
-> /content/mb/results/summary/a100/20260919T121806-a100.md
