Downloading numpy (15.9MiB)
 Downloaded numpy
Installed 1 package in 18ms
# run_id=20260919T125359-a100 {'os': 'Linux', 'os_release': '6.6.122+', 'arch': 'x86_64', 'macos': '', 'macos_build': '', 'linux_distro': 'Ubuntu 24.04.1 LTS', 'hw_model': 'Google Compute Engine', 'chip': 'Intel(R) Xeon(R) CPU @ 2.20GHz', 'mem_bytes': 179370467328, 'n_cpu': 12, 'gpu_name': 'NVIDIA A100-SXM4-80GB', 'gpu_mem_bytes': 85899345920, 'gpu_driver': '580.82.07', 'gpu_mem_source': 'nvidia-smi'} worker={'python': '3.12.3', 'torch': '2.14.0+cu130', 'executable': '/root/.cache/uv/builds-v0/.tmpSANqvR/bin/python', 'cuda': '13.0', 'gpu_name': 'NVIDIA A100-SXM4-80GB', 'gpu_mem_bytes': 85094825984} code=790483c limit=host 100GiB / GPU 72GiB 
[   0.1m] calibrate bmm/out-256x64x256/fp16/contig/random  B=  4096 s0 full   -> ok             err=0.000379 bad=0/4096 wall=7.6s
[   0.3m] calibrate bmm/out-256x64x256/fp16/contig/random  B=  4096 s1 full   -> ok             err=0.00038 bad=0/4096 wall=7.93s
[   0.4m] calibrate bmm/out-256x64x256/fp16/contig/random  B=  4096 s2 full   -> ok             err=0.000383 bad=0/4096 wall=7.55s
# tol = {'fp16': 0.003830089853917639}
[   0.5m] probe     bmm/out-256x64x256/fp16/aT/random      B=  4096 s0 full   -> ok             err=0.000379 bad=0/4096 wall=7.64s
[   0.6m] probe     bmm/out-256x64x256/fp16/aT/random      B=  7680 s0 sample -> ok             err=0.00037 bad=0/266 wall=4.66s
[   0.7m] probe     bmm/out-256x64x256/fp16/aT/random      B= 11264 s0 sample -> ok             err=0.00037 bad=0/266 wall=5.64s
[   0.8m] probe     bmm/out-256x64x256/fp16/aT/random      B= 14848 s0 sample -> ok             err=0.000374 bad=0/266 wall=6.27s
[   0.9m] probe     bmm/out-256x64x256/fp16/aT/random      B= 18432 s0 sample -> ok             err=0.00037 bad=0/266 wall=7.17s
[   1.0m] probe     bmm/out-256x64x256/fp16/aT/random      B= 22016 s0 sample -> ok             err=0.000374 bad=0/266 wall=7.8s
[   1.2m] probe     bmm/out-256x64x256/fp16/aT/random      B= 25600 s0 sample -> ok             err=0.000371 bad=0/266 wall=8.54s
[   1.3m] probe     bmm/out-256x64x256/fp16/aT/random      B= 29184 s0 sample -> ok             err=0.000369 bad=0/266 wall=9.47s
[   1.5m] probe     bmm/out-256x64x256/fp16/aT/random      B= 32766 s0 sample -> ok             err=0.00037 bad=0/266 wall=10.18s
[   1.7m] probe     bmm/out-256x64x256/fp16/aT/random      B= 32767 s0 sample -> ok             err=0.000374 bad=0/266 wall=10.13s
[   1.8m] probe     bmm/out-256x64x256/fp16/aT/random      B= 32768 s0 sample -> ok             err=0.000374 bad=0/266 wall=9.94s
[   2.0m] probe     bmm/out-256x64x256/fp16/aT/random      B= 32769 s0 sample -> ok             err=0.000379 bad=0/266 wall=9.9s
[   2.2m] probe     bmm/out-256x64x256/fp16/aT/random      B= 32770 s0 sample -> ok             err=0.00037 bad=0/266 wall=10.19s
[   2.4m] probe     bmm/out-256x64x256/fp16/aT/random      B= 36864 s0 sample -> ok             err=0.000379 bad=0/271 wall=11.04s
[   2.6m] probe     bmm/out-256x64x256/fp16/aT/random      B= 40960 s0 sample -> ok             err=0.000374 bad=0/270 wall=11.89s
[   2.8m] probe     bmm/out-256x64x256/fp16/aT/random      B= 45056 s0 sample -> ok             err=0.00037 bad=0/271 wall=12.74s
[   3.0m] probe     bmm/out-256x64x256/fp16/aT/random      B= 49152 s0 sample -> ok             err=0.000372 bad=0/270 wall=13.68s
[   3.2m] probe     bmm/out-256x64x256/fp16/aT/random      B= 53248 s0 sample -> ok             err=0.000379 bad=0/271 wall=14.54s
[   3.5m] probe     bmm/out-256x64x256/fp16/aT/random      B= 57344 s0 sample -> ok             err=0.000366 bad=0/271 wall=15.43s
[   3.8m] probe     bmm/out-256x64x256/fp16/aT/random      B= 61440 s0 sample -> ok             err=0.00037 bad=0/270 wall=16.15s
[   4.0m] probe     bmm/out-256x64x256/fp16/aT/random      B= 65534 s0 sample -> ok             err=0.000382 bad=0/271 wall=16.9s
[   4.3m] probe     bmm/out-256x64x256/fp16/aT/random      B= 65535 s0 sample -> ok             err=0.000382 bad=0/271 wall=17.29s
[   4.6m] probe     bmm/out-256x64x256/fp16/aT/random      B= 65536 s0 sample -> ok             err=0.00037 bad=0/271 wall=17.05s
[   4.9m] probe     bmm/out-256x64x256/fp16/aT/random      B= 65537 s0 sample -> ok             err=0.000376 bad=0/271 wall=17.15s
[   5.2m] probe     bmm/out-256x64x256/fp16/aT/random      B= 65538 s0 sample -> ok             err=0.00037 bad=0/271 wall=17.09s
[   5.3m] probe     bmm/out-256x64x256/fp16/slice/random   B=  4096 s0 full   -> ok             err=0.000379 bad=0/4096 wall=7.42s
[   5.4m] probe     bmm/out-256x64x256/fp16/slice/random   B=  7680 s0 sample -> ok             err=0.00037 bad=0/266 wall=4.7s
[   5.5m] probe     bmm/out-256x64x256/fp16/slice/random   B= 11264 s0 sample -> ok             err=0.00037 bad=0/266 wall=5.36s
[   5.6m] probe     bmm/out-256x64x256/fp16/slice/random   B= 14848 s0 sample -> ok             err=0.000374 bad=0/266 wall=6.38s
[   5.7m] probe     bmm/out-256x64x256/fp16/slice/random   B= 18432 s0 sample -> ok             err=0.00037 bad=0/266 wall=6.75s
[   5.8m] probe     bmm/out-256x64x256/fp16/slice/random   B= 22016 s0 sample -> ok             err=0.000374 bad=0/266 wall=7.78s
[   6.0m] probe     bmm/out-256x64x256/fp16/slice/random   B= 25600 s0 sample -> ok             err=0.000371 bad=0/266 wall=8.73s
[   6.1m] probe     bmm/out-256x64x256/fp16/slice/random   B= 29184 s0 sample -> ok             err=0.000369 bad=0/266 wall=9.14s
[   6.3m] probe     bmm/out-256x64x256/fp16/slice/random   B= 32766 s0 sample -> ok             err=0.00037 bad=0/266 wall=9.99s
[   6.5m] probe     bmm/out-256x64x256/fp16/slice/random   B= 32767 s0 sample -> ok             err=0.000374 bad=0/266 wall=10.07s
[   6.6m] probe     bmm/out-256x64x256/fp16/slice/random   B= 32768 s0 sample -> ok             err=0.000374 bad=0/266 wall=10.13s
[   6.8m] probe     bmm/out-256x64x256/fp16/slice/random   B= 32769 s0 sample -> ok             err=0.000379 bad=0/266 wall=10.05s
[   7.0m] probe     bmm/out-256x64x256/fp16/slice/random   B= 32770 s0 sample -> ok             err=0.00037 bad=0/266 wall=9.95s
[   7.1m] probe     bmm/out-256x64x256/fp16/slice/random   B= 36864 s0 sample -> ok             err=0.000379 bad=0/271 wall=10.59s
[   7.3m] probe     bmm/out-256x64x256/fp16/slice/random   B= 40960 s0 sample -> ok             err=0.000374 bad=0/270 wall=11.54s
[   7.5m] probe     bmm/out-256x64x256/fp16/slice/random   B= 45056 s0 sample -> ok             err=0.00037 bad=0/271 wall=12.39s
[   7.8m] probe     bmm/out-256x64x256/fp16/slice/random   B= 49152 s0 sample -> ok             err=0.000372 bad=0/270 wall=13.24s
[   8.0m] probe     bmm/out-256x64x256/fp16/slice/random   B= 53248 s0 sample -> ok             err=0.000379 bad=0/271 wall=14.27s
[   8.3m] probe     bmm/out-256x64x256/fp16/slice/random   B= 57344 s0 sample -> ok             err=0.000366 bad=0/271 wall=15.36s
[   8.5m] probe     bmm/out-256x64x256/fp16/slice/random   B= 61440 s0 sample -> ok             err=0.00037 bad=0/270 wall=16.06s
[   8.8m] probe     bmm/out-256x64x256/fp16/slice/random   B= 65534 s0 sample -> ok             err=0.000382 bad=0/271 wall=16.64s
[   9.1m] probe     bmm/out-256x64x256/fp16/slice/random   B= 65535 s0 sample -> ok             err=0.000382 bad=0/271 wall=16.72s
[   9.4m] probe     bmm/out-256x64x256/fp16/slice/random   B= 65536 s0 sample -> ok             err=0.00037 bad=0/271 wall=16.68s
[   9.6m] probe     bmm/out-256x64x256/fp16/slice/random   B= 65537 s0 sample -> ok             err=0.000376 bad=0/271 wall=16.92s
[   9.9m] probe     bmm/out-256x64x256/fp16/slice/random   B= 65538 s0 sample -> ok             err=0.00037 bad=0/271 wall=16.81s
[  10.0m] idx_probe bmm/out-256x64x256/fp16/aT/idx_a_batch B=  4096 s0 sample -> ok             err=0 bad=0/266 wall=2.8s
[  10.0m] idx_probe bmm/out-256x64x256/fp16/aT/idx_a_batch B= 32767 s0 sample -> ok             err=0 bad=0/266 wall=3.72s
[  10.1m] idx_probe bmm/out-256x64x256/fp16/aT/idx_a_batch B= 32769 s0 sample -> ok             err=0 bad=0/266 wall=3.64s
[  10.2m] idx_probe bmm/out-256x64x256/fp16/aT/idx_a_batch B= 65535 s0 sample -> ok             err=0 bad=0/271 wall=4.69s
[  10.3m] idx_probe bmm/out-256x64x256/fp16/aT/idx_a_batch B= 65537 s0 sample -> ok             err=0 bad=0/271 wall=4.92s
[  10.3m] idx_probe bmm/out-256x64x256/fp16/slice/idx_a_batch B=  4096 s0 sample -> ok             err=0 bad=0/266 wall=2.73s
[  10.4m] idx_probe bmm/out-256x64x256/fp16/slice/idx_a_batch B= 32767 s0 sample -> ok             err=0 bad=0/266 wall=3.47s
[  10.4m] idx_probe bmm/out-256x64x256/fp16/slice/idx_a_batch B= 32769 s0 sample -> ok             err=0 bad=0/266 wall=3.42s
[  10.5m] idx_probe bmm/out-256x64x256/fp16/slice/idx_a_batch B= 65535 s0 sample -> ok             err=0 bad=0/271 wall=4.33s
[  10.6m] idx_probe bmm/out-256x64x256/fp16/slice/idx_a_batch B= 65537 s0 sample -> ok             err=0 bad=0/271 wall=4.3s
[  10.6m] idx_probe bmm/out-256x64x256/fp16/aT/idx_a_rc    B=  4096 s0 sample -> ok             err=0 bad=0/266 wall=2.86s
[  10.7m] idx_probe bmm/out-256x64x256/fp16/aT/idx_a_rc    B= 32767 s0 sample -> ok             err=0 bad=0/266 wall=4.01s
[  10.7m] idx_probe bmm/out-256x64x256/fp16/aT/idx_a_rc    B= 32769 s0 sample -> ok             err=0 bad=0/266 wall=3.8s
[  10.8m] idx_probe bmm/out-256x64x256/fp16/aT/idx_a_rc    B= 65535 s0 sample -> ok             err=0 bad=0/271 wall=4.8s
[  10.9m] idx_probe bmm/out-256x64x256/fp16/aT/idx_a_rc    B= 65537 s0 sample -> ok             err=0 bad=0/271 wall=4.94s
[  10.9m] idx_probe bmm/out-256x64x256/fp16/slice/idx_a_rc B=  4096 s0 sample -> ok             err=0 bad=0/266 wall=2.88s
[  11.0m] idx_probe bmm/out-256x64x256/fp16/slice/idx_a_rc B= 32767 s0 sample -> ok             err=0 bad=0/266 wall=3.63s
[  11.1m] idx_probe bmm/out-256x64x256/fp16/slice/idx_a_rc B= 32769 s0 sample -> ok             err=0 bad=0/266 wall=3.67s
[  11.1m] idx_probe bmm/out-256x64x256/fp16/slice/idx_a_rc B= 65535 s0 sample -> ok             err=0 bad=0/271 wall=4.38s
[  11.2m] idx_probe bmm/out-256x64x256/fp16/slice/idx_a_rc B= 65537 s0 sample -> ok             err=0 bad=0/271 wall=4.37s
[  11.3m] idx_probe bmm/out-256x64x256/fp16/aT/idx_b_batch B=  4096 s0 sample -> ok             err=0 bad=0/266 wall=2.87s
[  11.3m] idx_probe bmm/out-256x64x256/fp16/aT/idx_b_batch B= 32767 s0 sample -> ok             err=0 bad=0/266 wall=3.76s
[  11.4m] idx_probe bmm/out-256x64x256/fp16/aT/idx_b_batch B= 32769 s0 sample -> ok             err=0 bad=0/266 wall=3.66s
[  11.5m] idx_probe bmm/out-256x64x256/fp16/aT/idx_b_batch B= 65535 s0 sample -> ok             err=0 bad=0/271 wall=4.86s
[  11.5m] idx_probe bmm/out-256x64x256/fp16/aT/idx_b_batch B= 65537 s0 sample -> ok             err=0 bad=0/271 wall=4.67s
[  11.6m] idx_probe bmm/out-256x64x256/fp16/slice/idx_b_batch B=  4096 s0 sample -> ok             err=0 bad=0/266 wall=2.72s
[  11.6m] idx_probe bmm/out-256x64x256/fp16/slice/idx_b_batch B= 32767 s0 sample -> ok             err=0 bad=0/266 wall=3.63s
[  11.7m] idx_probe bmm/out-256x64x256/fp16/slice/idx_b_batch B= 32769 s0 sample -> ok             err=0 bad=0/266 wall=3.43s
[  11.8m] idx_probe bmm/out-256x64x256/fp16/slice/idx_b_batch B= 65535 s0 sample -> ok             err=0 bad=0/271 wall=4.26s
[  11.8m] idx_probe bmm/out-256x64x256/fp16/slice/idx_b_batch B= 65537 s0 sample -> ok             err=0 bad=0/271 wall=4.3s
[  11.9m] idx_probe bmm/out-256x64x256/fp16/aT/idx_b_rc    B=  4096 s0 sample -> ok             err=0 bad=0/266 wall=2.92s
[  12.0m] idx_probe bmm/out-256x64x256/fp16/aT/idx_b_rc    B= 32767 s0 sample -> ok             err=0 bad=0/266 wall=3.81s
[  12.0m] idx_probe bmm/out-256x64x256/fp16/aT/idx_b_rc    B= 32769 s0 sample -> ok             err=0 bad=0/266 wall=3.75s
[  12.1m] idx_probe bmm/out-256x64x256/fp16/aT/idx_b_rc    B= 65535 s0 sample -> ok             err=0 bad=0/271 wall=4.95s
[  12.2m] idx_probe bmm/out-256x64x256/fp16/aT/idx_b_rc    B= 65537 s0 sample -> ok             err=0 bad=0/271 wall=4.8s
[  12.2m] idx_probe bmm/out-256x64x256/fp16/slice/idx_b_rc B=  4096 s0 sample -> ok             err=0 bad=0/266 wall=2.84s
[  12.3m] idx_probe bmm/out-256x64x256/fp16/slice/idx_b_rc B= 32767 s0 sample -> ok             err=0 bad=0/266 wall=3.68s
[  12.4m] idx_probe bmm/out-256x64x256/fp16/slice/idx_b_rc B= 32769 s0 sample -> ok             err=0 bad=0/266 wall=3.57s
[  12.4m] idx_probe bmm/out-256x64x256/fp16/slice/idx_b_rc B= 65535 s0 sample -> ok             err=0 bad=0/271 wall=4.37s
[  12.5m] idx_probe bmm/out-256x64x256/fp16/slice/idx_b_rc B= 65537 s0 sample -> ok             err=0 bad=0/271 wall=4.49s
[  13.9m] final     bmm/out-256x64x256/fp16/aT/random      B= 65538 s0 full   -> ok             err=0.000455 bad=0/65538 wall=86.49s
[  15.4m] final     bmm/out-256x64x256/fp16/aT/random      B= 65538 s1 full   -> ok             err=0.000476 bad=0/65538 wall=86.21s
[  16.8m] final     bmm/out-256x64x256/fp16/aT/random      B= 65538 s2 full   -> ok             err=0.000432 bad=0/65538 wall=86.18s
[  17.8m] final     bmm/out-256x64x256/fp16/aT/idx_a_batch B= 65538 s0 full   -> ok             err=0 bad=0/65538 wall=61.43s
[  18.9m] final     bmm/out-256x64x256/fp16/aT/idx_a_rc    B= 65538 s0 full   -> ok             err=0 bad=0/65538 wall=61.56s
[  19.9m] final     bmm/out-256x64x256/fp16/aT/idx_b_batch B= 65538 s0 full   -> ok             err=0 bad=0/65538 wall=61.6s
[  20.9m] final     bmm/out-256x64x256/fp16/aT/idx_b_rc    B= 65538 s0 full   -> ok             err=0 bad=0/65538 wall=61.67s
[  22.3m] final     bmm/out-256x64x256/fp16/slice/random   B= 65538 s0 full   -> ok             err=0.000455 bad=0/65538 wall=85.58s
[  23.8m] final     bmm/out-256x64x256/fp16/slice/random   B= 65538 s1 full   -> ok             err=0.000476 bad=0/65538 wall=85.49s
[  25.2m] final     bmm/out-256x64x256/fp16/slice/random   B= 65538 s2 full   -> ok             err=0.000432 bad=0/65538 wall=85.67s
[  26.2m] final     bmm/out-256x64x256/fp16/slice/idx_a_batch B= 65538 s0 full   -> ok             err=0 bad=0/65538 wall=60.52s
[  27.2m] final     bmm/out-256x64x256/fp16/slice/idx_a_rc B= 65538 s0 full   -> ok             err=0 bad=0/65538 wall=60.68s
[  28.2m] final     bmm/out-256x64x256/fp16/slice/idx_b_batch B= 65538 s0 full   -> ok             err=0 bad=0/65538 wall=60.37s
[  29.2m] final     bmm/out-256x64x256/fp16/slice/idx_b_rc B= 65538 s0 full   -> ok             err=0 bad=0/65538 wall=61.36s
# 新規 107 実行, 29.2 分。W&B の送信完了を待つ
-> /content/mb/results/summary/a100/20260919T125359-a100.md
