Downloading numpy (15.9MiB)
 Downloaded numpy
Installed 1 package in 17ms
# run_id=20260919T121819-a100 {'os': 'Linux', 'os_release': '6.6.122+', 'arch': 'x86_64', 'macos': '', 'macos_build': '', 'linux_distro': 'Ubuntu 24.04.1 LTS', 'hw_model': 'Google Compute Engine', 'chip': 'Intel(R) Xeon(R) CPU @ 2.20GHz', 'mem_bytes': 179370467328, 'n_cpu': 12, 'gpu_name': 'NVIDIA A100-SXM4-80GB', 'gpu_mem_bytes': 85899345920, 'gpu_driver': '580.82.07', 'gpu_mem_source': 'nvidia-smi'} worker={'python': '3.12.3', 'torch': '2.14.0+cu130', 'executable': '/root/.cache/uv/builds-v0/.tmp2bNlwv/bin/python', 'cuda': '13.0', 'gpu_name': 'NVIDIA A100-SXM4-80GB', 'gpu_mem_bytes': 85094825984} code=790483c limit=host 100GiB / GPU 72GiB 
[   0.1m] calibrate bmm/out-256x64x256/fp32/contig/random  B=  4096 s0 full   -> ok             err=6.23e-07 bad=0/4096 wall=8.11s
[   0.3m] calibrate bmm/out-256x64x256/fp32/contig/random  B=  4096 s1 full   -> ok             err=6.84e-07 bad=0/4096 wall=7.69s
[   0.4m] calibrate bmm/out-256x64x256/fp32/contig/random  B=  4096 s2 full   -> ok             err=5.85e-07 bad=0/4096 wall=7.8s
# tol = {'fp32': 6.8366744239526226e-06}
[   0.5m] probe     bmm/out-256x64x256/fp32/aT/random      B=  4096 s0 full   -> ok             err=6.23e-07 bad=0/4096 wall=8.03s
[   0.6m] probe     bmm/out-256x64x256/fp32/aT/random      B=  5632 s0 sample -> ok             err=6.23e-07 bad=0/266 wall=4.18s
[   0.7m] probe     bmm/out-256x64x256/fp32/aT/random      B=  7168 s0 sample -> ok             err=4.73e-07 bad=0/266 wall=4.42s
[   0.8m] probe     bmm/out-256x64x256/fp32/aT/random      B=  8704 s0 sample -> ok             err=4.42e-07 bad=0/266 wall=5.06s
[   0.8m] probe     bmm/out-256x64x256/fp32/aT/random      B= 10240 s0 sample -> ok             err=6.23e-07 bad=0/266 wall=5.12s
[   0.9m] probe     bmm/out-256x64x256/fp32/aT/random      B= 11776 s0 sample -> ok             err=4.73e-07 bad=0/266 wall=5.73s
[   1.0m] probe     bmm/out-256x64x256/fp32/aT/random      B= 13312 s0 sample -> ok             err=4.76e-07 bad=0/266 wall=5.74s
[   1.1m] probe     bmm/out-256x64x256/fp32/aT/random      B= 14848 s0 sample -> ok             err=4.91e-07 bad=0/266 wall=6.17s
[   1.2m] probe     bmm/out-256x64x256/fp32/aT/random      B= 16382 s0 sample -> ok             err=4.51e-07 bad=0/266 wall=6.5s
[   1.4m] probe     bmm/out-256x64x256/fp32/aT/random      B= 16383 s0 sample -> ok             err=4.61e-07 bad=0/266 wall=6.61s
[   1.5m] probe     bmm/out-256x64x256/fp32/aT/random      B= 16384 s0 sample -> ok             err=5.18e-07 bad=0/266 wall=6.39s
[   1.6m] probe     bmm/out-256x64x256/fp32/aT/random      B= 16385 s0 sample -> ok             err=5.18e-07 bad=0/266 wall=6.7s
[   1.7m] probe     bmm/out-256x64x256/fp32/aT/random      B= 16386 s0 sample -> ok             err=5.18e-07 bad=0/266 wall=6.43s
[   1.8m] probe     bmm/out-256x64x256/fp32/aT/random      B= 18432 s0 sample -> ok             err=4.76e-07 bad=0/271 wall=7.3s
[   1.9m] probe     bmm/out-256x64x256/fp32/aT/random      B= 20480 s0 sample -> ok             err=6.23e-07 bad=0/270 wall=7.39s
[   2.1m] probe     bmm/out-256x64x256/fp32/aT/random      B= 22528 s0 sample -> ok             err=6.23e-07 bad=0/271 wall=7.98s
[   2.2m] probe     bmm/out-256x64x256/fp32/aT/random      B= 24576 s0 sample -> ok             err=4.58e-07 bad=0/270 wall=8.45s
[   2.3m] probe     bmm/out-256x64x256/fp32/aT/random      B= 26624 s0 sample -> ok             err=4.76e-07 bad=0/271 wall=8.56s
[   2.5m] probe     bmm/out-256x64x256/fp32/aT/random      B= 28672 s0 sample -> ok             err=4.89e-07 bad=0/271 wall=9.05s
[   2.7m] probe     bmm/out-256x64x256/fp32/aT/random      B= 30720 s0 sample -> ok             err=6.23e-07 bad=0/270 wall=9.88s
[   2.8m] probe     bmm/out-256x64x256/fp32/aT/random      B= 32766 s0 sample -> ok             err=4.41e-07 bad=0/271 wall=10.3s
[   3.0m] probe     bmm/out-256x64x256/fp32/aT/random      B= 32767 s0 sample -> ok             err=4.41e-07 bad=0/271 wall=10.15s
[   3.2m] probe     bmm/out-256x64x256/fp32/aT/random      B= 32768 s0 sample -> ok             err=4.58e-07 bad=0/271 wall=10.04s
[   3.3m] probe     bmm/out-256x64x256/fp32/aT/random      B= 32769 s0 sample -> ok             err=4.59e-07 bad=0/271 wall=9.96s
[   3.5m] probe     bmm/out-256x64x256/fp32/aT/random      B= 32770 s0 sample -> ok             err=5.01e-07 bad=0/271 wall=10.13s
[   3.7m] probe     bmm/out-256x64x256/fp32/aT/random      B= 36864 s0 sample -> ok             err=4.46e-07 bad=0/276 wall=11.15s
[   3.9m] probe     bmm/out-256x64x256/fp32/aT/random      B= 40960 s0 sample -> ok             err=4.35e-07 bad=0/274 wall=12.03s
[   4.1m] probe     bmm/out-256x64x256/fp32/aT/random      B= 45056 s0 sample -> ok             err=6.23e-07 bad=0/276 wall=12.96s
[   4.3m] probe     bmm/out-256x64x256/fp32/aT/random      B= 49152 s0 sample -> ok             err=4.83e-07 bad=0/274 wall=13.78s
[   4.6m] probe     bmm/out-256x64x256/fp32/aT/random      B= 53248 s0 sample -> ok             err=5.42e-07 bad=0/281 wall=14.86s
[   4.8m] probe     bmm/out-256x64x256/fp32/aT/random      B= 57344 s0 sample -> ok             err=4.39e-07 bad=0/281 wall=15.59s
[   5.1m] probe     bmm/out-256x64x256/fp32/aT/random      B= 61440 s0 sample -> ok             err=6.23e-07 bad=0/278 wall=16.23s
[   5.4m] probe     bmm/out-256x64x256/fp32/aT/random      B= 65534 s0 sample -> ok             err=4.35e-07 bad=0/281 wall=17.55s
[   5.7m] probe     bmm/out-256x64x256/fp32/aT/random      B= 65535 s0 sample -> ok             err=5.02e-07 bad=0/281 wall=17.44s
[   6.0m] probe     bmm/out-256x64x256/fp32/aT/random      B= 65536 s0 sample -> ok             err=4.84e-07 bad=0/281 wall=17.5s
[   6.3m] probe     bmm/out-256x64x256/fp32/aT/random      B= 65537 s0 sample -> ok             err=4.63e-07 bad=0/281 wall=17.53s
[   6.6m] probe     bmm/out-256x64x256/fp32/aT/random      B= 65538 s0 sample -> ok             err=5.01e-07 bad=0/281 wall=17.36s
[   6.7m] probe     bmm/out-256x64x256/fp32/slice/random   B=  4096 s0 full   -> ok             err=6.23e-07 bad=0/4096 wall=8.02s
[   6.8m] probe     bmm/out-256x64x256/fp32/slice/random   B=  5632 s0 sample -> ok             err=6.23e-07 bad=0/266 wall=4.08s
[   6.8m] probe     bmm/out-256x64x256/fp32/slice/random   B=  7168 s0 sample -> ok             err=4.73e-07 bad=0/266 wall=4.33s
[   6.9m] probe     bmm/out-256x64x256/fp32/slice/random   B=  8704 s0 sample -> ok             err=4.42e-07 bad=0/266 wall=4.83s
[   7.0m] probe     bmm/out-256x64x256/fp32/slice/random   B= 10240 s0 sample -> ok             err=6.23e-07 bad=0/266 wall=4.96s
[   7.1m] probe     bmm/out-256x64x256/fp32/slice/random   B= 11776 s0 sample -> ok             err=4.73e-07 bad=0/266 wall=5.59s
[   7.2m] probe     bmm/out-256x64x256/fp32/slice/random   B= 13312 s0 sample -> ok             err=4.76e-07 bad=0/266 wall=5.67s
[   7.3m] probe     bmm/out-256x64x256/fp32/slice/random   B= 14848 s0 sample -> ok             err=4.91e-07 bad=0/266 wall=6.11s
[   7.4m] probe     bmm/out-256x64x256/fp32/slice/random   B= 16382 s0 sample -> ok             err=4.51e-07 bad=0/266 wall=6.32s
[   7.5m] probe     bmm/out-256x64x256/fp32/slice/random   B= 16383 s0 sample -> ok             err=4.61e-07 bad=0/266 wall=6.52s
[   7.6m] probe     bmm/out-256x64x256/fp32/slice/random   B= 16384 s0 sample -> ok             err=5.18e-07 bad=0/266 wall=6.2s
[   7.7m] probe     bmm/out-256x64x256/fp32/slice/random   B= 16385 s0 sample -> ok             err=5.18e-07 bad=0/266 wall=6.45s
[   7.8m] probe     bmm/out-256x64x256/fp32/slice/random   B= 16386 s0 sample -> ok             err=5.18e-07 bad=0/266 wall=6.27s
[   7.9m] probe     bmm/out-256x64x256/fp32/slice/random   B= 18432 s0 sample -> ok             err=4.76e-07 bad=0/271 wall=6.85s
[   8.1m] probe     bmm/out-256x64x256/fp32/slice/random   B= 20480 s0 sample -> ok             err=6.23e-07 bad=0/270 wall=6.99s
[   8.2m] probe     bmm/out-256x64x256/fp32/slice/random   B= 22528 s0 sample -> ok             err=6.23e-07 bad=0/271 wall=7.76s
[   8.3m] probe     bmm/out-256x64x256/fp32/slice/random   B= 24576 s0 sample -> ok             err=4.58e-07 bad=0/270 wall=8.11s
[   8.5m] probe     bmm/out-256x64x256/fp32/slice/random   B= 26624 s0 sample -> ok             err=4.76e-07 bad=0/271 wall=8.32s
[   8.6m] probe     bmm/out-256x64x256/fp32/slice/random   B= 28672 s0 sample -> ok             err=4.89e-07 bad=0/271 wall=8.87s
[   8.8m] probe     bmm/out-256x64x256/fp32/slice/random   B= 30720 s0 sample -> ok             err=6.23e-07 bad=0/270 wall=9.4s
[   8.9m] probe     bmm/out-256x64x256/fp32/slice/random   B= 32766 s0 sample -> ok             err=4.41e-07 bad=0/271 wall=9.75s
[   9.1m] probe     bmm/out-256x64x256/fp32/slice/random   B= 32767 s0 sample -> ok             err=4.41e-07 bad=0/271 wall=9.7s
[   9.2m] probe     bmm/out-256x64x256/fp32/slice/random   B= 32768 s0 sample -> ok             err=4.58e-07 bad=0/271 wall=9.67s
[   9.4m] probe     bmm/out-256x64x256/fp32/slice/random   B= 32769 s0 sample -> ok             err=4.59e-07 bad=0/271 wall=9.89s
[   9.6m] probe     bmm/out-256x64x256/fp32/slice/random   B= 32770 s0 sample -> ok             err=5.01e-07 bad=0/271 wall=9.87s
[   9.8m] probe     bmm/out-256x64x256/fp32/slice/random   B= 36864 s0 sample -> ok             err=4.46e-07 bad=0/276 wall=10.76s
[   9.9m] probe     bmm/out-256x64x256/fp32/slice/random   B= 40960 s0 sample -> ok             err=4.35e-07 bad=0/274 wall=11.54s
[  10.2m] probe     bmm/out-256x64x256/fp32/slice/random   B= 45056 s0 sample -> ok             err=6.23e-07 bad=0/276 wall=12.32s
[  10.4m] probe     bmm/out-256x64x256/fp32/slice/random   B= 49152 s0 sample -> ok             err=4.83e-07 bad=0/274 wall=13.18s
[  10.6m] probe     bmm/out-256x64x256/fp32/slice/random   B= 53248 s0 sample -> ok             err=5.42e-07 bad=0/281 wall=14.17s
[  10.9m] probe     bmm/out-256x64x256/fp32/slice/random   B= 57344 s0 sample -> ok             err=4.39e-07 bad=0/281 wall=14.89s
[  11.1m] probe     bmm/out-256x64x256/fp32/slice/random   B= 61440 s0 sample -> ok             err=6.23e-07 bad=0/278 wall=15.72s
[  11.4m] probe     bmm/out-256x64x256/fp32/slice/random   B= 65534 s0 sample -> ok             err=4.35e-07 bad=0/281 wall=16.7s
[  11.7m] probe     bmm/out-256x64x256/fp32/slice/random   B= 65535 s0 sample -> ok             err=5.02e-07 bad=0/281 wall=16.54s
[  11.9m] probe     bmm/out-256x64x256/fp32/slice/random   B= 65536 s0 sample -> ok             err=4.84e-07 bad=0/281 wall=16.68s
[  12.2m] probe     bmm/out-256x64x256/fp32/slice/random   B= 65537 s0 sample -> ok             err=4.63e-07 bad=0/281 wall=17.1s
[  12.5m] probe     bmm/out-256x64x256/fp32/slice/random   B= 65538 s0 sample -> ok             err=5.01e-07 bad=0/281 wall=16.61s
[  12.6m] idx_probe bmm/out-256x64x256/fp32/aT/idx_a_batch B=  4096 s0 sample -> ok             err=0 bad=0/266 wall=2.77s
[  12.6m] idx_probe bmm/out-256x64x256/fp32/aT/idx_a_batch B= 16383 s0 sample -> ok             err=0 bad=0/266 wall=3.7s
[  12.7m] idx_probe bmm/out-256x64x256/fp32/aT/idx_a_batch B= 16385 s0 sample -> ok             err=0 bad=0/266 wall=3.53s
[  12.8m] idx_probe bmm/out-256x64x256/fp32/aT/idx_a_batch B= 32767 s0 sample -> ok             err=0 bad=0/271 wall=4.44s
[  12.8m] idx_probe bmm/out-256x64x256/fp32/aT/idx_a_batch B= 32769 s0 sample -> ok             err=0 bad=0/271 wall=4.73s
[  12.9m] idx_probe bmm/out-256x64x256/fp32/aT/idx_a_batch B= 65535 s0 sample -> ok             err=0 bad=0/281 wall=6.37s
[  13.0m] idx_probe bmm/out-256x64x256/fp32/aT/idx_a_batch B= 65537 s0 sample -> ok             err=0 bad=0/281 wall=6.7s
[  13.1m] idx_probe bmm/out-256x64x256/fp32/slice/idx_a_batch B=  4096 s0 sample -> ok             err=0 bad=0/266 wall=2.7s
[  13.1m] idx_probe bmm/out-256x64x256/fp32/slice/idx_a_batch B= 16383 s0 sample -> ok             err=0 bad=0/266 wall=3.4s
[  13.2m] idx_probe bmm/out-256x64x256/fp32/slice/idx_a_batch B= 16385 s0 sample -> ok             err=0 bad=0/266 wall=3.34s
[  13.3m] idx_probe bmm/out-256x64x256/fp32/slice/idx_a_batch B= 32767 s0 sample -> ok             err=0 bad=0/271 wall=4.08s
[  13.3m] idx_probe bmm/out-256x64x256/fp32/slice/idx_a_batch B= 32769 s0 sample -> ok             err=0 bad=0/271 wall=4.12s
[  13.4m] idx_probe bmm/out-256x64x256/fp32/slice/idx_a_batch B= 65535 s0 sample -> ok             err=0 bad=0/281 wall=5.86s
[  13.5m] idx_probe bmm/out-256x64x256/fp32/slice/idx_a_batch B= 65537 s0 sample -> ok             err=0 bad=0/281 wall=5.67s
[  13.6m] idx_probe bmm/out-256x64x256/fp32/aT/idx_a_rc    B=  4096 s0 sample -> ok             err=0 bad=0/266 wall=2.86s
[  13.6m] idx_probe bmm/out-256x64x256/fp32/aT/idx_a_rc    B= 16383 s0 sample -> ok             err=0 bad=0/266 wall=3.65s
[  13.7m] idx_probe bmm/out-256x64x256/fp32/aT/idx_a_rc    B= 16385 s0 sample -> ok             err=0 bad=0/266 wall=3.57s
[  13.8m] idx_probe bmm/out-256x64x256/fp32/aT/idx_a_rc    B= 32767 s0 sample -> ok             err=0 bad=0/271 wall=4.62s
[  13.9m] idx_probe bmm/out-256x64x256/fp32/aT/idx_a_rc    B= 32769 s0 sample -> ok             err=0 bad=0/271 wall=4.67s
[  14.0m] idx_probe bmm/out-256x64x256/fp32/aT/idx_a_rc    B= 65535 s0 sample -> ok             err=0 bad=0/281 wall=6.53s
[  14.1m] idx_probe bmm/out-256x64x256/fp32/aT/idx_a_rc    B= 65537 s0 sample -> ok             err=0 bad=0/281 wall=6.73s
[  14.1m] idx_probe bmm/out-256x64x256/fp32/slice/idx_a_rc B=  4096 s0 sample -> ok             err=0 bad=0/266 wall=2.85s
[  14.2m] idx_probe bmm/out-256x64x256/fp32/slice/idx_a_rc B= 16383 s0 sample -> ok             err=0 bad=0/266 wall=3.45s
[  14.2m] idx_probe bmm/out-256x64x256/fp32/slice/idx_a_rc B= 16385 s0 sample -> ok             err=0 bad=0/266 wall=3.49s
[  14.3m] idx_probe bmm/out-256x64x256/fp32/slice/idx_a_rc B= 32767 s0 sample -> ok             err=0 bad=0/271 wall=4.19s
[  14.4m] idx_probe bmm/out-256x64x256/fp32/slice/idx_a_rc B= 32769 s0 sample -> ok             err=0 bad=0/271 wall=4.22s
[  14.5m] idx_probe bmm/out-256x64x256/fp32/slice/idx_a_rc B= 65535 s0 sample -> ok             err=0 bad=0/281 wall=5.9s
[  14.6m] idx_probe bmm/out-256x64x256/fp32/slice/idx_a_rc B= 65537 s0 sample -> ok             err=0 bad=0/281 wall=5.8s
[  14.6m] idx_probe bmm/out-256x64x256/fp32/aT/idx_b_batch B=  4096 s0 sample -> ok             err=0 bad=0/266 wall=2.83s
[  14.7m] idx_probe bmm/out-256x64x256/fp32/aT/idx_b_batch B= 16383 s0 sample -> ok             err=0 bad=0/266 wall=3.58s
[  14.7m] idx_probe bmm/out-256x64x256/fp32/aT/idx_b_batch B= 16385 s0 sample -> ok             err=0 bad=0/266 wall=3.49s
[  14.8m] idx_probe bmm/out-256x64x256/fp32/aT/idx_b_batch B= 32767 s0 sample -> ok             err=0 bad=0/271 wall=4.58s
[  14.9m] idx_probe bmm/out-256x64x256/fp32/aT/idx_b_batch B= 32769 s0 sample -> ok             err=0 bad=0/271 wall=4.5s
[  15.0m] idx_probe bmm/out-256x64x256/fp32/aT/idx_b_batch B= 65535 s0 sample -> ok             err=0 bad=0/281 wall=6.41s
[  15.1m] idx_probe bmm/out-256x64x256/fp32/aT/idx_b_batch B= 65537 s0 sample -> ok             err=0 bad=0/281 wall=6.44s
[  15.2m] idx_probe bmm/out-256x64x256/fp32/slice/idx_b_batch B=  4096 s0 sample -> ok             err=0 bad=0/266 wall=2.69s
[  15.2m] idx_probe bmm/out-256x64x256/fp32/slice/idx_b_batch B= 16383 s0 sample -> ok             err=0 bad=0/266 wall=3.38s
[  15.3m] idx_probe bmm/out-256x64x256/fp32/slice/idx_b_batch B= 16385 s0 sample -> ok             err=0 bad=0/266 wall=3.32s
[  15.3m] idx_probe bmm/out-256x64x256/fp32/slice/idx_b_batch B= 32767 s0 sample -> ok             err=0 bad=0/271 wall=4.07s
[  15.4m] idx_probe bmm/out-256x64x256/fp32/slice/idx_b_batch B= 32769 s0 sample -> ok             err=0 bad=0/271 wall=4.08s
[  15.5m] idx_probe bmm/out-256x64x256/fp32/slice/idx_b_batch B= 65535 s0 sample -> ok             err=0 bad=0/281 wall=5.7s
[  15.6m] idx_probe bmm/out-256x64x256/fp32/slice/idx_b_batch B= 65537 s0 sample -> ok             err=0 bad=0/281 wall=5.62s
[  15.6m] idx_probe bmm/out-256x64x256/fp32/aT/idx_b_rc    B=  4096 s0 sample -> ok             err=0 bad=0/266 wall=2.96s
[  15.7m] idx_probe bmm/out-256x64x256/fp32/aT/idx_b_rc    B= 16383 s0 sample -> ok             err=0 bad=0/266 wall=3.73s
[  15.8m] idx_probe bmm/out-256x64x256/fp32/aT/idx_b_rc    B= 16385 s0 sample -> ok             err=0 bad=0/266 wall=3.57s
[  15.8m] idx_probe bmm/out-256x64x256/fp32/aT/idx_b_rc    B= 32767 s0 sample -> ok             err=0 bad=0/271 wall=4.68s
[  15.9m] idx_probe bmm/out-256x64x256/fp32/aT/idx_b_rc    B= 32769 s0 sample -> ok             err=0 bad=0/271 wall=4.63s
[  16.0m] idx_probe bmm/out-256x64x256/fp32/aT/idx_b_rc    B= 65535 s0 sample -> ok             err=0 bad=0/281 wall=6.55s
[  16.1m] idx_probe bmm/out-256x64x256/fp32/aT/idx_b_rc    B= 65537 s0 sample -> ok             err=0 bad=0/281 wall=6.61s
[  16.2m] idx_probe bmm/out-256x64x256/fp32/slice/idx_b_rc B=  4096 s0 sample -> ok             err=0 bad=0/266 wall=2.8s
[  16.2m] idx_probe bmm/out-256x64x256/fp32/slice/idx_b_rc B= 16383 s0 sample -> ok             err=0 bad=0/266 wall=3.49s
[  16.3m] idx_probe bmm/out-256x64x256/fp32/slice/idx_b_rc B= 16385 s0 sample -> ok             err=0 bad=0/266 wall=3.42s
[  16.4m] idx_probe bmm/out-256x64x256/fp32/slice/idx_b_rc B= 32767 s0 sample -> ok             err=0 bad=0/271 wall=4.19s
[  16.4m] idx_probe bmm/out-256x64x256/fp32/slice/idx_b_rc B= 32769 s0 sample -> ok             err=0 bad=0/271 wall=4.3s
[  16.5m] idx_probe bmm/out-256x64x256/fp32/slice/idx_b_rc B= 65535 s0 sample -> ok             err=0 bad=0/281 wall=5.79s
[  16.6m] idx_probe bmm/out-256x64x256/fp32/slice/idx_b_rc B= 65537 s0 sample -> ok             err=0 bad=0/281 wall=5.76s
[  18.1m] final     bmm/out-256x64x256/fp32/aT/random      B= 65538 s0 full   -> ok             err=6.44e-07 bad=0/65538 wall=90.38s
[  19.6m] final     bmm/out-256x64x256/fp32/aT/random      B= 65538 s1 full   -> ok             err=6.84e-07 bad=0/65538 wall=89.75s
[  21.1m] final     bmm/out-256x64x256/fp32/aT/random      B= 65538 s2 full   -> ok             err=6.67e-07 bad=0/65538 wall=90.05s
[  22.3m] final     bmm/out-256x64x256/fp32/aT/idx_a_batch B= 65538 s0 full   -> ok             err=0 bad=0/65538 wall=69.1s
[  23.4m] final     bmm/out-256x64x256/fp32/aT/idx_a_rc    B= 65538 s0 full   -> ok             err=0 bad=0/65538 wall=69.3s
[  24.6m] final     bmm/out-256x64x256/fp32/aT/idx_b_batch B= 65538 s0 full   -> ok             err=0 bad=0/65538 wall=68.92s
[  25.7m] final     bmm/out-256x64x256/fp32/aT/idx_b_rc    B= 65538 s0 full   -> ok             err=0 bad=0/65538 wall=68.92s
[  27.2m] final     bmm/out-256x64x256/fp32/slice/random   B= 65538 s0 full   -> ok             err=6.44e-07 bad=0/65538 wall=89.46s
[  28.7m] final     bmm/out-256x64x256/fp32/slice/random   B= 65538 s1 full   -> ok             err=6.84e-07 bad=0/65538 wall=90.17s
[  30.2m] final     bmm/out-256x64x256/fp32/slice/random   B= 65538 s2 full   -> ok             err=6.67e-07 bad=0/65538 wall=89.88s
[  31.4m] final     bmm/out-256x64x256/fp32/slice/idx_a_batch B= 65538 s0 full   -> ok             err=0 bad=0/65538 wall=68.67s
[  32.5m] final     bmm/out-256x64x256/fp32/slice/idx_a_rc B= 65538 s0 full   -> ok             err=0 bad=0/65538 wall=68.3s
[  33.7m] final     bmm/out-256x64x256/fp32/slice/idx_b_batch B= 65538 s0 full   -> ok             err=0 bad=0/65538 wall=68.49s
[  34.8m] final     bmm/out-256x64x256/fp32/slice/idx_b_rc B= 65538 s0 full   -> ok             err=0 bad=0/65538 wall=68.39s
# 新規 147 実行, 34.8 分。W&B の送信完了を待つ
-> /content/mb/results/summary/a100/20260919T121819-a100.md
