# run_id=20260919T145245-a100 {'os': 'Linux', 'os_release': '6.6.122+', 'arch': 'x86_64', 'macos': '', 'macos_build': '', 'linux_distro': 'Ubuntu 24.04.1 LTS', 'hw_model': 'Google Compute Engine', 'chip': 'Intel(R) Xeon(R) CPU @ 2.20GHz', 'mem_bytes': 179370467328, 'n_cpu': 12, 'gpu_name': 'NVIDIA A100-SXM4-80GB', 'gpu_mem_bytes': 85899345920, 'gpu_driver': '580.82.07', 'gpu_mem_source': 'nvidia-smi'} worker={'python': '3.12.3', 'torch': '2.14.0+cu130', 'executable': '/root/.cache/uv/builds-v0/.tmpZKDXwE/bin/python', 'cuda': '13.0', 'gpu_name': 'NVIDIA A100-SXM4-80GB', 'gpu_mem_bytes': 85094825984} code=790483c limit=host 100GiB / GPU 72GiB 
# tol = {'fp32': 0.0001}
[   0.1m] probe     bmm/out-128x64x512/fp32/aT/random      B=  4096 s0 full   -> ok             err=6.03e-07 bad=0/4096 wall=8.02s
[   0.2m] probe     bmm/out-128x64x512/fp32/aT/random      B=  7168 s0 sample -> ok             err=4.82e-07 bad=0/266 wall=4.7s
[   0.3m] probe     bmm/out-128x64x512/fp32/aT/random      B= 10240 s0 sample -> ok             err=4.73e-07 bad=0/266 wall=5.33s
[   0.4m] probe     bmm/out-128x64x512/fp32/aT/random      B= 13312 s0 sample -> ok             err=4.87e-07 bad=0/266 wall=6.06s
[   0.5m] probe     bmm/out-128x64x512/fp32/aT/random      B= 16382 s0 sample -> ok             err=5.13e-07 bad=0/266 wall=6.63s
[   0.6m] probe     bmm/out-128x64x512/fp32/aT/random      B= 16383 s0 sample -> ok             err=5.22e-07 bad=0/266 wall=6.79s
[   0.7m] probe     bmm/out-128x64x512/fp32/aT/random      B= 16384 s0 sample -> ok             err=5.13e-07 bad=0/266 wall=6.63s
[   0.8m] probe     bmm/out-128x64x512/fp32/aT/random      B= 16385 s0 sample -> ok             err=4.64e-07 bad=0/266 wall=6.61s
[   1.0m] probe     bmm/out-128x64x512/fp32/aT/random      B= 16386 s0 sample -> ok             err=4.64e-07 bad=0/266 wall=6.86s
[   1.1m] probe     bmm/out-128x64x512/fp32/aT/random      B= 20480 s0 sample -> ok             err=4.73e-07 bad=0/270 wall=7.58s
[   1.2m] probe     bmm/out-128x64x512/fp32/aT/random      B= 24576 s0 sample -> ok             err=4.97e-07 bad=0/270 wall=8.7s
[   1.4m] probe     bmm/out-128x64x512/fp32/aT/random      B= 28672 s0 sample -> ok             err=5.29e-07 bad=0/271 wall=9.68s
[   1.6m] probe     bmm/out-128x64x512/fp32/aT/random      B= 32766 s0 sample -> ok             err=5.13e-07 bad=0/271 wall=10.36s
[   1.7m] probe     bmm/out-128x64x512/fp32/aT/random      B= 32767 s0 sample -> ok             err=5.13e-07 bad=0/271 wall=10.27s
[   1.9m] probe     bmm/out-128x64x512/fp32/aT/random      B= 32768 s0 sample -> ok             err=5.13e-07 bad=0/271 wall=10.46s
[   2.1m] probe     bmm/out-128x64x512/fp32/aT/random      B= 32769 s0 sample -> ok             err=4.64e-07 bad=0/271 wall=10.75s
[   2.3m] probe     bmm/out-128x64x512/fp32/aT/random      B= 32770 s0 sample -> ok             err=5.69e-07 bad=0/271 wall=10.9s
[   2.5m] probe     bmm/out-128x64x512/fp32/aT/random      B= 40960 s0 sample -> ok             err=4.58e-07 bad=0/274 wall=12.45s
[   2.7m] probe     bmm/out-128x64x512/fp32/aT/random      B= 49152 s0 sample -> ok             err=4.94e-07 bad=0/274 wall=14.16s
[   3.0m] probe     bmm/out-128x64x512/fp32/aT/random      B= 57344 s0 sample -> ok             err=5.29e-07 bad=0/281 wall=16.07s
[   3.3m] probe     bmm/out-128x64x512/fp32/aT/random      B= 65534 s0 sample -> ok             err=5.93e-07 bad=0/281 wall=17.88s
[   3.6m] probe     bmm/out-128x64x512/fp32/aT/random      B= 65535 s0 sample -> ok             err=4.79e-07 bad=0/281 wall=17.92s
[   3.9m] probe     bmm/out-128x64x512/fp32/aT/random      B= 65536 s0 sample -> ok             err=4.64e-07 bad=0/281 wall=17.92s
[   4.2m] probe     bmm/out-128x64x512/fp32/aT/random      B= 65537 s0 sample -> ok             err=4.88e-07 bad=0/281 wall=17.88s
[   4.5m] probe     bmm/out-128x64x512/fp32/aT/random      B= 65538 s0 sample -> ok             err=5.69e-07 bad=0/281 wall=18.2s
[   4.6m] probe     bmm/out-128x64x512/fp32/slice/random   B=  4096 s0 full   -> ok             err=6.03e-07 bad=0/4096 wall=7.7s
[   4.7m] probe     bmm/out-128x64x512/fp32/slice/random   B=  7168 s0 sample -> ok             err=4.82e-07 bad=0/266 wall=4.68s
[   4.8m] probe     bmm/out-128x64x512/fp32/slice/random   B= 10240 s0 sample -> ok             err=4.73e-07 bad=0/266 wall=5.33s
[   4.9m] probe     bmm/out-128x64x512/fp32/slice/random   B= 13312 s0 sample -> ok             err=4.87e-07 bad=0/266 wall=6.05s
[   5.0m] probe     bmm/out-128x64x512/fp32/slice/random   B= 16382 s0 sample -> ok             err=5.13e-07 bad=0/266 wall=6.51s
[   5.1m] probe     bmm/out-128x64x512/fp32/slice/random   B= 16383 s0 sample -> ok             err=5.22e-07 bad=0/266 wall=6.81s
[   5.2m] probe     bmm/out-128x64x512/fp32/slice/random   B= 16384 s0 sample -> ok             err=5.13e-07 bad=0/266 wall=6.43s
[   5.3m] probe     bmm/out-128x64x512/fp32/slice/random   B= 16385 s0 sample -> ok             err=4.64e-07 bad=0/266 wall=6.62s
[   5.4m] probe     bmm/out-128x64x512/fp32/slice/random   B= 16386 s0 sample -> ok             err=4.64e-07 bad=0/266 wall=6.52s
[   5.5m] probe     bmm/out-128x64x512/fp32/slice/random   B= 20480 s0 sample -> ok             err=4.73e-07 bad=0/270 wall=7.36s
[   5.7m] probe     bmm/out-128x64x512/fp32/slice/random   B= 24576 s0 sample -> ok             err=4.97e-07 bad=0/270 wall=8.61s
[   5.8m] probe     bmm/out-128x64x512/fp32/slice/random   B= 28672 s0 sample -> ok             err=5.29e-07 bad=0/271 wall=9.25s
[   6.0m] probe     bmm/out-128x64x512/fp32/slice/random   B= 32766 s0 sample -> ok             err=5.13e-07 bad=0/271 wall=10.16s
[   6.2m] probe     bmm/out-128x64x512/fp32/slice/random   B= 32767 s0 sample -> ok             err=5.13e-07 bad=0/271 wall=10.23s
[   6.4m] probe     bmm/out-128x64x512/fp32/slice/random   B= 32768 s0 sample -> ok             err=5.13e-07 bad=0/271 wall=10.33s
[   6.5m] probe     bmm/out-128x64x512/fp32/slice/random   B= 32769 s0 sample -> ok             err=4.64e-07 bad=0/271 wall=10.4s
[   6.7m] probe     bmm/out-128x64x512/fp32/slice/random   B= 32770 s0 sample -> ok             err=5.69e-07 bad=0/271 wall=10.48s
[   6.9m] probe     bmm/out-128x64x512/fp32/slice/random   B= 40960 s0 sample -> ok             err=4.58e-07 bad=0/274 wall=12.3s
[   7.1m] probe     bmm/out-128x64x512/fp32/slice/random   B= 49152 s0 sample -> ok             err=4.94e-07 bad=0/274 wall=13.85s
[   7.4m] probe     bmm/out-128x64x512/fp32/slice/random   B= 57344 s0 sample -> ok             err=5.29e-07 bad=0/281 wall=16.2s
[   7.7m] probe     bmm/out-128x64x512/fp32/slice/random   B= 65534 s0 sample -> ok             err=5.93e-07 bad=0/281 wall=17.73s
[   8.0m] probe     bmm/out-128x64x512/fp32/slice/random   B= 65535 s0 sample -> ok             err=4.79e-07 bad=0/281 wall=17.6s
[   8.3m] probe     bmm/out-128x64x512/fp32/slice/random   B= 65536 s0 sample -> ok             err=4.64e-07 bad=0/281 wall=17.55s
[   8.6m] probe     bmm/out-128x64x512/fp32/slice/random   B= 65537 s0 sample -> ok             err=4.88e-07 bad=0/281 wall=17.67s
[   8.9m] probe     bmm/out-128x64x512/fp32/slice/random   B= 65538 s0 sample -> ok             err=5.69e-07 bad=0/281 wall=17.49s
[  10.4m] final     bmm/out-128x64x512/fp32/aT/random      B= 65538 s0 full   -> ok             err=6.03e-07 bad=0/65538 wall=91.28s
[  11.9m] final     bmm/out-128x64x512/fp32/aT/random      B= 65538 s1 full   -> ok             err=6.74e-07 bad=0/65538 wall=90.64s
[  13.4m] final     bmm/out-128x64x512/fp32/aT/random      B= 65538 s2 full   -> ok             err=6.19e-07 bad=0/65538 wall=91.77s
[  15.0m] final     bmm/out-128x64x512/fp32/slice/random   B= 65538 s0 full   -> ok             err=6.03e-07 bad=0/65538 wall=91.12s
[  16.5m] final     bmm/out-128x64x512/fp32/slice/random   B= 65538 s1 full   -> ok             err=6.74e-07 bad=0/65538 wall=90.35s
[  18.0m] final     bmm/out-128x64x512/fp32/slice/random   B= 65538 s2 full   -> ok             err=6.19e-07 bad=0/65538 wall=91.08s
# 新規 56 実行, 18.0 分。W&B の送信完了を待つ
-> /content/mb/results/summary/a100/20260919T145245-a100.md
